---
http_interactions:
- request:
    method: post
    uri: http://localhost:9292/auth/users
    body:
      encoding: UTF-8
      string: user[email]=joe.bloggs1389283586.785717566%40example.com&user[password]=s3kr!tpass
    headers: {}
  response:
    status:
      code: 201
      message: Created
    headers:
      X-Frame-Options:
      - SAMEORIGIN
      X-Xss-Protection:
      - 1; mode=block
      X-Content-Type-Options:
      - nosniff
      X-Ua-Compatible:
      - chrome=1
      Location:
      - http://localhost:9393/
      Content-Type:
      - application/json; charset=utf-8
      Etag:
      - '"6f7b0ee4bda04a5a8084f16497ef0aec"'
      Cache-Control:
      - max-age=0, private, must-revalidate
      X-Request-Id:
      - dc6357b2-1a37-4cae-808b-d56c28a28bf6
      X-Runtime:
      - '0.064954'
      Server:
      - WEBrick/1.3.1 (Ruby/2.0.0/2013-06-27)
      Date:
      - Thu, 09 Jan 2014 16:06:26 GMT
      Connection:
      - close
      Content-Length:
      - '100'
    body:
      encoding: UTF-8
      string: '{"email":"joe.bloggs1389283586.785717566@example.com","authentication_token":"z34UqzDCyLmzVxJAAJ8s"}'
    http_version: 
  recorded_at: Thu, 09 Jan 2014 16:06:26 GMT
- request:
    method: post
    uri: http://localhost:9292/auth/sessions
    body:
      encoding: UTF-8
      string: user[email]=joe.bloggs1389283586.785717566%40example.com&user[password]=s3kr!tpass
    headers: {}
  response:
    status:
      code: 201
      message: Created
    headers:
      X-Frame-Options:
      - SAMEORIGIN
      X-Xss-Protection:
      - 1; mode=block
      X-Content-Type-Options:
      - nosniff
      X-Ua-Compatible:
      - chrome=1
      Location:
      - http://localhost:9393/
      Content-Type:
      - application/json; charset=utf-8
      Etag:
      - '"6f7b0ee4bda04a5a8084f16497ef0aec"'
      Cache-Control:
      - max-age=0, private, must-revalidate
      X-Request-Id:
      - d21ec5c9-911f-4340-8330-be0b48bda538
      X-Runtime:
      - '0.063650'
      Server:
      - WEBrick/1.3.1 (Ruby/2.0.0/2013-06-27)
      Date:
      - Thu, 09 Jan 2014 16:06:27 GMT
      Connection:
      - close
      Content-Length:
      - '100'
    body:
      encoding: UTF-8
      string: '{"email":"joe.bloggs1389283586.785717566@example.com","authentication_token":"z34UqzDCyLmzVxJAAJ8s"}'
    http_version: 
  recorded_at: Thu, 09 Jan 2014 16:06:27 GMT
- request:
    method: get
    uri: http://localhost:9292/api/applicants/current.json
    body:
      encoding: US-ASCII
      string: ''
    headers:
      Accept:
      - application/json
      Secure-Token:
      - z34UqzDCyLmzVxJAAJ8s
      Accept-Encoding:
      - gzip;q=1.0,deflate;q=0.6,identity;q=0.3
      User-Agent:
      - Ruby
  response:
    status:
      code: 403
      message: Forbidden
    headers:
      Content-Type:
      - application/json
      Content-Length:
      - '21'
      Connection:
      - keep-alive
      Server:
      - thin 1.6.1 codename Death Proof
    body:
      encoding: UTF-8
      string: '{"error":"Forbidden"}'
    http_version: 
  recorded_at: Thu, 09 Jan 2014 16:06:27 GMT
- request:
    method: get
    uri: http://localhost:9292/api/applicants/current.json
    body:
      encoding: US-ASCII
      string: ''
    headers:
      Accept:
      - application/json
      Secure-Token:
      - z34UqzDCyLmzVxJAAJ8s
      Accept-Encoding:
      - gzip;q=1.0,deflate;q=0.6,identity;q=0.3
      User-Agent:
      - Ruby
  response:
    status:
      code: 403
      message: Forbidden
    headers:
      Content-Type:
      - application/json
      Content-Length:
      - '21'
      Connection:
      - keep-alive
      Server:
      - thin 1.6.1 codename Death Proof
    body:
      encoding: UTF-8
      string: '{"error":"Forbidden"}'
    http_version: 
  recorded_at: Thu, 09 Jan 2014 16:06:27 GMT
- request:
    method: get
    uri: http://localhost:9292/api/applicants/current.json
    body:
      encoding: US-ASCII
      string: ''
    headers:
      Accept:
      - application/json
      Secure-Token:
      - z34UqzDCyLmzVxJAAJ8s
      Accept-Encoding:
      - gzip;q=1.0,deflate;q=0.6,identity;q=0.3
      User-Agent:
      - Ruby
  response:
    status:
      code: 403
      message: Forbidden
    headers:
      Content-Type:
      - application/json
      Content-Length:
      - '21'
      Connection:
      - keep-alive
      Server:
      - thin 1.6.1 codename Death Proof
    body:
      encoding: UTF-8
      string: '{"error":"Forbidden"}'
    http_version: 
  recorded_at: Thu, 09 Jan 2014 16:06:27 GMT
- request:
    method: post
    uri: http://localhost:9292/api/applicants.json
    body:
      encoding: UTF-8
      string: '{"address":{"address_line1":"102 Petty France","address_line2":"","address_line3":"","town":"Westminster","county":"London","post_code":"SW1H
        9AJ","country":"Great Britain"},"lpas":[],"title":"Mr","first_name":"Johnny","middle_names":"","last_name":"Smithson","date_of_birth":"1970-01-31T00:00:00+01:00"}'
    headers:
      Content-Type:
      - application/json
      Secure-Token:
      - z34UqzDCyLmzVxJAAJ8s
      Accept-Encoding:
      - gzip;q=1.0,deflate;q=0.6,identity;q=0.3
      Accept:
      - '*/*'
      User-Agent:
      - Ruby
  response:
    status:
      code: 201
      message: Created
    headers:
      Content-Type:
      - application/json
      Content-Length:
      - '386'
      Connection:
      - keep-alive
      Server:
      - thin 1.6.1 codename Death Proof
    body:
      encoding: UTF-8
      string: '{"id":"52cec90377776b2598260300","uri":"http://localhost/api/applicants.json/52cec90377776b2598260300.json","date_of_birth":"1970-01-31","title":"Mr","first_name":"Johnny","middle_names":"","last_name":"Smithson","address":{"address_line1":"102
        Petty France","address_line2":"","address_line3":"","town":"Westminster","county":"London","post_code":"SW1H
        9AJ","country":"Great Britain"}}'
    http_version: 
  recorded_at: Thu, 09 Jan 2014 16:06:27 GMT
- request:
    method: get
    uri: http://localhost:9292/api/applicants/current.json
    body:
      encoding: US-ASCII
      string: ''
    headers:
      Accept:
      - application/json
      Secure-Token:
      - z34UqzDCyLmzVxJAAJ8s
      Accept-Encoding:
      - gzip;q=1.0,deflate;q=0.6,identity;q=0.3
      User-Agent:
      - Ruby
  response:
    status:
      code: 200
      message: OK
    headers:
      Content-Type:
      - application/json
      Content-Length:
      - '396'
      Connection:
      - keep-alive
      Server:
      - thin 1.6.1 codename Death Proof
    body:
      encoding: UTF-8
      string: '{"id":"52cec90377776b2598260300","uri":"http://localhost/api/applicants.json/52cec90377776b2598260300.json","date_of_birth":"1970-01-31","title":"Mr","first_name":"Johnny","middle_names":"","last_name":"Smithson","address":{"address_line1":"102
        Petty France","address_line2":"","address_line3":"","town":"Westminster","county":"London","post_code":"SW1H
        9AJ","country":"Great Britain"},"lpas":[]}'
    http_version: 
  recorded_at: Thu, 09 Jan 2014 16:06:27 GMT
- request:
    method: get
    uri: http://localhost:9292/api/applicants/current.json
    body:
      encoding: US-ASCII
      string: ''
    headers:
      Accept:
      - application/json
      Secure-Token:
      - z34UqzDCyLmzVxJAAJ8s
      Accept-Encoding:
      - gzip;q=1.0,deflate;q=0.6,identity;q=0.3
      User-Agent:
      - Ruby
  response:
    status:
      code: 200
      message: OK
    headers:
      Content-Type:
      - application/json
      Content-Length:
      - '396'
      Connection:
      - keep-alive
      Server:
      - thin 1.6.1 codename Death Proof
    body:
      encoding: UTF-8
      string: '{"id":"52cec90377776b2598260300","uri":"http://localhost/api/applicants.json/52cec90377776b2598260300.json","date_of_birth":"1970-01-31","title":"Mr","first_name":"Johnny","middle_names":"","last_name":"Smithson","address":{"address_line1":"102
        Petty France","address_line2":"","address_line3":"","town":"Westminster","county":"London","post_code":"SW1H
        9AJ","country":"Great Britain"},"lpas":[]}'
    http_version: 
  recorded_at: Thu, 09 Jan 2014 16:06:27 GMT
- request:
    method: post
    uri: http://localhost:9292/api/lpas.json
    body:
      encoding: UTF-8
      string: '{"donor":null,"certificate_provider":null,"certificate_provider2":null,"people_to_be_told":[],"attorneys":[],"replacement_attorneys":[],"registration_applicants":{"type":"","ids":[]},"applicant_id":"52cec90377776b2598260300"}'
    headers:
      Content-Type:
      - application/json
      Secure-Token:
      - z34UqzDCyLmzVxJAAJ8s
      Accept-Encoding:
      - gzip;q=1.0,deflate;q=0.6,identity;q=0.3
      Accept:
      - '*/*'
      User-Agent:
      - Ruby
  response:
    status:
      code: 201
      message: Created
    headers:
      Content-Type:
      - application/json
      Content-Length:
      - '613'
      Connection:
      - keep-alive
      Server:
      - thin 1.6.1 codename Death Proof
    body:
      encoding: UTF-8
      string: '{"id":"52cec90377776b2598280300","uri":"http://localhost/api/lpas.json/52cec90377776b2598280300.json","registration_applicants":{"type":"","ids":[]},"applicant":{"id":"52cec90377776b2598260300","uri":"http://localhost/api/applicants.json/52cec90377776b2598260300.json","date_of_birth":"1970-01-31","title":"Mr","first_name":"Johnny","middle_names":"","last_name":"Smithson","address":{"address_line1":"102
        Petty France","address_line2":"","address_line3":"","town":"Westminster","county":"London","post_code":"SW1H
        9AJ","country":"Great Britain"}},"attorneys":[],"replacement_attorneys":[],"people_to_be_told":[]}'
    http_version: 
  recorded_at: Thu, 09 Jan 2014 16:06:27 GMT
- request:
    method: get
    uri: http://localhost:9292/api/applicants/current.json
    body:
      encoding: US-ASCII
      string: ''
    headers:
      Accept:
      - application/json
      Secure-Token:
      - z34UqzDCyLmzVxJAAJ8s
      Accept-Encoding:
      - gzip;q=1.0,deflate;q=0.6,identity;q=0.3
      User-Agent:
      - Ruby
  response:
    status:
      code: 200
      message: OK
    headers:
      Content-Type:
      - application/json
      Content-Length:
      - '564'
      Connection:
      - keep-alive
      Server:
      - thin 1.6.1 codename Death Proof
    body:
      encoding: UTF-8
      string: '{"id":"52cec90377776b2598260300","uri":"http://localhost/api/applicants.json/52cec90377776b2598260300.json","date_of_birth":"1970-01-31","title":"Mr","first_name":"Johnny","middle_names":"","last_name":"Smithson","address":{"address_line1":"102
        Petty France","address_line2":"","address_line3":"","town":"Westminster","county":"London","post_code":"SW1H
        9AJ","country":"Great Britain"},"lpas":[{"id":"52cec90377776b2598280300","uri":"http://localhost/api/lpas.json/52cec90377776b2598280300.json","donor":null,"type":null,"updated_at":"2014-01-09T16:06:27+00:00"}]}'
    http_version: 
  recorded_at: Thu, 09 Jan 2014 16:06:27 GMT
- request:
    method: get
    uri: http://localhost:9292/api/applicants/current.json
    body:
      encoding: US-ASCII
      string: ''
    headers:
      Accept:
      - application/json
      Secure-Token:
      - z34UqzDCyLmzVxJAAJ8s
      Accept-Encoding:
      - gzip;q=1.0,deflate;q=0.6,identity;q=0.3
      User-Agent:
      - Ruby
  response:
    status:
      code: 200
      message: OK
    headers:
      Content-Type:
      - application/json
      Content-Length:
      - '564'
      Connection:
      - keep-alive
      Server:
      - thin 1.6.1 codename Death Proof
    body:
      encoding: UTF-8
      string: '{"id":"52cec90377776b2598260300","uri":"http://localhost/api/applicants.json/52cec90377776b2598260300.json","date_of_birth":"1970-01-31","title":"Mr","first_name":"Johnny","middle_names":"","last_name":"Smithson","address":{"address_line1":"102
        Petty France","address_line2":"","address_line3":"","town":"Westminster","county":"London","post_code":"SW1H
        9AJ","country":"Great Britain"},"lpas":[{"id":"52cec90377776b2598280300","uri":"http://localhost/api/lpas.json/52cec90377776b2598280300.json","donor":null,"type":null,"updated_at":"2014-01-09T16:06:27+00:00"}]}'
    http_version: 
  recorded_at: Thu, 09 Jan 2014 16:06:27 GMT
- request:
    method: get
    uri: http://localhost:9292/api/lpas/52cec90377776b2598280300.json
    body:
      encoding: US-ASCII
      string: ''
    headers:
      Accept:
      - application/json
      Secure-Token:
      - z34UqzDCyLmzVxJAAJ8s
      Accept-Encoding:
      - gzip;q=1.0,deflate;q=0.6,identity;q=0.3
      User-Agent:
      - Ruby
  response:
    status:
      code: 200
      message: OK
    headers:
      Content-Type:
      - application/json
      Content-Length:
      - '613'
      Connection:
      - keep-alive
      Server:
      - thin 1.6.1 codename Death Proof
    body:
      encoding: UTF-8
      string: '{"id":"52cec90377776b2598280300","uri":"http://localhost/api/lpas.json/52cec90377776b2598280300.json","registration_applicants":{"type":"","ids":[]},"applicant":{"id":"52cec90377776b2598260300","uri":"http://localhost/api/applicants.json/52cec90377776b2598260300.json","date_of_birth":"1970-01-31","title":"Mr","first_name":"Johnny","middle_names":"","last_name":"Smithson","address":{"address_line1":"102
        Petty France","address_line2":"","address_line3":"","town":"Westminster","county":"London","post_code":"SW1H
        9AJ","country":"Great Britain"}},"attorneys":[],"replacement_attorneys":[],"people_to_be_told":[]}'
    http_version: 
  recorded_at: Thu, 09 Jan 2014 16:06:27 GMT
- request:
    method: get
    uri: http://localhost:9292/api/applicants/current.json
    body:
      encoding: US-ASCII
      string: ''
    headers:
      Accept:
      - application/json
      Secure-Token:
      - z34UqzDCyLmzVxJAAJ8s
      Accept-Encoding:
      - gzip;q=1.0,deflate;q=0.6,identity;q=0.3
      User-Agent:
      - Ruby
  response:
    status:
      code: 200
      message: OK
    headers:
      Content-Type:
      - application/json
      Content-Length:
      - '564'
      Connection:
      - keep-alive
      Server:
      - thin 1.6.1 codename Death Proof
    body:
      encoding: UTF-8
      string: '{"id":"52cec90377776b2598260300","uri":"http://localhost/api/applicants.json/52cec90377776b2598260300.json","date_of_birth":"1970-01-31","title":"Mr","first_name":"Johnny","middle_names":"","last_name":"Smithson","address":{"address_line1":"102
        Petty France","address_line2":"","address_line3":"","town":"Westminster","county":"London","post_code":"SW1H
        9AJ","country":"Great Britain"},"lpas":[{"id":"52cec90377776b2598280300","uri":"http://localhost/api/lpas.json/52cec90377776b2598280300.json","donor":null,"type":null,"updated_at":"2014-01-09T16:06:27+00:00"}]}'
    http_version: 
  recorded_at: Thu, 09 Jan 2014 16:06:27 GMT
- request:
    method: get
    uri: http://localhost:9292/api/lpas/52cec90377776b2598280300.json
    body:
      encoding: US-ASCII
      string: ''
    headers:
      Accept:
      - application/json
      Secure-Token:
      - z34UqzDCyLmzVxJAAJ8s
      Accept-Encoding:
      - gzip;q=1.0,deflate;q=0.6,identity;q=0.3
      User-Agent:
      - Ruby
  response:
    status:
      code: 200
      message: OK
    headers:
      Content-Type:
      - application/json
      Content-Length:
      - '613'
      Connection:
      - keep-alive
      Server:
      - thin 1.6.1 codename Death Proof
    body:
      encoding: UTF-8
      string: '{"id":"52cec90377776b2598280300","uri":"http://localhost/api/lpas.json/52cec90377776b2598280300.json","registration_applicants":{"type":"","ids":[]},"applicant":{"id":"52cec90377776b2598260300","uri":"http://localhost/api/applicants.json/52cec90377776b2598260300.json","date_of_birth":"1970-01-31","title":"Mr","first_name":"Johnny","middle_names":"","last_name":"Smithson","address":{"address_line1":"102
        Petty France","address_line2":"","address_line3":"","town":"Westminster","county":"London","post_code":"SW1H
        9AJ","country":"Great Britain"}},"attorneys":[],"replacement_attorneys":[],"people_to_be_told":[]}'
    http_version: 
  recorded_at: Thu, 09 Jan 2014 16:06:27 GMT
- request:
    method: put
    uri: http://localhost:9292/api/lpas/52cec90377776b2598280300.json
    body:
      encoding: UTF-8
      string: '{"donor":null,"certificate_provider":null,"certificate_provider2":null,"people_to_be_told":[],"attorneys":[],"replacement_attorneys":[],"registration_applicants":{"type":"","ids":[]},"id":"52cec90377776b2598280300","uri":"http://localhost/api/lpas.json/52cec90377776b2598280300.json","applicant":{"address":{"address_line1":"102
        Petty France","address_line2":"","address_line3":"","town":"Westminster","county":"London","post_code":"SW1H
        9AJ","country":"Great Britain"},"lpas":[],"id":"52cec90377776b2598260300","uri":"http://localhost/api/applicants.json/52cec90377776b2598260300.json","date_of_birth":"1970-01-31","title":"Mr","first_name":"Johnny","middle_names":"","last_name":"Smithson"},"type":"Property
        and financial affairs"}'
    headers:
      Content-Type:
      - application/json
      Secure-Token:
      - z34UqzDCyLmzVxJAAJ8s
      Accept-Encoding:
      - gzip;q=1.0,deflate;q=0.6,identity;q=0.3
      Accept:
      - '*/*'
      User-Agent:
      - Ruby
  response:
    status:
      code: 200
      message: OK
    headers:
      Content-Type:
      - application/json
      Content-Length:
      - '653'
      Connection:
      - keep-alive
      Server:
      - thin 1.6.1 codename Death Proof
    body:
      encoding: UTF-8
      string: '{"id":"52cec90377776b2598280300","uri":"http://localhost/api/lpas.json/52cec90377776b2598280300.json","type":"Property
        and financial affairs","registration_applicants":{"type":"","ids":[]},"applicant":{"id":"52cec90377776b2598260300","uri":"http://localhost/api/applicants.json/52cec90377776b2598260300.json","date_of_birth":"1970-01-31","title":"Mr","first_name":"Johnny","middle_names":"","last_name":"Smithson","address":{"address_line1":"102
        Petty France","address_line2":"","address_line3":"","town":"Westminster","county":"London","post_code":"SW1H
        9AJ","country":"Great Britain"}},"attorneys":[],"replacement_attorneys":[],"people_to_be_told":[]}'
    http_version: 
  recorded_at: Thu, 09 Jan 2014 16:06:27 GMT
- request:
    method: put
    uri: http://localhost:9292/api/lpas/52cec90377776b2598280300.json
    body:
      encoding: UTF-8
      string: '{"donor":null,"certificate_provider":null,"certificate_provider2":null,"people_to_be_told":[],"attorneys":[],"replacement_attorneys":[],"registration_applicants":{"type":"","ids":[]},"id":"52cec90377776b2598280300","uri":"http://localhost/api/lpas.json/52cec90377776b2598280300.json","applicant":{"address":{"address_line1":"102
        Petty France","address_line2":"","address_line3":"","town":"Westminster","county":"London","post_code":"SW1H
        9AJ","country":"Great Britain"},"lpas":[],"id":"52cec90377776b2598260300","uri":"http://localhost/api/applicants.json/52cec90377776b2598260300.json","date_of_birth":"1970-01-31","title":"Mr","first_name":"Johnny","middle_names":"","last_name":"Smithson"},"type":"Property
        and financial affairs"}'
    headers:
      Content-Type:
      - application/json
      Secure-Token:
      - z34UqzDCyLmzVxJAAJ8s
      Accept-Encoding:
      - gzip;q=1.0,deflate;q=0.6,identity;q=0.3
      Accept:
      - '*/*'
      User-Agent:
      - Ruby
  response:
    status:
      code: 200
      message: OK
    headers:
      Content-Type:
      - application/json
      Content-Length:
      - '653'
      Connection:
      - keep-alive
      Server:
      - thin 1.6.1 codename Death Proof
    body:
      encoding: UTF-8
      string: '{"id":"52cec90377776b2598280300","uri":"http://localhost/api/lpas.json/52cec90377776b2598280300.json","type":"Property
        and financial affairs","registration_applicants":{"type":"","ids":[]},"applicant":{"id":"52cec90377776b2598260300","uri":"http://localhost/api/applicants.json/52cec90377776b2598260300.json","date_of_birth":"1970-01-31","title":"Mr","first_name":"Johnny","middle_names":"","last_name":"Smithson","address":{"address_line1":"102
        Petty France","address_line2":"","address_line3":"","town":"Westminster","county":"London","post_code":"SW1H
        9AJ","country":"Great Britain"}},"attorneys":[],"replacement_attorneys":[],"people_to_be_told":[]}'
    http_version: 
  recorded_at: Thu, 09 Jan 2014 16:06:27 GMT
- request:
    method: get
    uri: http://localhost:9292/api/applicants/current.json
    body:
      encoding: US-ASCII
      string: ''
    headers:
      Accept:
      - application/json
      Secure-Token:
      - z34UqzDCyLmzVxJAAJ8s
      Accept-Encoding:
      - gzip;q=1.0,deflate;q=0.6,identity;q=0.3
      User-Agent:
      - Ruby
  response:
    status:
      code: 200
      message: OK
    headers:
      Content-Type:
      - application/json
      Content-Length:
      - '592'
      Connection:
      - keep-alive
      Server:
      - thin 1.6.1 codename Death Proof
    body:
      encoding: UTF-8
      string: '{"id":"52cec90377776b2598260300","uri":"http://localhost/api/applicants.json/52cec90377776b2598260300.json","date_of_birth":"1970-01-31","title":"Mr","first_name":"Johnny","middle_names":"","last_name":"Smithson","address":{"address_line1":"102
        Petty France","address_line2":"","address_line3":"","town":"Westminster","county":"London","post_code":"SW1H
        9AJ","country":"Great Britain"},"lpas":[{"id":"52cec90377776b2598280300","uri":"http://localhost/api/lpas.json/52cec90377776b2598280300.json","donor":null,"type":"Property
        and financial affairs","updated_at":"2014-01-09T16:06:27+00:00"}]}'
    http_version: 
  recorded_at: Thu, 09 Jan 2014 16:06:27 GMT
- request:
    method: get
    uri: http://localhost:9292/api/lpas/52cec90377776b2598280300.json
    body:
      encoding: US-ASCII
      string: ''
    headers:
      Accept:
      - application/json
      Secure-Token:
      - z34UqzDCyLmzVxJAAJ8s
      Accept-Encoding:
      - gzip;q=1.0,deflate;q=0.6,identity;q=0.3
      User-Agent:
      - Ruby
  response:
    status:
      code: 200
      message: OK
    headers:
      Content-Type:
      - application/json
      Content-Length:
      - '653'
      Connection:
      - keep-alive
      Server:
      - thin 1.6.1 codename Death Proof
    body:
      encoding: UTF-8
      string: '{"id":"52cec90377776b2598280300","uri":"http://localhost/api/lpas.json/52cec90377776b2598280300.json","type":"Property
        and financial affairs","registration_applicants":{"type":"","ids":[]},"applicant":{"id":"52cec90377776b2598260300","uri":"http://localhost/api/applicants.json/52cec90377776b2598260300.json","date_of_birth":"1970-01-31","title":"Mr","first_name":"Johnny","middle_names":"","last_name":"Smithson","address":{"address_line1":"102
        Petty France","address_line2":"","address_line3":"","town":"Westminster","county":"London","post_code":"SW1H
        9AJ","country":"Great Britain"}},"attorneys":[],"replacement_attorneys":[],"people_to_be_told":[]}'
    http_version: 
  recorded_at: Thu, 09 Jan 2014 16:06:27 GMT
- request:
    method: get
    uri: http://localhost:9292/api/applicants/current.json
    body:
      encoding: US-ASCII
      string: ''
    headers:
      Accept:
      - application/json
      Secure-Token:
      - z34UqzDCyLmzVxJAAJ8s
      Accept-Encoding:
      - gzip;q=1.0,deflate;q=0.6,identity;q=0.3
      User-Agent:
      - Ruby
  response:
    status:
      code: 200
      message: OK
    headers:
      Content-Type:
      - application/json
      Content-Length:
      - '592'
      Connection:
      - keep-alive
      Server:
      - thin 1.6.1 codename Death Proof
    body:
      encoding: UTF-8
      string: '{"id":"52cec90377776b2598260300","uri":"http://localhost/api/applicants.json/52cec90377776b2598260300.json","date_of_birth":"1970-01-31","title":"Mr","first_name":"Johnny","middle_names":"","last_name":"Smithson","address":{"address_line1":"102
        Petty France","address_line2":"","address_line3":"","town":"Westminster","county":"London","post_code":"SW1H
        9AJ","country":"Great Britain"},"lpas":[{"id":"52cec90377776b2598280300","uri":"http://localhost/api/lpas.json/52cec90377776b2598280300.json","donor":null,"type":"Property
        and financial affairs","updated_at":"2014-01-09T16:06:27+00:00"}]}'
    http_version: 
  recorded_at: Thu, 09 Jan 2014 16:06:28 GMT
- request:
    method: get
    uri: http://localhost:9292/api/lpas/52cec90377776b2598280300.json
    body:
      encoding: US-ASCII
      string: ''
    headers:
      Accept:
      - application/json
      Secure-Token:
      - z34UqzDCyLmzVxJAAJ8s
      Accept-Encoding:
      - gzip;q=1.0,deflate;q=0.6,identity;q=0.3
      User-Agent:
      - Ruby
  response:
    status:
      code: 200
      message: OK
    headers:
      Content-Type:
      - application/json
      Content-Length:
      - '653'
      Connection:
      - keep-alive
      Server:
      - thin 1.6.1 codename Death Proof
    body:
      encoding: UTF-8
      string: '{"id":"52cec90377776b2598280300","uri":"http://localhost/api/lpas.json/52cec90377776b2598280300.json","type":"Property
        and financial affairs","registration_applicants":{"type":"","ids":[]},"applicant":{"id":"52cec90377776b2598260300","uri":"http://localhost/api/applicants.json/52cec90377776b2598260300.json","date_of_birth":"1970-01-31","title":"Mr","first_name":"Johnny","middle_names":"","last_name":"Smithson","address":{"address_line1":"102
        Petty France","address_line2":"","address_line3":"","town":"Westminster","county":"London","post_code":"SW1H
        9AJ","country":"Great Britain"}},"attorneys":[],"replacement_attorneys":[],"people_to_be_told":[]}'
    http_version: 
  recorded_at: Thu, 09 Jan 2014 16:06:28 GMT
- request:
    method: put
    uri: http://localhost:9292/api/lpas/52cec90377776b2598280300.json
    body:
      encoding: UTF-8
      string: '{"donor":{"address":{"address_line1":"102 Petty France","address_line2":"","address_line3":"","town":"Westminster","county":"London","post_code":"SW1H
        9AJ","country":"Great Britain"},"title":"Mr","first_name":"","middle_names":"","last_name":"Smithson","email":"","phone":""},"certificate_provider":null,"certificate_provider2":null,"people_to_be_told":[],"attorneys":[],"replacement_attorneys":[],"registration_applicants":{"type":"","ids":[]},"id":"52cec90377776b2598280300","uri":"http://localhost/api/lpas.json/52cec90377776b2598280300.json","type":"Property
        and financial affairs","applicant":{"address":{"address_line1":"102 Petty
        France","address_line2":"","address_line3":"","town":"Westminster","county":"London","post_code":"SW1H
        9AJ","country":"Great Britain"},"lpas":[],"id":"52cec90377776b2598260300","uri":"http://localhost/api/applicants.json/52cec90377776b2598260300.json","date_of_birth":"1970-01-31","title":"Mr","first_name":"Johnny","middle_names":"","last_name":"Smithson"}}'
    headers:
      Content-Type:
      - application/json
      Secure-Token:
      - z34UqzDCyLmzVxJAAJ8s
      Accept-Encoding:
      - gzip;q=1.0,deflate;q=0.6,identity;q=0.3
      Accept:
      - '*/*'
      User-Agent:
      - Ruby
  response:
    status:
      code: 422
      message: ''
    headers:
      Content-Type:
      - application/json
      Content-Length:
      - '151'
      Connection:
      - keep-alive
      Server:
      - thin 1.6.1 codename Death Proof
    body:
      encoding: UTF-8
      string: '{"errors":{"donor":{"date_of_birth":["can''t be blank","is an invalid
        date"],"first_name":["can''t be blank","is too short (minimum is 2 characters)"]}}}'
    http_version: 
  recorded_at: Thu, 09 Jan 2014 16:06:28 GMT
- request:
    method: put
    uri: http://localhost:9292/api/lpas/52cec90377776b2598280300.json
    body:
      encoding: UTF-8
      string: '{"donor":{"address":{"address_line1":"102 Petty France","address_line2":"","address_line3":"","town":"Westminster","county":"London","post_code":"SW1H
        9AJ","country":"Great Britain"},"title":"Mr","first_name":"","middle_names":"","last_name":"Smithson","email":"","phone":""},"certificate_provider":null,"certificate_provider2":null,"people_to_be_told":[],"attorneys":[],"replacement_attorneys":[],"registration_applicants":{"type":"","ids":[]},"id":"52cec90377776b2598280300","uri":"http://localhost/api/lpas.json/52cec90377776b2598280300.json","type":"Property
        and financial affairs","applicant":{"address":{"address_line1":"102 Petty
        France","address_line2":"","address_line3":"","town":"Westminster","county":"London","post_code":"SW1H
        9AJ","country":"Great Britain"},"lpas":[],"id":"52cec90377776b2598260300","uri":"http://localhost/api/applicants.json/52cec90377776b2598260300.json","date_of_birth":"1970-01-31","title":"Mr","first_name":"Johnny","middle_names":"","last_name":"Smithson"}}'
    headers:
      Content-Type:
      - application/json
      Secure-Token:
      - z34UqzDCyLmzVxJAAJ8s
      Accept-Encoding:
      - gzip;q=1.0,deflate;q=0.6,identity;q=0.3
      Accept:
      - '*/*'
      User-Agent:
      - Ruby
  response:
    status:
      code: 422
      message: ''
    headers:
      Content-Type:
      - application/json
      Content-Length:
      - '151'
      Connection:
      - keep-alive
      Server:
      - thin 1.6.1 codename Death Proof
    body:
      encoding: UTF-8
      string: '{"errors":{"donor":{"date_of_birth":["can''t be blank","is an invalid
        date"],"first_name":["can''t be blank","is too short (minimum is 2 characters)"]}}}'
    http_version: 
  recorded_at: Thu, 09 Jan 2014 16:06:28 GMT
recorded_with: VCR 2.7.0
