---
http_interactions:
- request:
    method: post
    uri: http://localhost:9292/auth/users
    body:
      encoding: UTF-8
      string: user[email]=joe.bloggs1386264269.015481567%40example.com&user[password]=s3kr!tpass
    headers: {}
  response:
    status:
      code: 201
      message: Created
    headers:
      X-Frame-Options:
      - SAMEORIGIN
      X-Xss-Protection:
      - 1; mode=block
      X-Content-Type-Options:
      - nosniff
      X-Ua-Compatible:
      - chrome=1
      Location:
      - http://localhost:9393/
      Content-Type:
      - application/json; charset=utf-8
      Etag:
      - '"e471014a293f16d8d7a308451bc59128"'
      Cache-Control:
      - max-age=0, private, must-revalidate
      X-Request-Id:
      - 646a15d9-55d7-4242-9267-feb1b2d7c9d4
      X-Runtime:
      - '0.069011'
      Server:
      - WEBrick/1.3.1 (Ruby/2.0.0/2013-06-27)
      Date:
      - Thu, 05 Dec 2013 17:24:29 GMT
      Connection:
      - close
      Content-Length:
      - '100'
    body:
      encoding: UTF-8
      string: '{"email":"joe.bloggs1386264269.015481567@example.com","authentication_token":"WHUsUdkZH2Uv3CjUg5sG"}'
    http_version: 
  recorded_at: Thu, 05 Dec 2013 17:24:29 GMT
- request:
    method: post
    uri: http://localhost:9292/auth/users/sign_in
    body:
      encoding: UTF-8
      string: user[email]=joe.bloggs1386264269.015481567%40example.com&user[password]=s3kr!tpass
    headers: {}
  response:
    status:
      code: 201
      message: Created
    headers:
      X-Frame-Options:
      - SAMEORIGIN
      X-Xss-Protection:
      - 1; mode=block
      X-Content-Type-Options:
      - nosniff
      X-Ua-Compatible:
      - chrome=1
      Location:
      - http://localhost:9393/
      Content-Type:
      - application/json; charset=utf-8
      Etag:
      - '"e471014a293f16d8d7a308451bc59128"'
      Cache-Control:
      - max-age=0, private, must-revalidate
      X-Request-Id:
      - cdef6b0e-8059-49bf-9fd5-7f11eaf1e9c0
      X-Runtime:
      - '0.067832'
      Server:
      - WEBrick/1.3.1 (Ruby/2.0.0/2013-06-27)
      Date:
      - Thu, 05 Dec 2013 17:24:29 GMT
      Connection:
      - close
      Content-Length:
      - '100'
    body:
      encoding: UTF-8
      string: '{"email":"joe.bloggs1386264269.015481567@example.com","authentication_token":"WHUsUdkZH2Uv3CjUg5sG"}'
    http_version: 
  recorded_at: Thu, 05 Dec 2013 17:24:29 GMT
- request:
    method: get
    uri: http://localhost:9292/api/applicants/current.json
    body:
      encoding: US-ASCII
      string: ''
    headers:
      Accept:
      - application/json
      Secure-Token:
      - WHUsUdkZH2Uv3CjUg5sG
      Accept-Encoding:
      - gzip;q=1.0,deflate;q=0.6,identity;q=0.3
      User-Agent:
      - Ruby
  response:
    status:
      code: 403
      message: Forbidden
    headers:
      Content-Type:
      - application/json
      Content-Length:
      - '21'
      Connection:
      - keep-alive
      Server:
      - thin 1.6.1 codename Death Proof
    body:
      encoding: UTF-8
      string: '{"error":"Forbidden"}'
    http_version: 
  recorded_at: Thu, 05 Dec 2013 17:24:29 GMT
- request:
    method: post
    uri: http://localhost:9292/api/applicants.json
    body:
      encoding: UTF-8
      string: '{"address":{"address_line1":"102 Petty France","address_line2":"","address_line3":"","town":"Westminster","county":"London","post_code":"SW1H
        9AJ","country":"Great Britain"},"lpas":[],"title":"Mr","first_name":"Johnny","middle_names":"","last_name":"Smithson","date_of_birth":"1970-01-31T00:00:00+01:00"}'
    headers:
      Content-Type:
      - application/json
      Secure-Token:
      - WHUsUdkZH2Uv3CjUg5sG
      Accept-Encoding:
      - gzip;q=1.0,deflate;q=0.6,identity;q=0.3
      Accept:
      - '*/*'
      User-Agent:
      - Ruby
  response:
    status:
      code: 201
      message: Created
    headers:
      Content-Type:
      - application/json
      Content-Length:
      - '386'
      Connection:
      - keep-alive
      Server:
      - thin 1.6.1 codename Death Proof
    body:
      encoding: UTF-8
      string: '{"id":"52a0b6cd526f6242e9220200","uri":"http://localhost/api/applicants.json/52a0b6cd526f6242e9220200.json","date_of_birth":"1970-01-31","title":"Mr","first_name":"Johnny","middle_names":"","last_name":"Smithson","address":{"address_line1":"102
        Petty France","address_line2":"","address_line3":"","town":"Westminster","county":"London","post_code":"SW1H
        9AJ","country":"Great Britain"}}'
    http_version: 
  recorded_at: Thu, 05 Dec 2013 17:24:29 GMT
- request:
    method: get
    uri: http://localhost:9292/api/applicants/current.json
    body:
      encoding: US-ASCII
      string: ''
    headers:
      Accept:
      - application/json
      Secure-Token:
      - WHUsUdkZH2Uv3CjUg5sG
      Accept-Encoding:
      - gzip;q=1.0,deflate;q=0.6,identity;q=0.3
      User-Agent:
      - Ruby
  response:
    status:
      code: 200
      message: OK
    headers:
      Content-Type:
      - application/json
      Content-Length:
      - '396'
      Connection:
      - keep-alive
      Server:
      - thin 1.6.1 codename Death Proof
    body:
      encoding: UTF-8
      string: '{"id":"52a0b6cd526f6242e9220200","uri":"http://localhost/api/applicants.json/52a0b6cd526f6242e9220200.json","date_of_birth":"1970-01-31","title":"Mr","first_name":"Johnny","middle_names":"","last_name":"Smithson","address":{"address_line1":"102
        Petty France","address_line2":"","address_line3":"","town":"Westminster","county":"London","post_code":"SW1H
        9AJ","country":"Great Britain"},"lpas":[]}'
    http_version: 
  recorded_at: Thu, 05 Dec 2013 17:24:29 GMT
- request:
    method: get
    uri: http://localhost:9292/api/applicants/current.json
    body:
      encoding: US-ASCII
      string: ''
    headers:
      Accept:
      - application/json
      Secure-Token:
      - WHUsUdkZH2Uv3CjUg5sG
      Accept-Encoding:
      - gzip;q=1.0,deflate;q=0.6,identity;q=0.3
      User-Agent:
      - Ruby
  response:
    status:
      code: 200
      message: OK
    headers:
      Content-Type:
      - application/json
      Content-Length:
      - '396'
      Connection:
      - keep-alive
      Server:
      - thin 1.6.1 codename Death Proof
    body:
      encoding: UTF-8
      string: '{"id":"52a0b6cd526f6242e9220200","uri":"http://localhost/api/applicants.json/52a0b6cd526f6242e9220200.json","date_of_birth":"1970-01-31","title":"Mr","first_name":"Johnny","middle_names":"","last_name":"Smithson","address":{"address_line1":"102
        Petty France","address_line2":"","address_line3":"","town":"Westminster","county":"London","post_code":"SW1H
        9AJ","country":"Great Britain"},"lpas":[]}'
    http_version: 
  recorded_at: Thu, 05 Dec 2013 17:24:29 GMT
- request:
    method: post
    uri: http://localhost:9292/api/lpas.json
    body:
      encoding: UTF-8
      string: '{"donor":null,"certificate_provider":null,"certificate_provider2":null,"people_to_be_told":[],"attorneys":[],"replacement_attorneys":[],"applicant_id":"52a0b6cd526f6242e9220200"}'
    headers:
      Content-Type:
      - application/json
      Secure-Token:
      - WHUsUdkZH2Uv3CjUg5sG
      Accept-Encoding:
      - gzip;q=1.0,deflate;q=0.6,identity;q=0.3
      Accept:
      - '*/*'
      User-Agent:
      - Ruby
  response:
    status:
      code: 201
      message: Created
    headers:
      Content-Type:
      - application/json
      Content-Length:
      - '566'
      Connection:
      - keep-alive
      Server:
      - thin 1.6.1 codename Death Proof
    body:
      encoding: UTF-8
      string: '{"id":"52a0b6cd526f6242e9240200","uri":"http://localhost/api/lpas.json/52a0b6cd526f6242e9240200.json","applicant":{"id":"52a0b6cd526f6242e9220200","uri":"http://localhost/api/applicants.json/52a0b6cd526f6242e9220200.json","date_of_birth":"1970-01-31","title":"Mr","first_name":"Johnny","middle_names":"","last_name":"Smithson","address":{"address_line1":"102
        Petty France","address_line2":"","address_line3":"","town":"Westminster","county":"London","post_code":"SW1H
        9AJ","country":"Great Britain"}},"attorneys":[],"replacement_attorneys":[],"people_to_be_told":[]}'
    http_version: 
  recorded_at: Thu, 05 Dec 2013 17:24:29 GMT
- request:
    method: get
    uri: http://localhost:9292/api/applicants/current.json
    body:
      encoding: US-ASCII
      string: ''
    headers:
      Accept:
      - application/json
      Secure-Token:
      - WHUsUdkZH2Uv3CjUg5sG
      Accept-Encoding:
      - gzip;q=1.0,deflate;q=0.6,identity;q=0.3
      User-Agent:
      - Ruby
  response:
    status:
      code: 200
      message: OK
    headers:
      Content-Type:
      - application/json
      Content-Length:
      - '564'
      Connection:
      - keep-alive
      Server:
      - thin 1.6.1 codename Death Proof
    body:
      encoding: UTF-8
      string: '{"id":"52a0b6cd526f6242e9220200","uri":"http://localhost/api/applicants.json/52a0b6cd526f6242e9220200.json","date_of_birth":"1970-01-31","title":"Mr","first_name":"Johnny","middle_names":"","last_name":"Smithson","address":{"address_line1":"102
        Petty France","address_line2":"","address_line3":"","town":"Westminster","county":"London","post_code":"SW1H
        9AJ","country":"Great Britain"},"lpas":[{"id":"52a0b6cd526f6242e9240200","uri":"http://localhost/api/lpas.json/52a0b6cd526f6242e9240200.json","donor":null,"type":null,"updated_at":"2013-12-05T17:24:29+00:00"}]}'
    http_version: 
  recorded_at: Thu, 05 Dec 2013 17:24:29 GMT
- request:
    method: get
    uri: http://localhost:9292/api/applicants/current.json
    body:
      encoding: US-ASCII
      string: ''
    headers:
      Accept:
      - application/json
      Secure-Token:
      - WHUsUdkZH2Uv3CjUg5sG
      Accept-Encoding:
      - gzip;q=1.0,deflate;q=0.6,identity;q=0.3
      User-Agent:
      - Ruby
  response:
    status:
      code: 200
      message: OK
    headers:
      Content-Type:
      - application/json
      Content-Length:
      - '564'
      Connection:
      - keep-alive
      Server:
      - thin 1.6.1 codename Death Proof
    body:
      encoding: UTF-8
      string: '{"id":"52a0b6cd526f6242e9220200","uri":"http://localhost/api/applicants.json/52a0b6cd526f6242e9220200.json","date_of_birth":"1970-01-31","title":"Mr","first_name":"Johnny","middle_names":"","last_name":"Smithson","address":{"address_line1":"102
        Petty France","address_line2":"","address_line3":"","town":"Westminster","county":"London","post_code":"SW1H
        9AJ","country":"Great Britain"},"lpas":[{"id":"52a0b6cd526f6242e9240200","uri":"http://localhost/api/lpas.json/52a0b6cd526f6242e9240200.json","donor":null,"type":null,"updated_at":"2013-12-05T17:24:29+00:00"}]}'
    http_version: 
  recorded_at: Thu, 05 Dec 2013 17:24:29 GMT
- request:
    method: get
    uri: http://localhost:9292/api/lpas/52a0b6cd526f6242e9240200.json
    body:
      encoding: US-ASCII
      string: ''
    headers:
      Accept:
      - application/json
      Secure-Token:
      - WHUsUdkZH2Uv3CjUg5sG
      Accept-Encoding:
      - gzip;q=1.0,deflate;q=0.6,identity;q=0.3
      User-Agent:
      - Ruby
  response:
    status:
      code: 200
      message: OK
    headers:
      Content-Type:
      - application/json
      Content-Length:
      - '566'
      Connection:
      - keep-alive
      Server:
      - thin 1.6.1 codename Death Proof
    body:
      encoding: UTF-8
      string: '{"id":"52a0b6cd526f6242e9240200","uri":"http://localhost/api/lpas.json/52a0b6cd526f6242e9240200.json","applicant":{"id":"52a0b6cd526f6242e9220200","uri":"http://localhost/api/applicants.json/52a0b6cd526f6242e9220200.json","date_of_birth":"1970-01-31","title":"Mr","first_name":"Johnny","middle_names":"","last_name":"Smithson","address":{"address_line1":"102
        Petty France","address_line2":"","address_line3":"","town":"Westminster","county":"London","post_code":"SW1H
        9AJ","country":"Great Britain"}},"attorneys":[],"replacement_attorneys":[],"people_to_be_told":[]}'
    http_version: 
  recorded_at: Thu, 05 Dec 2013 17:24:29 GMT
- request:
    method: get
    uri: http://localhost:9292/api/applicants/current.json
    body:
      encoding: US-ASCII
      string: ''
    headers:
      Accept:
      - application/json
      Secure-Token:
      - WHUsUdkZH2Uv3CjUg5sG
      Accept-Encoding:
      - gzip;q=1.0,deflate;q=0.6,identity;q=0.3
      User-Agent:
      - Ruby
  response:
    status:
      code: 200
      message: OK
    headers:
      Content-Type:
      - application/json
      Content-Length:
      - '564'
      Connection:
      - keep-alive
      Server:
      - thin 1.6.1 codename Death Proof
    body:
      encoding: UTF-8
      string: '{"id":"52a0b6cd526f6242e9220200","uri":"http://localhost/api/applicants.json/52a0b6cd526f6242e9220200.json","date_of_birth":"1970-01-31","title":"Mr","first_name":"Johnny","middle_names":"","last_name":"Smithson","address":{"address_line1":"102
        Petty France","address_line2":"","address_line3":"","town":"Westminster","county":"London","post_code":"SW1H
        9AJ","country":"Great Britain"},"lpas":[{"id":"52a0b6cd526f6242e9240200","uri":"http://localhost/api/lpas.json/52a0b6cd526f6242e9240200.json","donor":null,"type":null,"updated_at":"2013-12-05T17:24:29+00:00"}]}'
    http_version: 
  recorded_at: Thu, 05 Dec 2013 17:24:29 GMT
- request:
    method: get
    uri: http://localhost:9292/api/lpas/52a0b6cd526f6242e9240200.json
    body:
      encoding: US-ASCII
      string: ''
    headers:
      Accept:
      - application/json
      Secure-Token:
      - WHUsUdkZH2Uv3CjUg5sG
      Accept-Encoding:
      - gzip;q=1.0,deflate;q=0.6,identity;q=0.3
      User-Agent:
      - Ruby
  response:
    status:
      code: 200
      message: OK
    headers:
      Content-Type:
      - application/json
      Content-Length:
      - '566'
      Connection:
      - keep-alive
      Server:
      - thin 1.6.1 codename Death Proof
    body:
      encoding: UTF-8
      string: '{"id":"52a0b6cd526f6242e9240200","uri":"http://localhost/api/lpas.json/52a0b6cd526f6242e9240200.json","applicant":{"id":"52a0b6cd526f6242e9220200","uri":"http://localhost/api/applicants.json/52a0b6cd526f6242e9220200.json","date_of_birth":"1970-01-31","title":"Mr","first_name":"Johnny","middle_names":"","last_name":"Smithson","address":{"address_line1":"102
        Petty France","address_line2":"","address_line3":"","town":"Westminster","county":"London","post_code":"SW1H
        9AJ","country":"Great Britain"}},"attorneys":[],"replacement_attorneys":[],"people_to_be_told":[]}'
    http_version: 
  recorded_at: Thu, 05 Dec 2013 17:24:29 GMT
- request:
    method: put
    uri: http://localhost:9292/api/lpas/52a0b6cd526f6242e9240200.json
    body:
      encoding: UTF-8
      string: '{"donor":null,"certificate_provider":null,"certificate_provider2":null,"people_to_be_told":[],"attorneys":[],"replacement_attorneys":[],"id":"52a0b6cd526f6242e9240200","uri":"http://localhost/api/lpas.json/52a0b6cd526f6242e9240200.json","applicant":{"address":{"address_line1":"102
        Petty France","address_line2":"","address_line3":"","town":"Westminster","county":"London","post_code":"SW1H
        9AJ","country":"Great Britain"},"lpas":[],"id":"52a0b6cd526f6242e9220200","uri":"http://localhost/api/applicants.json/52a0b6cd526f6242e9220200.json","date_of_birth":"1970-01-31","title":"Mr","first_name":"Johnny","middle_names":"","last_name":"Smithson"},"type":"Property
        and financial affairs"}'
    headers:
      Content-Type:
      - application/json
      Secure-Token:
      - WHUsUdkZH2Uv3CjUg5sG
      Accept-Encoding:
      - gzip;q=1.0,deflate;q=0.6,identity;q=0.3
      Accept:
      - '*/*'
      User-Agent:
      - Ruby
  response:
    status:
      code: 200
      message: OK
    headers:
      Content-Type:
      - application/json
      Content-Length:
      - '606'
      Connection:
      - keep-alive
      Server:
      - thin 1.6.1 codename Death Proof
    body:
      encoding: UTF-8
      string: '{"id":"52a0b6cd526f6242e9240200","uri":"http://localhost/api/lpas.json/52a0b6cd526f6242e9240200.json","type":"Property
        and financial affairs","applicant":{"id":"52a0b6cd526f6242e9220200","uri":"http://localhost/api/applicants.json/52a0b6cd526f6242e9220200.json","date_of_birth":"1970-01-31","title":"Mr","first_name":"Johnny","middle_names":"","last_name":"Smithson","address":{"address_line1":"102
        Petty France","address_line2":"","address_line3":"","town":"Westminster","county":"London","post_code":"SW1H
        9AJ","country":"Great Britain"}},"attorneys":[],"replacement_attorneys":[],"people_to_be_told":[]}'
    http_version: 
  recorded_at: Thu, 05 Dec 2013 17:24:29 GMT
- request:
    method: put
    uri: http://localhost:9292/api/lpas/52a0b6cd526f6242e9240200.json
    body:
      encoding: UTF-8
      string: '{"donor":null,"certificate_provider":null,"certificate_provider2":null,"people_to_be_told":[],"attorneys":[],"replacement_attorneys":[],"id":"52a0b6cd526f6242e9240200","uri":"http://localhost/api/lpas.json/52a0b6cd526f6242e9240200.json","applicant":{"address":{"address_line1":"102
        Petty France","address_line2":"","address_line3":"","town":"Westminster","county":"London","post_code":"SW1H
        9AJ","country":"Great Britain"},"lpas":[],"id":"52a0b6cd526f6242e9220200","uri":"http://localhost/api/applicants.json/52a0b6cd526f6242e9220200.json","date_of_birth":"1970-01-31","title":"Mr","first_name":"Johnny","middle_names":"","last_name":"Smithson"},"type":"Property
        and financial affairs"}'
    headers:
      Content-Type:
      - application/json
      Secure-Token:
      - WHUsUdkZH2Uv3CjUg5sG
      Accept-Encoding:
      - gzip;q=1.0,deflate;q=0.6,identity;q=0.3
      Accept:
      - '*/*'
      User-Agent:
      - Ruby
  response:
    status:
      code: 200
      message: OK
    headers:
      Content-Type:
      - application/json
      Content-Length:
      - '606'
      Connection:
      - keep-alive
      Server:
      - thin 1.6.1 codename Death Proof
    body:
      encoding: UTF-8
      string: '{"id":"52a0b6cd526f6242e9240200","uri":"http://localhost/api/lpas.json/52a0b6cd526f6242e9240200.json","type":"Property
        and financial affairs","applicant":{"id":"52a0b6cd526f6242e9220200","uri":"http://localhost/api/applicants.json/52a0b6cd526f6242e9220200.json","date_of_birth":"1970-01-31","title":"Mr","first_name":"Johnny","middle_names":"","last_name":"Smithson","address":{"address_line1":"102
        Petty France","address_line2":"","address_line3":"","town":"Westminster","county":"London","post_code":"SW1H
        9AJ","country":"Great Britain"}},"attorneys":[],"replacement_attorneys":[],"people_to_be_told":[]}'
    http_version: 
  recorded_at: Thu, 05 Dec 2013 17:24:29 GMT
- request:
    method: get
    uri: http://localhost:9292/api/applicants/current.json
    body:
      encoding: US-ASCII
      string: ''
    headers:
      Accept:
      - application/json
      Secure-Token:
      - WHUsUdkZH2Uv3CjUg5sG
      Accept-Encoding:
      - gzip;q=1.0,deflate;q=0.6,identity;q=0.3
      User-Agent:
      - Ruby
  response:
    status:
      code: 200
      message: OK
    headers:
      Content-Type:
      - application/json
      Content-Length:
      - '592'
      Connection:
      - keep-alive
      Server:
      - thin 1.6.1 codename Death Proof
    body:
      encoding: UTF-8
      string: '{"id":"52a0b6cd526f6242e9220200","uri":"http://localhost/api/applicants.json/52a0b6cd526f6242e9220200.json","date_of_birth":"1970-01-31","title":"Mr","first_name":"Johnny","middle_names":"","last_name":"Smithson","address":{"address_line1":"102
        Petty France","address_line2":"","address_line3":"","town":"Westminster","county":"London","post_code":"SW1H
        9AJ","country":"Great Britain"},"lpas":[{"id":"52a0b6cd526f6242e9240200","uri":"http://localhost/api/lpas.json/52a0b6cd526f6242e9240200.json","donor":null,"type":"Property
        and financial affairs","updated_at":"2013-12-05T17:24:29+00:00"}]}'
    http_version: 
  recorded_at: Thu, 05 Dec 2013 17:24:30 GMT
- request:
    method: get
    uri: http://localhost:9292/api/lpas/52a0b6cd526f6242e9240200.json
    body:
      encoding: US-ASCII
      string: ''
    headers:
      Accept:
      - application/json
      Secure-Token:
      - WHUsUdkZH2Uv3CjUg5sG
      Accept-Encoding:
      - gzip;q=1.0,deflate;q=0.6,identity;q=0.3
      User-Agent:
      - Ruby
  response:
    status:
      code: 200
      message: OK
    headers:
      Content-Type:
      - application/json
      Content-Length:
      - '606'
      Connection:
      - keep-alive
      Server:
      - thin 1.6.1 codename Death Proof
    body:
      encoding: UTF-8
      string: '{"id":"52a0b6cd526f6242e9240200","uri":"http://localhost/api/lpas.json/52a0b6cd526f6242e9240200.json","type":"Property
        and financial affairs","applicant":{"id":"52a0b6cd526f6242e9220200","uri":"http://localhost/api/applicants.json/52a0b6cd526f6242e9220200.json","date_of_birth":"1970-01-31","title":"Mr","first_name":"Johnny","middle_names":"","last_name":"Smithson","address":{"address_line1":"102
        Petty France","address_line2":"","address_line3":"","town":"Westminster","county":"London","post_code":"SW1H
        9AJ","country":"Great Britain"}},"attorneys":[],"replacement_attorneys":[],"people_to_be_told":[]}'
    http_version: 
  recorded_at: Thu, 05 Dec 2013 17:24:30 GMT
- request:
    method: get
    uri: http://localhost:9292/api/applicants/current.json
    body:
      encoding: US-ASCII
      string: ''
    headers:
      Accept:
      - application/json
      Secure-Token:
      - WHUsUdkZH2Uv3CjUg5sG
      Accept-Encoding:
      - gzip;q=1.0,deflate;q=0.6,identity;q=0.3
      User-Agent:
      - Ruby
  response:
    status:
      code: 200
      message: OK
    headers:
      Content-Type:
      - application/json
      Content-Length:
      - '592'
      Connection:
      - keep-alive
      Server:
      - thin 1.6.1 codename Death Proof
    body:
      encoding: UTF-8
      string: '{"id":"52a0b6cd526f6242e9220200","uri":"http://localhost/api/applicants.json/52a0b6cd526f6242e9220200.json","date_of_birth":"1970-01-31","title":"Mr","first_name":"Johnny","middle_names":"","last_name":"Smithson","address":{"address_line1":"102
        Petty France","address_line2":"","address_line3":"","town":"Westminster","county":"London","post_code":"SW1H
        9AJ","country":"Great Britain"},"lpas":[{"id":"52a0b6cd526f6242e9240200","uri":"http://localhost/api/lpas.json/52a0b6cd526f6242e9240200.json","donor":null,"type":"Property
        and financial affairs","updated_at":"2013-12-05T17:24:29+00:00"}]}'
    http_version: 
  recorded_at: Thu, 05 Dec 2013 17:24:30 GMT
- request:
    method: get
    uri: http://localhost:9292/api/lpas/52a0b6cd526f6242e9240200.json
    body:
      encoding: US-ASCII
      string: ''
    headers:
      Accept:
      - application/json
      Secure-Token:
      - WHUsUdkZH2Uv3CjUg5sG
      Accept-Encoding:
      - gzip;q=1.0,deflate;q=0.6,identity;q=0.3
      User-Agent:
      - Ruby
  response:
    status:
      code: 200
      message: OK
    headers:
      Content-Type:
      - application/json
      Content-Length:
      - '606'
      Connection:
      - keep-alive
      Server:
      - thin 1.6.1 codename Death Proof
    body:
      encoding: UTF-8
      string: '{"id":"52a0b6cd526f6242e9240200","uri":"http://localhost/api/lpas.json/52a0b6cd526f6242e9240200.json","type":"Property
        and financial affairs","applicant":{"id":"52a0b6cd526f6242e9220200","uri":"http://localhost/api/applicants.json/52a0b6cd526f6242e9220200.json","date_of_birth":"1970-01-31","title":"Mr","first_name":"Johnny","middle_names":"","last_name":"Smithson","address":{"address_line1":"102
        Petty France","address_line2":"","address_line3":"","town":"Westminster","county":"London","post_code":"SW1H
        9AJ","country":"Great Britain"}},"attorneys":[],"replacement_attorneys":[],"people_to_be_told":[]}'
    http_version: 
  recorded_at: Thu, 05 Dec 2013 17:24:30 GMT
- request:
    method: put
    uri: http://localhost:9292/api/lpas/52a0b6cd526f6242e9240200.json
    body:
      encoding: UTF-8
      string: '{"donor":{"address":{"address_line1":"102 Petty France","address_line2":"","address_line3":"","town":"Westminster","county":"London","post_code":"SW1H
        9AJ","country":"Great Britain"},"title":"Mr","first_name":"","middle_names":"","last_name":"Smithson","email":"johnny@example.com","phone":"123
        456","date_of_birth":"2013-12-05T00:00:00+00:00"},"certificate_provider":null,"certificate_provider2":null,"people_to_be_told":[],"attorneys":[],"replacement_attorneys":[],"id":"52a0b6cd526f6242e9240200","uri":"http://localhost/api/lpas.json/52a0b6cd526f6242e9240200.json","type":"Property
        and financial affairs","applicant":{"address":{"address_line1":"102 Petty
        France","address_line2":"","address_line3":"","town":"Westminster","county":"London","post_code":"SW1H
        9AJ","country":"Great Britain"},"lpas":[],"id":"52a0b6cd526f6242e9220200","uri":"http://localhost/api/applicants.json/52a0b6cd526f6242e9220200.json","date_of_birth":"1970-01-31","title":"Mr","first_name":"Johnny","middle_names":"","last_name":"Smithson"}}'
    headers:
      Content-Type:
      - application/json
      Secure-Token:
      - WHUsUdkZH2Uv3CjUg5sG
      Accept-Encoding:
      - gzip;q=1.0,deflate;q=0.6,identity;q=0.3
      Accept:
      - '*/*'
      User-Agent:
      - Ruby
  response:
    status:
      code: 422
      message: ''
    headers:
      Content-Type:
      - application/json
      Content-Length:
      - '95'
      Connection:
      - keep-alive
      Server:
      - thin 1.6.1 codename Death Proof
    body:
      encoding: UTF-8
      string: '{"errors":{"donor":{"first_name":["can''t be blank","is too short (minimum
        is 2 characters)"]}}}'
    http_version: 
  recorded_at: Thu, 05 Dec 2013 17:24:30 GMT
- request:
    method: put
    uri: http://localhost:9292/api/lpas/52a0b6cd526f6242e9240200.json
    body:
      encoding: UTF-8
      string: '{"donor":{"address":{"address_line1":"102 Petty France","address_line2":"","address_line3":"","town":"Westminster","county":"London","post_code":"SW1H
        9AJ","country":"Great Britain"},"title":"Mr","first_name":"","middle_names":"","last_name":"Smithson","email":"johnny@example.com","phone":"123
        456","date_of_birth":"2013-12-05T00:00:00+00:00"},"certificate_provider":null,"certificate_provider2":null,"people_to_be_told":[],"attorneys":[],"replacement_attorneys":[],"id":"52a0b6cd526f6242e9240200","uri":"http://localhost/api/lpas.json/52a0b6cd526f6242e9240200.json","type":"Property
        and financial affairs","applicant":{"address":{"address_line1":"102 Petty
        France","address_line2":"","address_line3":"","town":"Westminster","county":"London","post_code":"SW1H
        9AJ","country":"Great Britain"},"lpas":[],"id":"52a0b6cd526f6242e9220200","uri":"http://localhost/api/applicants.json/52a0b6cd526f6242e9220200.json","date_of_birth":"1970-01-31","title":"Mr","first_name":"Johnny","middle_names":"","last_name":"Smithson"}}'
    headers:
      Content-Type:
      - application/json
      Secure-Token:
      - WHUsUdkZH2Uv3CjUg5sG
      Accept-Encoding:
      - gzip;q=1.0,deflate;q=0.6,identity;q=0.3
      Accept:
      - '*/*'
      User-Agent:
      - Ruby
  response:
    status:
      code: 422
      message: ''
    headers:
      Content-Type:
      - application/json
      Content-Length:
      - '95'
      Connection:
      - keep-alive
      Server:
      - thin 1.6.1 codename Death Proof
    body:
      encoding: UTF-8
      string: '{"errors":{"donor":{"first_name":["can''t be blank","is too short (minimum
        is 2 characters)"]}}}'
    http_version: 
  recorded_at: Thu, 05 Dec 2013 17:24:30 GMT
recorded_with: VCR 2.7.0
