---
http_interactions:
- request:
    method: post
    uri: http://localhost:9292/auth/users
    body:
      encoding: UTF-8
      string: user[email]=joe.bloggs1386090934.342271974%40example.com&user[password]=s3kr!tpass
    headers: {}
  response:
    status:
      code: 201
      message: Created
    headers:
      X-Frame-Options:
      - SAMEORIGIN
      X-Xss-Protection:
      - 1; mode=block
      X-Content-Type-Options:
      - nosniff
      X-Ua-Compatible:
      - chrome=1
      Location:
      - http://localhost:9393/
      Content-Type:
      - application/json; charset=utf-8
      Etag:
      - '"130a35f090fd42163247d0d7a3e85904"'
      Cache-Control:
      - max-age=0, private, must-revalidate
      X-Request-Id:
      - d89dba83-ca1a-4db4-ab43-5e7207fbb5c1
      X-Runtime:
      - '0.066655'
      Server:
      - WEBrick/1.3.1 (Ruby/2.0.0/2013-06-27)
      Date:
      - Tue, 03 Dec 2013 17:15:34 GMT
      Connection:
      - close
      Content-Length:
      - '100'
    body:
      encoding: UTF-8
      string: '{"email":"joe.bloggs1386090934.342271974@example.com","authentication_token":"QvV_STVRnFWLUmxGFxJD"}'
    http_version: 
  recorded_at: Tue, 03 Dec 2013 17:15:34 GMT
- request:
    method: post
    uri: http://localhost:9292/auth/users/sign_in
    body:
      encoding: UTF-8
      string: user[email]=joe.bloggs1386090934.342271974%40example.com&user[password]=s3kr!tpass
    headers: {}
  response:
    status:
      code: 201
      message: Created
    headers:
      X-Frame-Options:
      - SAMEORIGIN
      X-Xss-Protection:
      - 1; mode=block
      X-Content-Type-Options:
      - nosniff
      X-Ua-Compatible:
      - chrome=1
      Location:
      - http://localhost:9393/
      Content-Type:
      - application/json; charset=utf-8
      Etag:
      - '"130a35f090fd42163247d0d7a3e85904"'
      Cache-Control:
      - max-age=0, private, must-revalidate
      X-Request-Id:
      - 6b987e49-6929-469f-87d5-d74bff5a1b3c
      X-Runtime:
      - '0.066443'
      Server:
      - WEBrick/1.3.1 (Ruby/2.0.0/2013-06-27)
      Date:
      - Tue, 03 Dec 2013 17:15:34 GMT
      Connection:
      - close
      Content-Length:
      - '100'
    body:
      encoding: UTF-8
      string: '{"email":"joe.bloggs1386090934.342271974@example.com","authentication_token":"QvV_STVRnFWLUmxGFxJD"}'
    http_version: 
  recorded_at: Tue, 03 Dec 2013 17:15:34 GMT
- request:
    method: post
    uri: http://localhost:9292/api/applicants.json
    body:
      encoding: UTF-8
      string: '{"address":{"address_line1":"102 Petty France","address_line2":"","address_line3":"","town":"Westminster","county":"London","post_code":"SW1H
        9AJ","country":"Great Britain"},"lpas":[],"title":"Mr","first_name":"Johnny","middle_names":"","last_name":"Smithson","email":"johnny@example.com","phone":"123
        456","date_of_birth":"2013-12-03T00:00:00+00:00"}'
    headers:
      Content-Type:
      - application/json
      Secure-Token:
      - QvV_STVRnFWLUmxGFxJD
      Accept-Encoding:
      - gzip;q=1.0,deflate;q=0.6,identity;q=0.3
      Accept:
      - '*/*'
      User-Agent:
      - Ruby
  response:
    status:
      code: 201
      message: Created
    headers:
      Content-Type:
      - application/json
      Content-Length:
      - '404'
      Connection:
      - keep-alive
      Server:
      - thin 1.6.1 codename Death Proof
    body:
      encoding: UTF-8
      string: '{"id":"529e11b6526f628342490900","uri":"http://localhost/api/applicants.json/529e11b6526f628342490900.json","date_of_birth":"2013-12-03","title":"Mr","first_name":"Johnny","middle_names":"","last_name":"Smithson","address":{"address_line1":"102
        Petty France","address_line2":"","address_line3":"","town":"Westminster","county":"London","post_code":"SW1H
        9AJ","country":"Great Britain"},"phone":"123 456"}'
    http_version: 
  recorded_at: Tue, 03 Dec 2013 17:15:34 GMT
- request:
    method: get
    uri: http://localhost:9292/api/applicants/529e11b6526f628342490900.json
    body:
      encoding: US-ASCII
      string: ''
    headers:
      Accept:
      - application/json
      Secure-Token:
      - QvV_STVRnFWLUmxGFxJD
      Accept-Encoding:
      - gzip;q=1.0,deflate;q=0.6,identity;q=0.3
      User-Agent:
      - Ruby
  response:
    status:
      code: 200
      message: OK
    headers:
      Content-Type:
      - application/json
      Content-Length:
      - '414'
      Connection:
      - keep-alive
      Server:
      - thin 1.6.1 codename Death Proof
    body:
      encoding: UTF-8
      string: '{"id":"529e11b6526f628342490900","uri":"http://localhost/api/applicants.json/529e11b6526f628342490900.json","date_of_birth":"2013-12-03","title":"Mr","first_name":"Johnny","middle_names":"","last_name":"Smithson","address":{"address_line1":"102
        Petty France","address_line2":"","address_line3":"","town":"Westminster","county":"London","post_code":"SW1H
        9AJ","country":"Great Britain"},"phone":"123 456","lpas":[]}'
    http_version: 
  recorded_at: Tue, 03 Dec 2013 17:15:34 GMT
- request:
    method: post
    uri: http://localhost:9292/api/lpas.json
    body:
      encoding: UTF-8
      string: '{"donor":null,"certificate_provider":null,"certificate_provider2":null,"people_to_be_told":[],"attorneys":[],"replacement_attorneys":[],"applicant_id":"529e11b6526f628342490900"}'
    headers:
      Content-Type:
      - application/json
      Secure-Token:
      - QvV_STVRnFWLUmxGFxJD
      Accept-Encoding:
      - gzip;q=1.0,deflate;q=0.6,identity;q=0.3
      Accept:
      - '*/*'
      User-Agent:
      - Ruby
  response:
    status:
      code: 201
      message: Created
    headers:
      Content-Type:
      - application/json
      Content-Length:
      - '584'
      Connection:
      - keep-alive
      Server:
      - thin 1.6.1 codename Death Proof
    body:
      encoding: UTF-8
      string: '{"id":"529e11b6526f6283424b0900","uri":"http://localhost/api/lpas.json/529e11b6526f6283424b0900.json","applicant":{"id":"529e11b6526f628342490900","uri":"http://localhost/api/applicants.json/529e11b6526f628342490900.json","date_of_birth":"2013-12-03","title":"Mr","first_name":"Johnny","middle_names":"","last_name":"Smithson","address":{"address_line1":"102
        Petty France","address_line2":"","address_line3":"","town":"Westminster","county":"London","post_code":"SW1H
        9AJ","country":"Great Britain"},"phone":"123 456"},"attorneys":[],"replacement_attorneys":[],"people_to_be_told":[]}'
    http_version: 
  recorded_at: Tue, 03 Dec 2013 17:15:34 GMT
- request:
    method: get
    uri: http://localhost:9292/api/lpas/529e11b6526f6283424b0900.json
    body:
      encoding: US-ASCII
      string: ''
    headers:
      Accept:
      - application/json
      Secure-Token:
      - QvV_STVRnFWLUmxGFxJD
      Accept-Encoding:
      - gzip;q=1.0,deflate;q=0.6,identity;q=0.3
      User-Agent:
      - Ruby
  response:
    status:
      code: 200
      message: OK
    headers:
      Content-Type:
      - application/json
      Content-Length:
      - '584'
      Connection:
      - keep-alive
      Server:
      - thin 1.6.1 codename Death Proof
    body:
      encoding: UTF-8
      string: '{"id":"529e11b6526f6283424b0900","uri":"http://localhost/api/lpas.json/529e11b6526f6283424b0900.json","applicant":{"id":"529e11b6526f628342490900","uri":"http://localhost/api/applicants.json/529e11b6526f628342490900.json","date_of_birth":"2013-12-03","title":"Mr","first_name":"Johnny","middle_names":"","last_name":"Smithson","address":{"address_line1":"102
        Petty France","address_line2":"","address_line3":"","town":"Westminster","county":"London","post_code":"SW1H
        9AJ","country":"Great Britain"},"phone":"123 456"},"attorneys":[],"replacement_attorneys":[],"people_to_be_told":[]}'
    http_version: 
  recorded_at: Tue, 03 Dec 2013 17:15:34 GMT
- request:
    method: get
    uri: http://localhost:9292/api/lpas/529e11b6526f6283424b0900.json
    body:
      encoding: US-ASCII
      string: ''
    headers:
      Accept:
      - application/json
      Secure-Token:
      - QvV_STVRnFWLUmxGFxJD
      Accept-Encoding:
      - gzip;q=1.0,deflate;q=0.6,identity;q=0.3
      User-Agent:
      - Ruby
  response:
    status:
      code: 200
      message: OK
    headers:
      Content-Type:
      - application/json
      Content-Length:
      - '584'
      Connection:
      - keep-alive
      Server:
      - thin 1.6.1 codename Death Proof
    body:
      encoding: UTF-8
      string: '{"id":"529e11b6526f6283424b0900","uri":"http://localhost/api/lpas.json/529e11b6526f6283424b0900.json","applicant":{"id":"529e11b6526f628342490900","uri":"http://localhost/api/applicants.json/529e11b6526f628342490900.json","date_of_birth":"2013-12-03","title":"Mr","first_name":"Johnny","middle_names":"","last_name":"Smithson","address":{"address_line1":"102
        Petty France","address_line2":"","address_line3":"","town":"Westminster","county":"London","post_code":"SW1H
        9AJ","country":"Great Britain"},"phone":"123 456"},"attorneys":[],"replacement_attorneys":[],"people_to_be_told":[]}'
    http_version: 
  recorded_at: Tue, 03 Dec 2013 17:15:34 GMT
- request:
    method: put
    uri: http://localhost:9292/api/lpas/529e11b6526f6283424b0900.json
    body:
      encoding: UTF-8
      string: '{"donor":null,"certificate_provider":null,"certificate_provider2":null,"people_to_be_told":[],"attorneys":[],"replacement_attorneys":[],"id":"529e11b6526f6283424b0900","uri":"http://localhost/api/lpas.json/529e11b6526f6283424b0900.json","applicant":{"address":{"address_line1":"102
        Petty France","address_line2":"","address_line3":"","town":"Westminster","county":"London","post_code":"SW1H
        9AJ","country":"Great Britain"},"lpas":[],"id":"529e11b6526f628342490900","uri":"http://localhost/api/applicants.json/529e11b6526f628342490900.json","date_of_birth":"2013-12-03","title":"Mr","first_name":"Johnny","middle_names":"","last_name":"Smithson","phone":"123
        456"},"type":"Property and financial affairs"}'
    headers:
      Content-Type:
      - application/json
      Secure-Token:
      - QvV_STVRnFWLUmxGFxJD
      Accept-Encoding:
      - gzip;q=1.0,deflate;q=0.6,identity;q=0.3
      Accept:
      - '*/*'
      User-Agent:
      - Ruby
  response:
    status:
      code: 200
      message: OK
    headers:
      Content-Type:
      - application/json
      Content-Length:
      - '624'
      Connection:
      - keep-alive
      Server:
      - thin 1.6.1 codename Death Proof
    body:
      encoding: UTF-8
      string: '{"id":"529e11b6526f6283424b0900","uri":"http://localhost/api/lpas.json/529e11b6526f6283424b0900.json","type":"Property
        and financial affairs","applicant":{"id":"529e11b6526f628342490900","uri":"http://localhost/api/applicants.json/529e11b6526f628342490900.json","date_of_birth":"2013-12-03","title":"Mr","first_name":"Johnny","middle_names":"","last_name":"Smithson","address":{"address_line1":"102
        Petty France","address_line2":"","address_line3":"","town":"Westminster","county":"London","post_code":"SW1H
        9AJ","country":"Great Britain"},"phone":"123 456"},"attorneys":[],"replacement_attorneys":[],"people_to_be_told":[]}'
    http_version: 
  recorded_at: Tue, 03 Dec 2013 17:15:35 GMT
- request:
    method: put
    uri: http://localhost:9292/api/lpas/529e11b6526f6283424b0900.json
    body:
      encoding: UTF-8
      string: '{"donor":null,"certificate_provider":null,"certificate_provider2":null,"people_to_be_told":[],"attorneys":[],"replacement_attorneys":[],"id":"529e11b6526f6283424b0900","uri":"http://localhost/api/lpas.json/529e11b6526f6283424b0900.json","applicant":{"address":{"address_line1":"102
        Petty France","address_line2":"","address_line3":"","town":"Westminster","county":"London","post_code":"SW1H
        9AJ","country":"Great Britain"},"lpas":[],"id":"529e11b6526f628342490900","uri":"http://localhost/api/applicants.json/529e11b6526f628342490900.json","date_of_birth":"2013-12-03","title":"Mr","first_name":"Johnny","middle_names":"","last_name":"Smithson","phone":"123
        456"},"type":"Property and financial affairs"}'
    headers:
      Content-Type:
      - application/json
      Secure-Token:
      - QvV_STVRnFWLUmxGFxJD
      Accept-Encoding:
      - gzip;q=1.0,deflate;q=0.6,identity;q=0.3
      Accept:
      - '*/*'
      User-Agent:
      - Ruby
  response:
    status:
      code: 200
      message: OK
    headers:
      Content-Type:
      - application/json
      Content-Length:
      - '624'
      Connection:
      - keep-alive
      Server:
      - thin 1.6.1 codename Death Proof
    body:
      encoding: UTF-8
      string: '{"id":"529e11b6526f6283424b0900","uri":"http://localhost/api/lpas.json/529e11b6526f6283424b0900.json","type":"Property
        and financial affairs","applicant":{"id":"529e11b6526f628342490900","uri":"http://localhost/api/applicants.json/529e11b6526f628342490900.json","date_of_birth":"2013-12-03","title":"Mr","first_name":"Johnny","middle_names":"","last_name":"Smithson","address":{"address_line1":"102
        Petty France","address_line2":"","address_line3":"","town":"Westminster","county":"London","post_code":"SW1H
        9AJ","country":"Great Britain"},"phone":"123 456"},"attorneys":[],"replacement_attorneys":[],"people_to_be_told":[]}'
    http_version: 
  recorded_at: Tue, 03 Dec 2013 17:15:35 GMT
- request:
    method: get
    uri: http://localhost:9292/api/lpas/529e11b6526f6283424b0900.json
    body:
      encoding: US-ASCII
      string: ''
    headers:
      Accept:
      - application/json
      Secure-Token:
      - QvV_STVRnFWLUmxGFxJD
      Accept-Encoding:
      - gzip;q=1.0,deflate;q=0.6,identity;q=0.3
      User-Agent:
      - Ruby
  response:
    status:
      code: 200
      message: OK
    headers:
      Content-Type:
      - application/json
      Content-Length:
      - '624'
      Connection:
      - keep-alive
      Server:
      - thin 1.6.1 codename Death Proof
    body:
      encoding: UTF-8
      string: '{"id":"529e11b6526f6283424b0900","uri":"http://localhost/api/lpas.json/529e11b6526f6283424b0900.json","type":"Property
        and financial affairs","applicant":{"id":"529e11b6526f628342490900","uri":"http://localhost/api/applicants.json/529e11b6526f628342490900.json","date_of_birth":"2013-12-03","title":"Mr","first_name":"Johnny","middle_names":"","last_name":"Smithson","address":{"address_line1":"102
        Petty France","address_line2":"","address_line3":"","town":"Westminster","county":"London","post_code":"SW1H
        9AJ","country":"Great Britain"},"phone":"123 456"},"attorneys":[],"replacement_attorneys":[],"people_to_be_told":[]}'
    http_version: 
  recorded_at: Tue, 03 Dec 2013 17:15:35 GMT
- request:
    method: get
    uri: http://localhost:9292/api/lpas/529e11b6526f6283424b0900.json
    body:
      encoding: US-ASCII
      string: ''
    headers:
      Accept:
      - application/json
      Secure-Token:
      - QvV_STVRnFWLUmxGFxJD
      Accept-Encoding:
      - gzip;q=1.0,deflate;q=0.6,identity;q=0.3
      User-Agent:
      - Ruby
  response:
    status:
      code: 200
      message: OK
    headers:
      Content-Type:
      - application/json
      Content-Length:
      - '624'
      Connection:
      - keep-alive
      Server:
      - thin 1.6.1 codename Death Proof
    body:
      encoding: UTF-8
      string: '{"id":"529e11b6526f6283424b0900","uri":"http://localhost/api/lpas.json/529e11b6526f6283424b0900.json","type":"Property
        and financial affairs","applicant":{"id":"529e11b6526f628342490900","uri":"http://localhost/api/applicants.json/529e11b6526f628342490900.json","date_of_birth":"2013-12-03","title":"Mr","first_name":"Johnny","middle_names":"","last_name":"Smithson","address":{"address_line1":"102
        Petty France","address_line2":"","address_line3":"","town":"Westminster","county":"London","post_code":"SW1H
        9AJ","country":"Great Britain"},"phone":"123 456"},"attorneys":[],"replacement_attorneys":[],"people_to_be_told":[]}'
    http_version: 
  recorded_at: Tue, 03 Dec 2013 17:15:35 GMT
- request:
    method: put
    uri: http://localhost:9292/api/lpas/529e11b6526f6283424b0900.json
    body:
      encoding: UTF-8
      string: '{"donor":{"address":{"address_line1":"102 Petty France","address_line2":"","address_line3":"","town":"Westminster","county":"London","post_code":"SW1H
        9AJ","country":"Great Britain"},"title":"Mr","first_name":"Johnny","middle_names":"","last_name":"Smithson","email":"johnny@example.com","phone":"123
        456","date_of_birth":"1970-01-31T00:00:00+01:00"},"certificate_provider":null,"certificate_provider2":null,"people_to_be_told":[],"attorneys":[],"replacement_attorneys":[],"id":"529e11b6526f6283424b0900","uri":"http://localhost/api/lpas.json/529e11b6526f6283424b0900.json","type":"Property
        and financial affairs","applicant":{"address":{"address_line1":"102 Petty
        France","address_line2":"","address_line3":"","town":"Westminster","county":"London","post_code":"SW1H
        9AJ","country":"Great Britain"},"lpas":[],"id":"529e11b6526f628342490900","uri":"http://localhost/api/applicants.json/529e11b6526f628342490900.json","date_of_birth":"2013-12-03","title":"Mr","first_name":"Johnny","middle_names":"","last_name":"Smithson","phone":"123
        456"}}'
    headers:
      Content-Type:
      - application/json
      Secure-Token:
      - QvV_STVRnFWLUmxGFxJD
      Accept-Encoding:
      - gzip;q=1.0,deflate;q=0.6,identity;q=0.3
      Accept:
      - '*/*'
      User-Agent:
      - Ruby
  response:
    status:
      code: 200
      message: OK
    headers:
      Content-Type:
      - application/json
      Content-Length:
      - '959'
      Connection:
      - keep-alive
      Server:
      - thin 1.6.1 codename Death Proof
    body:
      encoding: UTF-8
      string: '{"id":"529e11b6526f6283424b0900","uri":"http://localhost/api/lpas.json/529e11b6526f6283424b0900.json","type":"Property
        and financial affairs","applicant":{"id":"529e11b6526f628342490900","uri":"http://localhost/api/applicants.json/529e11b6526f628342490900.json","date_of_birth":"2013-12-03","title":"Mr","first_name":"Johnny","middle_names":"","last_name":"Smithson","address":{"address_line1":"102
        Petty France","address_line2":"","address_line3":"","town":"Westminster","county":"London","post_code":"SW1H
        9AJ","country":"Great Britain"},"phone":"123 456"},"donor":{"date_of_birth":"1970-01-31","title":"Mr","first_name":"Johnny","middle_names":"","last_name":"Smithson","address":{"address_line1":"102
        Petty France","address_line2":"","address_line3":"","town":"Westminster","county":"London","post_code":"SW1H
        9AJ","country":"Great Britain"},"phone":"123 456","email":"johnny@example.com"},"attorneys":[],"replacement_attorneys":[],"people_to_be_told":[]}'
    http_version: 
  recorded_at: Tue, 03 Dec 2013 17:15:35 GMT
- request:
    method: put
    uri: http://localhost:9292/api/lpas/529e11b6526f6283424b0900.json
    body:
      encoding: UTF-8
      string: '{"donor":{"address":{"address_line1":"102 Petty France","address_line2":"","address_line3":"","town":"Westminster","county":"London","post_code":"SW1H
        9AJ","country":"Great Britain"},"date_of_birth":"1970-01-31","title":"Mr","first_name":"Johnny","middle_names":"","last_name":"Smithson","phone":"123
        456","email":"johnny@example.com"},"certificate_provider":null,"certificate_provider2":null,"people_to_be_told":[],"attorneys":[],"replacement_attorneys":[],"id":"529e11b6526f6283424b0900","uri":"http://localhost/api/lpas.json/529e11b6526f6283424b0900.json","type":"Property
        and financial affairs","applicant":{"address":{"address_line1":"102 Petty
        France","address_line2":"","address_line3":"","town":"Westminster","county":"London","post_code":"SW1H
        9AJ","country":"Great Britain"},"lpas":[],"id":"529e11b6526f628342490900","uri":"http://localhost/api/applicants.json/529e11b6526f628342490900.json","date_of_birth":"2013-12-03","title":"Mr","first_name":"Johnny","middle_names":"","last_name":"Smithson","phone":"123
        456"}}'
    headers:
      Content-Type:
      - application/json
      Secure-Token:
      - QvV_STVRnFWLUmxGFxJD
      Accept-Encoding:
      - gzip;q=1.0,deflate;q=0.6,identity;q=0.3
      Accept:
      - '*/*'
      User-Agent:
      - Ruby
  response:
    status:
      code: 200
      message: OK
    headers:
      Content-Type:
      - application/json
      Content-Length:
      - '959'
      Connection:
      - keep-alive
      Server:
      - thin 1.6.1 codename Death Proof
    body:
      encoding: UTF-8
      string: '{"id":"529e11b6526f6283424b0900","uri":"http://localhost/api/lpas.json/529e11b6526f6283424b0900.json","type":"Property
        and financial affairs","applicant":{"id":"529e11b6526f628342490900","uri":"http://localhost/api/applicants.json/529e11b6526f628342490900.json","date_of_birth":"2013-12-03","title":"Mr","first_name":"Johnny","middle_names":"","last_name":"Smithson","address":{"address_line1":"102
        Petty France","address_line2":"","address_line3":"","town":"Westminster","county":"London","post_code":"SW1H
        9AJ","country":"Great Britain"},"phone":"123 456"},"donor":{"date_of_birth":"1970-01-31","title":"Mr","first_name":"Johnny","middle_names":"","last_name":"Smithson","address":{"address_line1":"102
        Petty France","address_line2":"","address_line3":"","town":"Westminster","county":"London","post_code":"SW1H
        9AJ","country":"Great Britain"},"phone":"123 456","email":"johnny@example.com"},"attorneys":[],"replacement_attorneys":[],"people_to_be_told":[]}'
    http_version: 
  recorded_at: Tue, 03 Dec 2013 17:15:35 GMT
- request:
    method: get
    uri: http://localhost:9292/api/lpas/529e11b6526f6283424b0900.json
    body:
      encoding: US-ASCII
      string: ''
    headers:
      Accept:
      - application/json
      Secure-Token:
      - QvV_STVRnFWLUmxGFxJD
      Accept-Encoding:
      - gzip;q=1.0,deflate;q=0.6,identity;q=0.3
      User-Agent:
      - Ruby
  response:
    status:
      code: 200
      message: OK
    headers:
      Content-Type:
      - application/json
      Content-Length:
      - '959'
      Connection:
      - keep-alive
      Server:
      - thin 1.6.1 codename Death Proof
    body:
      encoding: UTF-8
      string: '{"id":"529e11b6526f6283424b0900","uri":"http://localhost/api/lpas.json/529e11b6526f6283424b0900.json","type":"Property
        and financial affairs","applicant":{"id":"529e11b6526f628342490900","uri":"http://localhost/api/applicants.json/529e11b6526f628342490900.json","date_of_birth":"2013-12-03","title":"Mr","first_name":"Johnny","middle_names":"","last_name":"Smithson","address":{"address_line1":"102
        Petty France","address_line2":"","address_line3":"","town":"Westminster","county":"London","post_code":"SW1H
        9AJ","country":"Great Britain"},"phone":"123 456"},"donor":{"date_of_birth":"1970-01-31","title":"Mr","first_name":"Johnny","middle_names":"","last_name":"Smithson","address":{"address_line1":"102
        Petty France","address_line2":"","address_line3":"","town":"Westminster","county":"London","post_code":"SW1H
        9AJ","country":"Great Britain"},"phone":"123 456","email":"johnny@example.com"},"attorneys":[],"replacement_attorneys":[],"people_to_be_told":[]}'
    http_version: 
  recorded_at: Tue, 03 Dec 2013 17:15:35 GMT
- request:
    method: get
    uri: http://localhost:9292/api/lpas/529e11b6526f6283424b0900.json
    body:
      encoding: US-ASCII
      string: ''
    headers:
      Accept:
      - application/json
      Secure-Token:
      - QvV_STVRnFWLUmxGFxJD
      Accept-Encoding:
      - gzip;q=1.0,deflate;q=0.6,identity;q=0.3
      User-Agent:
      - Ruby
  response:
    status:
      code: 200
      message: OK
    headers:
      Content-Type:
      - application/json
      Content-Length:
      - '959'
      Connection:
      - keep-alive
      Server:
      - thin 1.6.1 codename Death Proof
    body:
      encoding: UTF-8
      string: '{"id":"529e11b6526f6283424b0900","uri":"http://localhost/api/lpas.json/529e11b6526f6283424b0900.json","type":"Property
        and financial affairs","applicant":{"id":"529e11b6526f628342490900","uri":"http://localhost/api/applicants.json/529e11b6526f628342490900.json","date_of_birth":"2013-12-03","title":"Mr","first_name":"Johnny","middle_names":"","last_name":"Smithson","address":{"address_line1":"102
        Petty France","address_line2":"","address_line3":"","town":"Westminster","county":"London","post_code":"SW1H
        9AJ","country":"Great Britain"},"phone":"123 456"},"donor":{"date_of_birth":"1970-01-31","title":"Mr","first_name":"Johnny","middle_names":"","last_name":"Smithson","address":{"address_line1":"102
        Petty France","address_line2":"","address_line3":"","town":"Westminster","county":"London","post_code":"SW1H
        9AJ","country":"Great Britain"},"phone":"123 456","email":"johnny@example.com"},"attorneys":[],"replacement_attorneys":[],"people_to_be_told":[]}'
    http_version: 
  recorded_at: Tue, 03 Dec 2013 17:15:35 GMT
- request:
    method: put
    uri: http://localhost:9292/api/lpas/529e11b6526f6283424b0900.json
    body:
      encoding: UTF-8
      string: '{"donor":{"address":{"address_line1":"102 Petty France","address_line2":"","address_line3":"","town":"Westminster","county":"London","post_code":"SW1H
        9AJ","country":"Great Britain"},"date_of_birth":"1970-01-31","title":"Mr","first_name":"Johnny","middle_names":"","last_name":"Smithson","phone":"123
        456","email":"johnny@example.com"},"certificate_provider":null,"certificate_provider2":null,"people_to_be_told":[],"attorneys":[],"replacement_attorneys":[],"id":"529e11b6526f6283424b0900","uri":"http://localhost/api/lpas.json/529e11b6526f6283424b0900.json","type":"Property
        and financial affairs","applicant":{"address":{"address_line1":"102 Petty
        France","address_line2":"","address_line3":"","town":"Westminster","county":"London","post_code":"SW1H
        9AJ","country":"Great Britain"},"lpas":[],"id":"529e11b6526f628342490900","uri":"http://localhost/api/applicants.json/529e11b6526f628342490900.json","date_of_birth":"2013-12-03","title":"Mr","first_name":"Johnny","middle_names":"","last_name":"Smithson","phone":"123
        456"},"when_to_use":"as soon as it''s registered (with my consent)"}'
    headers:
      Content-Type:
      - application/json
      Secure-Token:
      - QvV_STVRnFWLUmxGFxJD
      Accept-Encoding:
      - gzip;q=1.0,deflate;q=0.6,identity;q=0.3
      Accept:
      - '*/*'
      User-Agent:
      - Ruby
  response:
    status:
      code: 200
      message: OK
    headers:
      Content-Type:
      - application/json
      Content-Length:
      - '1020'
      Connection:
      - keep-alive
      Server:
      - thin 1.6.1 codename Death Proof
    body:
      encoding: UTF-8
      string: '{"id":"529e11b6526f6283424b0900","uri":"http://localhost/api/lpas.json/529e11b6526f6283424b0900.json","type":"Property
        and financial affairs","when_to_use":"as soon as it''s registered (with my
        consent)","applicant":{"id":"529e11b6526f628342490900","uri":"http://localhost/api/applicants.json/529e11b6526f628342490900.json","date_of_birth":"2013-12-03","title":"Mr","first_name":"Johnny","middle_names":"","last_name":"Smithson","address":{"address_line1":"102
        Petty France","address_line2":"","address_line3":"","town":"Westminster","county":"London","post_code":"SW1H
        9AJ","country":"Great Britain"},"phone":"123 456"},"donor":{"date_of_birth":"1970-01-31","title":"Mr","first_name":"Johnny","middle_names":"","last_name":"Smithson","address":{"address_line1":"102
        Petty France","address_line2":"","address_line3":"","town":"Westminster","county":"London","post_code":"SW1H
        9AJ","country":"Great Britain"},"phone":"123 456","email":"johnny@example.com"},"attorneys":[],"replacement_attorneys":[],"people_to_be_told":[]}'
    http_version: 
  recorded_at: Tue, 03 Dec 2013 17:15:35 GMT
- request:
    method: put
    uri: http://localhost:9292/api/lpas/529e11b6526f6283424b0900.json
    body:
      encoding: UTF-8
      string: '{"donor":{"address":{"address_line1":"102 Petty France","address_line2":"","address_line3":"","town":"Westminster","county":"London","post_code":"SW1H
        9AJ","country":"Great Britain"},"date_of_birth":"1970-01-31","title":"Mr","first_name":"Johnny","middle_names":"","last_name":"Smithson","phone":"123
        456","email":"johnny@example.com"},"certificate_provider":null,"certificate_provider2":null,"people_to_be_told":[],"attorneys":[],"replacement_attorneys":[],"id":"529e11b6526f6283424b0900","uri":"http://localhost/api/lpas.json/529e11b6526f6283424b0900.json","type":"Property
        and financial affairs","applicant":{"address":{"address_line1":"102 Petty
        France","address_line2":"","address_line3":"","town":"Westminster","county":"London","post_code":"SW1H
        9AJ","country":"Great Britain"},"lpas":[],"id":"529e11b6526f628342490900","uri":"http://localhost/api/applicants.json/529e11b6526f628342490900.json","date_of_birth":"2013-12-03","title":"Mr","first_name":"Johnny","middle_names":"","last_name":"Smithson","phone":"123
        456"},"when_to_use":"as soon as it''s registered (with my consent)"}'
    headers:
      Content-Type:
      - application/json
      Secure-Token:
      - QvV_STVRnFWLUmxGFxJD
      Accept-Encoding:
      - gzip;q=1.0,deflate;q=0.6,identity;q=0.3
      Accept:
      - '*/*'
      User-Agent:
      - Ruby
  response:
    status:
      code: 200
      message: OK
    headers:
      Content-Type:
      - application/json
      Content-Length:
      - '1020'
      Connection:
      - keep-alive
      Server:
      - thin 1.6.1 codename Death Proof
    body:
      encoding: UTF-8
      string: '{"id":"529e11b6526f6283424b0900","uri":"http://localhost/api/lpas.json/529e11b6526f6283424b0900.json","type":"Property
        and financial affairs","when_to_use":"as soon as it''s registered (with my
        consent)","applicant":{"id":"529e11b6526f628342490900","uri":"http://localhost/api/applicants.json/529e11b6526f628342490900.json","date_of_birth":"2013-12-03","title":"Mr","first_name":"Johnny","middle_names":"","last_name":"Smithson","address":{"address_line1":"102
        Petty France","address_line2":"","address_line3":"","town":"Westminster","county":"London","post_code":"SW1H
        9AJ","country":"Great Britain"},"phone":"123 456"},"donor":{"date_of_birth":"1970-01-31","title":"Mr","first_name":"Johnny","middle_names":"","last_name":"Smithson","address":{"address_line1":"102
        Petty France","address_line2":"","address_line3":"","town":"Westminster","county":"London","post_code":"SW1H
        9AJ","country":"Great Britain"},"phone":"123 456","email":"johnny@example.com"},"attorneys":[],"replacement_attorneys":[],"people_to_be_told":[]}'
    http_version: 
  recorded_at: Tue, 03 Dec 2013 17:15:35 GMT
- request:
    method: get
    uri: http://localhost:9292/api/lpas/529e11b6526f6283424b0900.json
    body:
      encoding: US-ASCII
      string: ''
    headers:
      Accept:
      - application/json
      Secure-Token:
      - QvV_STVRnFWLUmxGFxJD
      Accept-Encoding:
      - gzip;q=1.0,deflate;q=0.6,identity;q=0.3
      User-Agent:
      - Ruby
  response:
    status:
      code: 200
      message: OK
    headers:
      Content-Type:
      - application/json
      Content-Length:
      - '1020'
      Connection:
      - keep-alive
      Server:
      - thin 1.6.1 codename Death Proof
    body:
      encoding: UTF-8
      string: '{"id":"529e11b6526f6283424b0900","uri":"http://localhost/api/lpas.json/529e11b6526f6283424b0900.json","type":"Property
        and financial affairs","when_to_use":"as soon as it''s registered (with my
        consent)","applicant":{"id":"529e11b6526f628342490900","uri":"http://localhost/api/applicants.json/529e11b6526f628342490900.json","date_of_birth":"2013-12-03","title":"Mr","first_name":"Johnny","middle_names":"","last_name":"Smithson","address":{"address_line1":"102
        Petty France","address_line2":"","address_line3":"","town":"Westminster","county":"London","post_code":"SW1H
        9AJ","country":"Great Britain"},"phone":"123 456"},"donor":{"date_of_birth":"1970-01-31","title":"Mr","first_name":"Johnny","middle_names":"","last_name":"Smithson","address":{"address_line1":"102
        Petty France","address_line2":"","address_line3":"","town":"Westminster","county":"London","post_code":"SW1H
        9AJ","country":"Great Britain"},"phone":"123 456","email":"johnny@example.com"},"attorneys":[],"replacement_attorneys":[],"people_to_be_told":[]}'
    http_version: 
  recorded_at: Tue, 03 Dec 2013 17:15:35 GMT
- request:
    method: get
    uri: http://localhost:9292/api/lpas/529e11b6526f6283424b0900.json
    body:
      encoding: US-ASCII
      string: ''
    headers:
      Accept:
      - application/json
      Secure-Token:
      - QvV_STVRnFWLUmxGFxJD
      Accept-Encoding:
      - gzip;q=1.0,deflate;q=0.6,identity;q=0.3
      User-Agent:
      - Ruby
  response:
    status:
      code: 200
      message: OK
    headers:
      Content-Type:
      - application/json
      Content-Length:
      - '1020'
      Connection:
      - keep-alive
      Server:
      - thin 1.6.1 codename Death Proof
    body:
      encoding: UTF-8
      string: '{"id":"529e11b6526f6283424b0900","uri":"http://localhost/api/lpas.json/529e11b6526f6283424b0900.json","type":"Property
        and financial affairs","when_to_use":"as soon as it''s registered (with my
        consent)","applicant":{"id":"529e11b6526f628342490900","uri":"http://localhost/api/applicants.json/529e11b6526f628342490900.json","date_of_birth":"2013-12-03","title":"Mr","first_name":"Johnny","middle_names":"","last_name":"Smithson","address":{"address_line1":"102
        Petty France","address_line2":"","address_line3":"","town":"Westminster","county":"London","post_code":"SW1H
        9AJ","country":"Great Britain"},"phone":"123 456"},"donor":{"date_of_birth":"1970-01-31","title":"Mr","first_name":"Johnny","middle_names":"","last_name":"Smithson","address":{"address_line1":"102
        Petty France","address_line2":"","address_line3":"","town":"Westminster","county":"London","post_code":"SW1H
        9AJ","country":"Great Britain"},"phone":"123 456","email":"johnny@example.com"},"attorneys":[],"replacement_attorneys":[],"people_to_be_told":[]}'
    http_version: 
  recorded_at: Tue, 03 Dec 2013 17:15:35 GMT
- request:
    method: get
    uri: http://localhost:9292/api/lpas/529e11b6526f6283424b0900.json
    body:
      encoding: US-ASCII
      string: ''
    headers:
      Accept:
      - application/json
      Secure-Token:
      - QvV_STVRnFWLUmxGFxJD
      Accept-Encoding:
      - gzip;q=1.0,deflate;q=0.6,identity;q=0.3
      User-Agent:
      - Ruby
  response:
    status:
      code: 200
      message: OK
    headers:
      Content-Type:
      - application/json
      Content-Length:
      - '1020'
      Connection:
      - keep-alive
      Server:
      - thin 1.6.1 codename Death Proof
    body:
      encoding: UTF-8
      string: '{"id":"529e11b6526f6283424b0900","uri":"http://localhost/api/lpas.json/529e11b6526f6283424b0900.json","type":"Property
        and financial affairs","when_to_use":"as soon as it''s registered (with my
        consent)","applicant":{"id":"529e11b6526f628342490900","uri":"http://localhost/api/applicants.json/529e11b6526f628342490900.json","date_of_birth":"2013-12-03","title":"Mr","first_name":"Johnny","middle_names":"","last_name":"Smithson","address":{"address_line1":"102
        Petty France","address_line2":"","address_line3":"","town":"Westminster","county":"London","post_code":"SW1H
        9AJ","country":"Great Britain"},"phone":"123 456"},"donor":{"date_of_birth":"1970-01-31","title":"Mr","first_name":"Johnny","middle_names":"","last_name":"Smithson","address":{"address_line1":"102
        Petty France","address_line2":"","address_line3":"","town":"Westminster","county":"London","post_code":"SW1H
        9AJ","country":"Great Britain"},"phone":"123 456","email":"johnny@example.com"},"attorneys":[],"replacement_attorneys":[],"people_to_be_told":[]}'
    http_version: 
  recorded_at: Tue, 03 Dec 2013 17:15:36 GMT
- request:
    method: get
    uri: http://localhost:9292/api/lpas/529e11b6526f6283424b0900.json
    body:
      encoding: US-ASCII
      string: ''
    headers:
      Accept:
      - application/json
      Secure-Token:
      - QvV_STVRnFWLUmxGFxJD
      Accept-Encoding:
      - gzip;q=1.0,deflate;q=0.6,identity;q=0.3
      User-Agent:
      - Ruby
  response:
    status:
      code: 200
      message: OK
    headers:
      Content-Type:
      - application/json
      Content-Length:
      - '1020'
      Connection:
      - keep-alive
      Server:
      - thin 1.6.1 codename Death Proof
    body:
      encoding: UTF-8
      string: '{"id":"529e11b6526f6283424b0900","uri":"http://localhost/api/lpas.json/529e11b6526f6283424b0900.json","type":"Property
        and financial affairs","when_to_use":"as soon as it''s registered (with my
        consent)","applicant":{"id":"529e11b6526f628342490900","uri":"http://localhost/api/applicants.json/529e11b6526f628342490900.json","date_of_birth":"2013-12-03","title":"Mr","first_name":"Johnny","middle_names":"","last_name":"Smithson","address":{"address_line1":"102
        Petty France","address_line2":"","address_line3":"","town":"Westminster","county":"London","post_code":"SW1H
        9AJ","country":"Great Britain"},"phone":"123 456"},"donor":{"date_of_birth":"1970-01-31","title":"Mr","first_name":"Johnny","middle_names":"","last_name":"Smithson","address":{"address_line1":"102
        Petty France","address_line2":"","address_line3":"","town":"Westminster","county":"London","post_code":"SW1H
        9AJ","country":"Great Britain"},"phone":"123 456","email":"johnny@example.com"},"attorneys":[],"replacement_attorneys":[],"people_to_be_told":[]}'
    http_version: 
  recorded_at: Tue, 03 Dec 2013 17:15:36 GMT
- request:
    method: put
    uri: http://localhost:9292/api/lpas/529e11b6526f6283424b0900.json
    body:
      encoding: UTF-8
      string: '{"donor":{"address":{"address_line1":"102 Petty France","address_line2":"","address_line3":"","town":"Westminster","county":"London","post_code":"SW1H
        9AJ","country":"Great Britain"},"date_of_birth":"1970-01-31","title":"Mr","first_name":"Johnny","middle_names":"","last_name":"Smithson","phone":"123
        456","email":"johnny@example.com"},"certificate_provider":null,"certificate_provider2":null,"people_to_be_told":[],"attorneys":[{"address":{"address_line1":"102
        Petty France","address_line2":"","address_line3":"","town":"Westminster","county":"London","post_code":"SW1H
        9AJ","country":"Great Britain"},"title":"Mr","first_name":"Dave","middle_names":"","last_name":"Jameson","email":"johnny@example.com","phone":"123
        456","date_of_birth":"2013-12-03T00:00:00+00:00"}],"replacement_attorneys":[],"id":"529e11b6526f6283424b0900","uri":"http://localhost/api/lpas.json/529e11b6526f6283424b0900.json","type":"Property
        and financial affairs","when_to_use":"as soon as it''s registered (with my
        consent)","applicant":{"address":{"address_line1":"102 Petty France","address_line2":"","address_line3":"","town":"Westminster","county":"London","post_code":"SW1H
        9AJ","country":"Great Britain"},"lpas":[],"id":"529e11b6526f628342490900","uri":"http://localhost/api/applicants.json/529e11b6526f628342490900.json","date_of_birth":"2013-12-03","title":"Mr","first_name":"Johnny","middle_names":"","last_name":"Smithson","phone":"123
        456"}}'
    headers:
      Content-Type:
      - application/json
      Secure-Token:
      - QvV_STVRnFWLUmxGFxJD
      Accept-Encoding:
      - gzip;q=1.0,deflate;q=0.6,identity;q=0.3
      Accept:
      - '*/*'
      User-Agent:
      - Ruby
  response:
    status:
      code: 200
      message: OK
    headers:
      Content-Type:
      - application/json
      Content-Length:
      - '1375'
      Connection:
      - keep-alive
      Server:
      - thin 1.6.1 codename Death Proof
    body:
      encoding: UTF-8
      string: '{"id":"529e11b6526f6283424b0900","uri":"http://localhost/api/lpas.json/529e11b6526f6283424b0900.json","type":"Property
        and financial affairs","when_to_use":"as soon as it''s registered (with my
        consent)","applicant":{"id":"529e11b6526f628342490900","uri":"http://localhost/api/applicants.json/529e11b6526f628342490900.json","date_of_birth":"2013-12-03","title":"Mr","first_name":"Johnny","middle_names":"","last_name":"Smithson","address":{"address_line1":"102
        Petty France","address_line2":"","address_line3":"","town":"Westminster","county":"London","post_code":"SW1H
        9AJ","country":"Great Britain"},"phone":"123 456"},"donor":{"date_of_birth":"1970-01-31","title":"Mr","first_name":"Johnny","middle_names":"","last_name":"Smithson","address":{"address_line1":"102
        Petty France","address_line2":"","address_line3":"","town":"Westminster","county":"London","post_code":"SW1H
        9AJ","country":"Great Britain"},"phone":"123 456","email":"johnny@example.com"},"attorneys":[{"id":"529e11b8526f6283424e0900","date_of_birth":"2013-12-03","title":"Mr","first_name":"Dave","middle_names":"","last_name":"Jameson","address":{"address_line1":"102
        Petty France","address_line2":"","address_line3":"","town":"Westminster","county":"London","post_code":"SW1H
        9AJ","country":"Great Britain"},"phone":"123 456","email":"johnny@example.com"}],"replacement_attorneys":[],"people_to_be_told":[]}'
    http_version: 
  recorded_at: Tue, 03 Dec 2013 17:15:36 GMT
- request:
    method: get
    uri: http://localhost:9292/api/lpas/529e11b6526f6283424b0900.json
    body:
      encoding: US-ASCII
      string: ''
    headers:
      Accept:
      - application/json
      Secure-Token:
      - QvV_STVRnFWLUmxGFxJD
      Accept-Encoding:
      - gzip;q=1.0,deflate;q=0.6,identity;q=0.3
      User-Agent:
      - Ruby
  response:
    status:
      code: 200
      message: OK
    headers:
      Content-Type:
      - application/json
      Content-Length:
      - '1375'
      Connection:
      - keep-alive
      Server:
      - thin 1.6.1 codename Death Proof
    body:
      encoding: UTF-8
      string: '{"id":"529e11b6526f6283424b0900","uri":"http://localhost/api/lpas.json/529e11b6526f6283424b0900.json","type":"Property
        and financial affairs","when_to_use":"as soon as it''s registered (with my
        consent)","applicant":{"id":"529e11b6526f628342490900","uri":"http://localhost/api/applicants.json/529e11b6526f628342490900.json","date_of_birth":"2013-12-03","title":"Mr","first_name":"Johnny","middle_names":"","last_name":"Smithson","address":{"address_line1":"102
        Petty France","address_line2":"","address_line3":"","town":"Westminster","county":"London","post_code":"SW1H
        9AJ","country":"Great Britain"},"phone":"123 456"},"donor":{"date_of_birth":"1970-01-31","title":"Mr","first_name":"Johnny","middle_names":"","last_name":"Smithson","address":{"address_line1":"102
        Petty France","address_line2":"","address_line3":"","town":"Westminster","county":"London","post_code":"SW1H
        9AJ","country":"Great Britain"},"phone":"123 456","email":"johnny@example.com"},"attorneys":[{"id":"529e11b8526f6283424e0900","date_of_birth":"2013-12-03","title":"Mr","first_name":"Dave","middle_names":"","last_name":"Jameson","address":{"address_line1":"102
        Petty France","address_line2":"","address_line3":"","town":"Westminster","county":"London","post_code":"SW1H
        9AJ","country":"Great Britain"},"phone":"123 456","email":"johnny@example.com"}],"replacement_attorneys":[],"people_to_be_told":[]}'
    http_version: 
  recorded_at: Tue, 03 Dec 2013 17:15:36 GMT
- request:
    method: get
    uri: http://localhost:9292/api/lpas/529e11b6526f6283424b0900.json
    body:
      encoding: US-ASCII
      string: ''
    headers:
      Accept:
      - application/json
      Secure-Token:
      - QvV_STVRnFWLUmxGFxJD
      Accept-Encoding:
      - gzip;q=1.0,deflate;q=0.6,identity;q=0.3
      User-Agent:
      - Ruby
  response:
    status:
      code: 200
      message: OK
    headers:
      Content-Type:
      - application/json
      Content-Length:
      - '1375'
      Connection:
      - keep-alive
      Server:
      - thin 1.6.1 codename Death Proof
    body:
      encoding: UTF-8
      string: '{"id":"529e11b6526f6283424b0900","uri":"http://localhost/api/lpas.json/529e11b6526f6283424b0900.json","type":"Property
        and financial affairs","when_to_use":"as soon as it''s registered (with my
        consent)","applicant":{"id":"529e11b6526f628342490900","uri":"http://localhost/api/applicants.json/529e11b6526f628342490900.json","date_of_birth":"2013-12-03","title":"Mr","first_name":"Johnny","middle_names":"","last_name":"Smithson","address":{"address_line1":"102
        Petty France","address_line2":"","address_line3":"","town":"Westminster","county":"London","post_code":"SW1H
        9AJ","country":"Great Britain"},"phone":"123 456"},"donor":{"date_of_birth":"1970-01-31","title":"Mr","first_name":"Johnny","middle_names":"","last_name":"Smithson","address":{"address_line1":"102
        Petty France","address_line2":"","address_line3":"","town":"Westminster","county":"London","post_code":"SW1H
        9AJ","country":"Great Britain"},"phone":"123 456","email":"johnny@example.com"},"attorneys":[{"id":"529e11b8526f6283424e0900","date_of_birth":"2013-12-03","title":"Mr","first_name":"Dave","middle_names":"","last_name":"Jameson","address":{"address_line1":"102
        Petty France","address_line2":"","address_line3":"","town":"Westminster","county":"London","post_code":"SW1H
        9AJ","country":"Great Britain"},"phone":"123 456","email":"johnny@example.com"}],"replacement_attorneys":[],"people_to_be_told":[]}'
    http_version: 
  recorded_at: Tue, 03 Dec 2013 17:15:36 GMT
- request:
    method: get
    uri: http://localhost:9292/api/lpas/529e11b6526f6283424b0900.json
    body:
      encoding: US-ASCII
      string: ''
    headers:
      Accept:
      - application/json
      Secure-Token:
      - QvV_STVRnFWLUmxGFxJD
      Accept-Encoding:
      - gzip;q=1.0,deflate;q=0.6,identity;q=0.3
      User-Agent:
      - Ruby
  response:
    status:
      code: 200
      message: OK
    headers:
      Content-Type:
      - application/json
      Content-Length:
      - '1375'
      Connection:
      - keep-alive
      Server:
      - thin 1.6.1 codename Death Proof
    body:
      encoding: UTF-8
      string: '{"id":"529e11b6526f6283424b0900","uri":"http://localhost/api/lpas.json/529e11b6526f6283424b0900.json","type":"Property
        and financial affairs","when_to_use":"as soon as it''s registered (with my
        consent)","applicant":{"id":"529e11b6526f628342490900","uri":"http://localhost/api/applicants.json/529e11b6526f628342490900.json","date_of_birth":"2013-12-03","title":"Mr","first_name":"Johnny","middle_names":"","last_name":"Smithson","address":{"address_line1":"102
        Petty France","address_line2":"","address_line3":"","town":"Westminster","county":"London","post_code":"SW1H
        9AJ","country":"Great Britain"},"phone":"123 456"},"donor":{"date_of_birth":"1970-01-31","title":"Mr","first_name":"Johnny","middle_names":"","last_name":"Smithson","address":{"address_line1":"102
        Petty France","address_line2":"","address_line3":"","town":"Westminster","county":"London","post_code":"SW1H
        9AJ","country":"Great Britain"},"phone":"123 456","email":"johnny@example.com"},"attorneys":[{"id":"529e11b8526f6283424e0900","date_of_birth":"2013-12-03","title":"Mr","first_name":"Dave","middle_names":"","last_name":"Jameson","address":{"address_line1":"102
        Petty France","address_line2":"","address_line3":"","town":"Westminster","county":"London","post_code":"SW1H
        9AJ","country":"Great Britain"},"phone":"123 456","email":"johnny@example.com"}],"replacement_attorneys":[],"people_to_be_told":[]}'
    http_version: 
  recorded_at: Tue, 03 Dec 2013 17:15:36 GMT
- request:
    method: get
    uri: http://localhost:9292/api/lpas/529e11b6526f6283424b0900.json
    body:
      encoding: US-ASCII
      string: ''
    headers:
      Accept:
      - application/json
      Secure-Token:
      - QvV_STVRnFWLUmxGFxJD
      Accept-Encoding:
      - gzip;q=1.0,deflate;q=0.6,identity;q=0.3
      User-Agent:
      - Ruby
  response:
    status:
      code: 200
      message: OK
    headers:
      Content-Type:
      - application/json
      Content-Length:
      - '1375'
      Connection:
      - keep-alive
      Server:
      - thin 1.6.1 codename Death Proof
    body:
      encoding: UTF-8
      string: '{"id":"529e11b6526f6283424b0900","uri":"http://localhost/api/lpas.json/529e11b6526f6283424b0900.json","type":"Property
        and financial affairs","when_to_use":"as soon as it''s registered (with my
        consent)","applicant":{"id":"529e11b6526f628342490900","uri":"http://localhost/api/applicants.json/529e11b6526f628342490900.json","date_of_birth":"2013-12-03","title":"Mr","first_name":"Johnny","middle_names":"","last_name":"Smithson","address":{"address_line1":"102
        Petty France","address_line2":"","address_line3":"","town":"Westminster","county":"London","post_code":"SW1H
        9AJ","country":"Great Britain"},"phone":"123 456"},"donor":{"date_of_birth":"1970-01-31","title":"Mr","first_name":"Johnny","middle_names":"","last_name":"Smithson","address":{"address_line1":"102
        Petty France","address_line2":"","address_line3":"","town":"Westminster","county":"London","post_code":"SW1H
        9AJ","country":"Great Britain"},"phone":"123 456","email":"johnny@example.com"},"attorneys":[{"id":"529e11b8526f6283424e0900","date_of_birth":"2013-12-03","title":"Mr","first_name":"Dave","middle_names":"","last_name":"Jameson","address":{"address_line1":"102
        Petty France","address_line2":"","address_line3":"","town":"Westminster","county":"London","post_code":"SW1H
        9AJ","country":"Great Britain"},"phone":"123 456","email":"johnny@example.com"}],"replacement_attorneys":[],"people_to_be_told":[]}'
    http_version: 
  recorded_at: Tue, 03 Dec 2013 17:15:36 GMT
- request:
    method: get
    uri: http://localhost:9292/api/lpas/529e11b6526f6283424b0900.json
    body:
      encoding: US-ASCII
      string: ''
    headers:
      Accept:
      - application/json
      Secure-Token:
      - QvV_STVRnFWLUmxGFxJD
      Accept-Encoding:
      - gzip;q=1.0,deflate;q=0.6,identity;q=0.3
      User-Agent:
      - Ruby
  response:
    status:
      code: 200
      message: OK
    headers:
      Content-Type:
      - application/json
      Content-Length:
      - '1375'
      Connection:
      - keep-alive
      Server:
      - thin 1.6.1 codename Death Proof
    body:
      encoding: UTF-8
      string: '{"id":"529e11b6526f6283424b0900","uri":"http://localhost/api/lpas.json/529e11b6526f6283424b0900.json","type":"Property
        and financial affairs","when_to_use":"as soon as it''s registered (with my
        consent)","applicant":{"id":"529e11b6526f628342490900","uri":"http://localhost/api/applicants.json/529e11b6526f628342490900.json","date_of_birth":"2013-12-03","title":"Mr","first_name":"Johnny","middle_names":"","last_name":"Smithson","address":{"address_line1":"102
        Petty France","address_line2":"","address_line3":"","town":"Westminster","county":"London","post_code":"SW1H
        9AJ","country":"Great Britain"},"phone":"123 456"},"donor":{"date_of_birth":"1970-01-31","title":"Mr","first_name":"Johnny","middle_names":"","last_name":"Smithson","address":{"address_line1":"102
        Petty France","address_line2":"","address_line3":"","town":"Westminster","county":"London","post_code":"SW1H
        9AJ","country":"Great Britain"},"phone":"123 456","email":"johnny@example.com"},"attorneys":[{"id":"529e11b8526f6283424e0900","date_of_birth":"2013-12-03","title":"Mr","first_name":"Dave","middle_names":"","last_name":"Jameson","address":{"address_line1":"102
        Petty France","address_line2":"","address_line3":"","town":"Westminster","county":"London","post_code":"SW1H
        9AJ","country":"Great Britain"},"phone":"123 456","email":"johnny@example.com"}],"replacement_attorneys":[],"people_to_be_told":[]}'
    http_version: 
  recorded_at: Tue, 03 Dec 2013 17:15:36 GMT
- request:
    method: put
    uri: http://localhost:9292/api/lpas/529e11b6526f6283424b0900.json
    body:
      encoding: UTF-8
      string: '{"donor":{"address":{"address_line1":"102 Petty France","address_line2":"","address_line3":"","town":"Westminster","county":"London","post_code":"SW1H
        9AJ","country":"Great Britain"},"date_of_birth":"1970-01-31","title":"Mr","first_name":"Johnny","middle_names":"","last_name":"Smithson","phone":"123
        456","email":"johnny@example.com"},"certificate_provider":null,"certificate_provider2":null,"people_to_be_told":[],"attorneys":[{"address":{"address_line1":"102
        Petty France","address_line2":"","address_line3":"","town":"Westminster","county":"London","post_code":"SW1H
        9AJ","country":"Great Britain"},"id":"529e11b8526f6283424e0900","date_of_birth":"2013-12-03","title":"Mr","first_name":"Dave","middle_names":"","last_name":"Jameson","phone":"123
        456","email":"johnny@example.com"}],"replacement_attorneys":[{"address":{"address_line1":"102
        Petty France","address_line2":"","address_line3":"","town":"Westminster","county":"London","post_code":"SW1H
        9AJ","country":"Great Britain"},"title":"Mr","first_name":"Bob","middle_names":"","last_name":"Man","email":"johnny@example.com","phone":"123
        456","date_of_birth":"2013-12-03T00:00:00+00:00"}],"id":"529e11b6526f6283424b0900","uri":"http://localhost/api/lpas.json/529e11b6526f6283424b0900.json","type":"Property
        and financial affairs","when_to_use":"as soon as it''s registered (with my
        consent)","applicant":{"address":{"address_line1":"102 Petty France","address_line2":"","address_line3":"","town":"Westminster","county":"London","post_code":"SW1H
        9AJ","country":"Great Britain"},"lpas":[],"id":"529e11b6526f628342490900","uri":"http://localhost/api/applicants.json/529e11b6526f628342490900.json","date_of_birth":"2013-12-03","title":"Mr","first_name":"Johnny","middle_names":"","last_name":"Smithson","phone":"123
        456"}}'
    headers:
      Content-Type:
      - application/json
      Secure-Token:
      - QvV_STVRnFWLUmxGFxJD
      Accept-Encoding:
      - gzip;q=1.0,deflate;q=0.6,identity;q=0.3
      Accept:
      - '*/*'
      User-Agent:
      - Ruby
  response:
    status:
      code: 200
      message: OK
    headers:
      Content-Type:
      - application/json
      Content-Length:
      - '1725'
      Connection:
      - keep-alive
      Server:
      - thin 1.6.1 codename Death Proof
    body:
      encoding: UTF-8
      string: '{"id":"529e11b6526f6283424b0900","uri":"http://localhost/api/lpas.json/529e11b6526f6283424b0900.json","type":"Property
        and financial affairs","when_to_use":"as soon as it''s registered (with my
        consent)","applicant":{"id":"529e11b6526f628342490900","uri":"http://localhost/api/applicants.json/529e11b6526f628342490900.json","date_of_birth":"2013-12-03","title":"Mr","first_name":"Johnny","middle_names":"","last_name":"Smithson","address":{"address_line1":"102
        Petty France","address_line2":"","address_line3":"","town":"Westminster","county":"London","post_code":"SW1H
        9AJ","country":"Great Britain"},"phone":"123 456"},"donor":{"date_of_birth":"1970-01-31","title":"Mr","first_name":"Johnny","middle_names":"","last_name":"Smithson","address":{"address_line1":"102
        Petty France","address_line2":"","address_line3":"","town":"Westminster","county":"London","post_code":"SW1H
        9AJ","country":"Great Britain"},"phone":"123 456","email":"johnny@example.com"},"attorneys":[{"id":"529e11b8526f6283424e0900","date_of_birth":"2013-12-03","title":"Mr","first_name":"Dave","middle_names":"","last_name":"Jameson","address":{"address_line1":"102
        Petty France","address_line2":"","address_line3":"","town":"Westminster","county":"London","post_code":"SW1H
        9AJ","country":"Great Britain"},"phone":"123 456","email":"johnny@example.com"}],"replacement_attorneys":[{"id":"529e11b8526f628342520900","date_of_birth":"2013-12-03","title":"Mr","first_name":"Bob","middle_names":"","last_name":"Man","address":{"address_line1":"102
        Petty France","address_line2":"","address_line3":"","town":"Westminster","county":"London","post_code":"SW1H
        9AJ","country":"Great Britain"},"phone":"123 456","email":"johnny@example.com"}],"people_to_be_told":[]}'
    http_version: 
  recorded_at: Tue, 03 Dec 2013 17:15:36 GMT
- request:
    method: get
    uri: http://localhost:9292/api/lpas/529e11b6526f6283424b0900.json
    body:
      encoding: US-ASCII
      string: ''
    headers:
      Accept:
      - application/json
      Secure-Token:
      - QvV_STVRnFWLUmxGFxJD
      Accept-Encoding:
      - gzip;q=1.0,deflate;q=0.6,identity;q=0.3
      User-Agent:
      - Ruby
  response:
    status:
      code: 200
      message: OK
    headers:
      Content-Type:
      - application/json
      Content-Length:
      - '1725'
      Connection:
      - keep-alive
      Server:
      - thin 1.6.1 codename Death Proof
    body:
      encoding: UTF-8
      string: '{"id":"529e11b6526f6283424b0900","uri":"http://localhost/api/lpas.json/529e11b6526f6283424b0900.json","type":"Property
        and financial affairs","when_to_use":"as soon as it''s registered (with my
        consent)","applicant":{"id":"529e11b6526f628342490900","uri":"http://localhost/api/applicants.json/529e11b6526f628342490900.json","date_of_birth":"2013-12-03","title":"Mr","first_name":"Johnny","middle_names":"","last_name":"Smithson","address":{"address_line1":"102
        Petty France","address_line2":"","address_line3":"","town":"Westminster","county":"London","post_code":"SW1H
        9AJ","country":"Great Britain"},"phone":"123 456"},"donor":{"date_of_birth":"1970-01-31","title":"Mr","first_name":"Johnny","middle_names":"","last_name":"Smithson","address":{"address_line1":"102
        Petty France","address_line2":"","address_line3":"","town":"Westminster","county":"London","post_code":"SW1H
        9AJ","country":"Great Britain"},"phone":"123 456","email":"johnny@example.com"},"attorneys":[{"id":"529e11b8526f6283424e0900","date_of_birth":"2013-12-03","title":"Mr","first_name":"Dave","middle_names":"","last_name":"Jameson","address":{"address_line1":"102
        Petty France","address_line2":"","address_line3":"","town":"Westminster","county":"London","post_code":"SW1H
        9AJ","country":"Great Britain"},"phone":"123 456","email":"johnny@example.com"}],"replacement_attorneys":[{"id":"529e11b8526f628342520900","date_of_birth":"2013-12-03","title":"Mr","first_name":"Bob","middle_names":"","last_name":"Man","address":{"address_line1":"102
        Petty France","address_line2":"","address_line3":"","town":"Westminster","county":"London","post_code":"SW1H
        9AJ","country":"Great Britain"},"phone":"123 456","email":"johnny@example.com"}],"people_to_be_told":[]}'
    http_version: 
  recorded_at: Tue, 03 Dec 2013 17:15:36 GMT
- request:
    method: get
    uri: http://localhost:9292/api/lpas/529e11b6526f6283424b0900.json
    body:
      encoding: US-ASCII
      string: ''
    headers:
      Accept:
      - application/json
      Secure-Token:
      - QvV_STVRnFWLUmxGFxJD
      Accept-Encoding:
      - gzip;q=1.0,deflate;q=0.6,identity;q=0.3
      User-Agent:
      - Ruby
  response:
    status:
      code: 200
      message: OK
    headers:
      Content-Type:
      - application/json
      Content-Length:
      - '1725'
      Connection:
      - keep-alive
      Server:
      - thin 1.6.1 codename Death Proof
    body:
      encoding: UTF-8
      string: '{"id":"529e11b6526f6283424b0900","uri":"http://localhost/api/lpas.json/529e11b6526f6283424b0900.json","type":"Property
        and financial affairs","when_to_use":"as soon as it''s registered (with my
        consent)","applicant":{"id":"529e11b6526f628342490900","uri":"http://localhost/api/applicants.json/529e11b6526f628342490900.json","date_of_birth":"2013-12-03","title":"Mr","first_name":"Johnny","middle_names":"","last_name":"Smithson","address":{"address_line1":"102
        Petty France","address_line2":"","address_line3":"","town":"Westminster","county":"London","post_code":"SW1H
        9AJ","country":"Great Britain"},"phone":"123 456"},"donor":{"date_of_birth":"1970-01-31","title":"Mr","first_name":"Johnny","middle_names":"","last_name":"Smithson","address":{"address_line1":"102
        Petty France","address_line2":"","address_line3":"","town":"Westminster","county":"London","post_code":"SW1H
        9AJ","country":"Great Britain"},"phone":"123 456","email":"johnny@example.com"},"attorneys":[{"id":"529e11b8526f6283424e0900","date_of_birth":"2013-12-03","title":"Mr","first_name":"Dave","middle_names":"","last_name":"Jameson","address":{"address_line1":"102
        Petty France","address_line2":"","address_line3":"","town":"Westminster","county":"London","post_code":"SW1H
        9AJ","country":"Great Britain"},"phone":"123 456","email":"johnny@example.com"}],"replacement_attorneys":[{"id":"529e11b8526f628342520900","date_of_birth":"2013-12-03","title":"Mr","first_name":"Bob","middle_names":"","last_name":"Man","address":{"address_line1":"102
        Petty France","address_line2":"","address_line3":"","town":"Westminster","county":"London","post_code":"SW1H
        9AJ","country":"Great Britain"},"phone":"123 456","email":"johnny@example.com"}],"people_to_be_told":[]}'
    http_version: 
  recorded_at: Tue, 03 Dec 2013 17:15:36 GMT
- request:
    method: get
    uri: http://localhost:9292/api/lpas/529e11b6526f6283424b0900.json
    body:
      encoding: US-ASCII
      string: ''
    headers:
      Accept:
      - application/json
      Secure-Token:
      - QvV_STVRnFWLUmxGFxJD
      Accept-Encoding:
      - gzip;q=1.0,deflate;q=0.6,identity;q=0.3
      User-Agent:
      - Ruby
  response:
    status:
      code: 200
      message: OK
    headers:
      Content-Type:
      - application/json
      Content-Length:
      - '1725'
      Connection:
      - keep-alive
      Server:
      - thin 1.6.1 codename Death Proof
    body:
      encoding: UTF-8
      string: '{"id":"529e11b6526f6283424b0900","uri":"http://localhost/api/lpas.json/529e11b6526f6283424b0900.json","type":"Property
        and financial affairs","when_to_use":"as soon as it''s registered (with my
        consent)","applicant":{"id":"529e11b6526f628342490900","uri":"http://localhost/api/applicants.json/529e11b6526f628342490900.json","date_of_birth":"2013-12-03","title":"Mr","first_name":"Johnny","middle_names":"","last_name":"Smithson","address":{"address_line1":"102
        Petty France","address_line2":"","address_line3":"","town":"Westminster","county":"London","post_code":"SW1H
        9AJ","country":"Great Britain"},"phone":"123 456"},"donor":{"date_of_birth":"1970-01-31","title":"Mr","first_name":"Johnny","middle_names":"","last_name":"Smithson","address":{"address_line1":"102
        Petty France","address_line2":"","address_line3":"","town":"Westminster","county":"London","post_code":"SW1H
        9AJ","country":"Great Britain"},"phone":"123 456","email":"johnny@example.com"},"attorneys":[{"id":"529e11b8526f6283424e0900","date_of_birth":"2013-12-03","title":"Mr","first_name":"Dave","middle_names":"","last_name":"Jameson","address":{"address_line1":"102
        Petty France","address_line2":"","address_line3":"","town":"Westminster","county":"London","post_code":"SW1H
        9AJ","country":"Great Britain"},"phone":"123 456","email":"johnny@example.com"}],"replacement_attorneys":[{"id":"529e11b8526f628342520900","date_of_birth":"2013-12-03","title":"Mr","first_name":"Bob","middle_names":"","last_name":"Man","address":{"address_line1":"102
        Petty France","address_line2":"","address_line3":"","town":"Westminster","county":"London","post_code":"SW1H
        9AJ","country":"Great Britain"},"phone":"123 456","email":"johnny@example.com"}],"people_to_be_told":[]}'
    http_version: 
  recorded_at: Tue, 03 Dec 2013 17:15:36 GMT
- request:
    method: get
    uri: http://localhost:9292/api/lpas/529e11b6526f6283424b0900.json
    body:
      encoding: US-ASCII
      string: ''
    headers:
      Accept:
      - application/json
      Secure-Token:
      - QvV_STVRnFWLUmxGFxJD
      Accept-Encoding:
      - gzip;q=1.0,deflate;q=0.6,identity;q=0.3
      User-Agent:
      - Ruby
  response:
    status:
      code: 200
      message: OK
    headers:
      Content-Type:
      - application/json
      Content-Length:
      - '1725'
      Connection:
      - keep-alive
      Server:
      - thin 1.6.1 codename Death Proof
    body:
      encoding: UTF-8
      string: '{"id":"529e11b6526f6283424b0900","uri":"http://localhost/api/lpas.json/529e11b6526f6283424b0900.json","type":"Property
        and financial affairs","when_to_use":"as soon as it''s registered (with my
        consent)","applicant":{"id":"529e11b6526f628342490900","uri":"http://localhost/api/applicants.json/529e11b6526f628342490900.json","date_of_birth":"2013-12-03","title":"Mr","first_name":"Johnny","middle_names":"","last_name":"Smithson","address":{"address_line1":"102
        Petty France","address_line2":"","address_line3":"","town":"Westminster","county":"London","post_code":"SW1H
        9AJ","country":"Great Britain"},"phone":"123 456"},"donor":{"date_of_birth":"1970-01-31","title":"Mr","first_name":"Johnny","middle_names":"","last_name":"Smithson","address":{"address_line1":"102
        Petty France","address_line2":"","address_line3":"","town":"Westminster","county":"London","post_code":"SW1H
        9AJ","country":"Great Britain"},"phone":"123 456","email":"johnny@example.com"},"attorneys":[{"id":"529e11b8526f6283424e0900","date_of_birth":"2013-12-03","title":"Mr","first_name":"Dave","middle_names":"","last_name":"Jameson","address":{"address_line1":"102
        Petty France","address_line2":"","address_line3":"","town":"Westminster","county":"London","post_code":"SW1H
        9AJ","country":"Great Britain"},"phone":"123 456","email":"johnny@example.com"}],"replacement_attorneys":[{"id":"529e11b8526f628342520900","date_of_birth":"2013-12-03","title":"Mr","first_name":"Bob","middle_names":"","last_name":"Man","address":{"address_line1":"102
        Petty France","address_line2":"","address_line3":"","town":"Westminster","county":"London","post_code":"SW1H
        9AJ","country":"Great Britain"},"phone":"123 456","email":"johnny@example.com"}],"people_to_be_told":[]}'
    http_version: 
  recorded_at: Tue, 03 Dec 2013 17:15:37 GMT
- request:
    method: put
    uri: http://localhost:9292/api/lpas/529e11b6526f6283424b0900.json
    body:
      encoding: UTF-8
      string: '{"donor":{"address":{"address_line1":"102 Petty France","address_line2":"","address_line3":"","town":"Westminster","county":"London","post_code":"SW1H
        9AJ","country":"Great Britain"},"date_of_birth":"1970-01-31","title":"Mr","first_name":"Johnny","middle_names":"","last_name":"Smithson","phone":"123
        456","email":"johnny@example.com"},"certificate_provider":{"address":{"address_line1":"102
        Petty France","address_line2":"","address_line3":"","town":"Westminster","county":"London","post_code":"SW1H
        9AJ","country":"Great Britain"},"title":"Mr","first_name":"Charlie","middle_names":"","last_name":"Prover","email":"johnny@example.com"},"certificate_provider2":null,"people_to_be_told":[],"attorneys":[{"address":{"address_line1":"102
        Petty France","address_line2":"","address_line3":"","town":"Westminster","county":"London","post_code":"SW1H
        9AJ","country":"Great Britain"},"id":"529e11b8526f6283424e0900","date_of_birth":"2013-12-03","title":"Mr","first_name":"Dave","middle_names":"","last_name":"Jameson","phone":"123
        456","email":"johnny@example.com"}],"replacement_attorneys":[{"address":{"address_line1":"102
        Petty France","address_line2":"","address_line3":"","town":"Westminster","county":"London","post_code":"SW1H
        9AJ","country":"Great Britain"},"id":"529e11b8526f628342520900","date_of_birth":"2013-12-03","title":"Mr","first_name":"Bob","middle_names":"","last_name":"Man","phone":"123
        456","email":"johnny@example.com"}],"id":"529e11b6526f6283424b0900","uri":"http://localhost/api/lpas.json/529e11b6526f6283424b0900.json","type":"Property
        and financial affairs","when_to_use":"as soon as it''s registered (with my
        consent)","applicant":{"address":{"address_line1":"102 Petty France","address_line2":"","address_line3":"","town":"Westminster","county":"London","post_code":"SW1H
        9AJ","country":"Great Britain"},"lpas":[],"id":"529e11b6526f628342490900","uri":"http://localhost/api/applicants.json/529e11b6526f628342490900.json","date_of_birth":"2013-12-03","title":"Mr","first_name":"Johnny","middle_names":"","last_name":"Smithson","phone":"123
        456"}}'
    headers:
      Content-Type:
      - application/json
      Secure-Token:
      - QvV_STVRnFWLUmxGFxJD
      Accept-Encoding:
      - gzip;q=1.0,deflate;q=0.6,identity;q=0.3
      Accept:
      - '*/*'
      User-Agent:
      - Ruby
  response:
    status:
      code: 200
      message: OK
    headers:
      Content-Type:
      - application/json
      Content-Length:
      - '2027'
      Connection:
      - keep-alive
      Server:
      - thin 1.6.1 codename Death Proof
    body:
      encoding: UTF-8
      string: '{"id":"529e11b6526f6283424b0900","uri":"http://localhost/api/lpas.json/529e11b6526f6283424b0900.json","type":"Property
        and financial affairs","when_to_use":"as soon as it''s registered (with my
        consent)","applicant":{"id":"529e11b6526f628342490900","uri":"http://localhost/api/applicants.json/529e11b6526f628342490900.json","date_of_birth":"2013-12-03","title":"Mr","first_name":"Johnny","middle_names":"","last_name":"Smithson","address":{"address_line1":"102
        Petty France","address_line2":"","address_line3":"","town":"Westminster","county":"London","post_code":"SW1H
        9AJ","country":"Great Britain"},"phone":"123 456"},"donor":{"date_of_birth":"1970-01-31","title":"Mr","first_name":"Johnny","middle_names":"","last_name":"Smithson","address":{"address_line1":"102
        Petty France","address_line2":"","address_line3":"","town":"Westminster","county":"London","post_code":"SW1H
        9AJ","country":"Great Britain"},"phone":"123 456","email":"johnny@example.com"},"attorneys":[{"id":"529e11b8526f6283424e0900","date_of_birth":"2013-12-03","title":"Mr","first_name":"Dave","middle_names":"","last_name":"Jameson","address":{"address_line1":"102
        Petty France","address_line2":"","address_line3":"","town":"Westminster","county":"London","post_code":"SW1H
        9AJ","country":"Great Britain"},"phone":"123 456","email":"johnny@example.com"}],"replacement_attorneys":[{"id":"529e11b8526f628342520900","date_of_birth":"2013-12-03","title":"Mr","first_name":"Bob","middle_names":"","last_name":"Man","address":{"address_line1":"102
        Petty France","address_line2":"","address_line3":"","town":"Westminster","county":"London","post_code":"SW1H
        9AJ","country":"Great Britain"},"phone":"123 456","email":"johnny@example.com"}],"certificate_provider":{"title":"Mr","first_name":"Charlie","middle_names":"","last_name":"Prover","address":{"address_line1":"102
        Petty France","address_line2":"","address_line3":"","town":"Westminster","county":"London","post_code":"SW1H
        9AJ","country":"Great Britain"},"email":"johnny@example.com"},"people_to_be_told":[]}'
    http_version: 
  recorded_at: Tue, 03 Dec 2013 17:15:37 GMT
- request:
    method: put
    uri: http://localhost:9292/api/lpas/529e11b6526f6283424b0900.json
    body:
      encoding: UTF-8
      string: '{"donor":{"address":{"address_line1":"102 Petty France","address_line2":"","address_line3":"","town":"Westminster","county":"London","post_code":"SW1H
        9AJ","country":"Great Britain"},"date_of_birth":"1970-01-31","title":"Mr","first_name":"Johnny","middle_names":"","last_name":"Smithson","phone":"123
        456","email":"johnny@example.com"},"certificate_provider":{"address":{"address_line1":"102
        Petty France","address_line2":"","address_line3":"","town":"Westminster","county":"London","post_code":"SW1H
        9AJ","country":"Great Britain"},"title":"Mr","first_name":"Charlie","middle_names":"","last_name":"Prover","email":"johnny@example.com"},"certificate_provider2":null,"people_to_be_told":[],"attorneys":[{"address":{"address_line1":"102
        Petty France","address_line2":"","address_line3":"","town":"Westminster","county":"London","post_code":"SW1H
        9AJ","country":"Great Britain"},"id":"529e11b8526f6283424e0900","date_of_birth":"2013-12-03","title":"Mr","first_name":"Dave","middle_names":"","last_name":"Jameson","phone":"123
        456","email":"johnny@example.com"}],"replacement_attorneys":[{"address":{"address_line1":"102
        Petty France","address_line2":"","address_line3":"","town":"Westminster","county":"London","post_code":"SW1H
        9AJ","country":"Great Britain"},"id":"529e11b8526f628342520900","date_of_birth":"2013-12-03","title":"Mr","first_name":"Bob","middle_names":"","last_name":"Man","phone":"123
        456","email":"johnny@example.com"}],"id":"529e11b6526f6283424b0900","uri":"http://localhost/api/lpas.json/529e11b6526f6283424b0900.json","type":"Property
        and financial affairs","when_to_use":"as soon as it''s registered (with my
        consent)","applicant":{"address":{"address_line1":"102 Petty France","address_line2":"","address_line3":"","town":"Westminster","county":"London","post_code":"SW1H
        9AJ","country":"Great Britain"},"lpas":[],"id":"529e11b6526f628342490900","uri":"http://localhost/api/applicants.json/529e11b6526f628342490900.json","date_of_birth":"2013-12-03","title":"Mr","first_name":"Johnny","middle_names":"","last_name":"Smithson","phone":"123
        456"}}'
    headers:
      Content-Type:
      - application/json
      Secure-Token:
      - QvV_STVRnFWLUmxGFxJD
      Accept-Encoding:
      - gzip;q=1.0,deflate;q=0.6,identity;q=0.3
      Accept:
      - '*/*'
      User-Agent:
      - Ruby
  response:
    status:
      code: 200
      message: OK
    headers:
      Content-Type:
      - application/json
      Content-Length:
      - '2027'
      Connection:
      - keep-alive
      Server:
      - thin 1.6.1 codename Death Proof
    body:
      encoding: UTF-8
      string: '{"id":"529e11b6526f6283424b0900","uri":"http://localhost/api/lpas.json/529e11b6526f6283424b0900.json","type":"Property
        and financial affairs","when_to_use":"as soon as it''s registered (with my
        consent)","applicant":{"id":"529e11b6526f628342490900","uri":"http://localhost/api/applicants.json/529e11b6526f628342490900.json","date_of_birth":"2013-12-03","title":"Mr","first_name":"Johnny","middle_names":"","last_name":"Smithson","address":{"address_line1":"102
        Petty France","address_line2":"","address_line3":"","town":"Westminster","county":"London","post_code":"SW1H
        9AJ","country":"Great Britain"},"phone":"123 456"},"donor":{"date_of_birth":"1970-01-31","title":"Mr","first_name":"Johnny","middle_names":"","last_name":"Smithson","address":{"address_line1":"102
        Petty France","address_line2":"","address_line3":"","town":"Westminster","county":"London","post_code":"SW1H
        9AJ","country":"Great Britain"},"phone":"123 456","email":"johnny@example.com"},"attorneys":[{"id":"529e11b8526f6283424e0900","date_of_birth":"2013-12-03","title":"Mr","first_name":"Dave","middle_names":"","last_name":"Jameson","address":{"address_line1":"102
        Petty France","address_line2":"","address_line3":"","town":"Westminster","county":"London","post_code":"SW1H
        9AJ","country":"Great Britain"},"phone":"123 456","email":"johnny@example.com"}],"replacement_attorneys":[{"id":"529e11b8526f628342520900","date_of_birth":"2013-12-03","title":"Mr","first_name":"Bob","middle_names":"","last_name":"Man","address":{"address_line1":"102
        Petty France","address_line2":"","address_line3":"","town":"Westminster","county":"London","post_code":"SW1H
        9AJ","country":"Great Britain"},"phone":"123 456","email":"johnny@example.com"}],"certificate_provider":{"title":"Mr","first_name":"Charlie","middle_names":"","last_name":"Prover","address":{"address_line1":"102
        Petty France","address_line2":"","address_line3":"","town":"Westminster","county":"London","post_code":"SW1H
        9AJ","country":"Great Britain"},"email":"johnny@example.com"},"people_to_be_told":[]}'
    http_version: 
  recorded_at: Tue, 03 Dec 2013 17:15:37 GMT
- request:
    method: get
    uri: http://localhost:9292/api/lpas/529e11b6526f6283424b0900.json
    body:
      encoding: US-ASCII
      string: ''
    headers:
      Accept:
      - application/json
      Secure-Token:
      - QvV_STVRnFWLUmxGFxJD
      Accept-Encoding:
      - gzip;q=1.0,deflate;q=0.6,identity;q=0.3
      User-Agent:
      - Ruby
  response:
    status:
      code: 200
      message: OK
    headers:
      Content-Type:
      - application/json
      Content-Length:
      - '2027'
      Connection:
      - keep-alive
      Server:
      - thin 1.6.1 codename Death Proof
    body:
      encoding: UTF-8
      string: '{"id":"529e11b6526f6283424b0900","uri":"http://localhost/api/lpas.json/529e11b6526f6283424b0900.json","type":"Property
        and financial affairs","when_to_use":"as soon as it''s registered (with my
        consent)","applicant":{"id":"529e11b6526f628342490900","uri":"http://localhost/api/applicants.json/529e11b6526f628342490900.json","date_of_birth":"2013-12-03","title":"Mr","first_name":"Johnny","middle_names":"","last_name":"Smithson","address":{"address_line1":"102
        Petty France","address_line2":"","address_line3":"","town":"Westminster","county":"London","post_code":"SW1H
        9AJ","country":"Great Britain"},"phone":"123 456"},"donor":{"date_of_birth":"1970-01-31","title":"Mr","first_name":"Johnny","middle_names":"","last_name":"Smithson","address":{"address_line1":"102
        Petty France","address_line2":"","address_line3":"","town":"Westminster","county":"London","post_code":"SW1H
        9AJ","country":"Great Britain"},"phone":"123 456","email":"johnny@example.com"},"attorneys":[{"id":"529e11b8526f6283424e0900","date_of_birth":"2013-12-03","title":"Mr","first_name":"Dave","middle_names":"","last_name":"Jameson","address":{"address_line1":"102
        Petty France","address_line2":"","address_line3":"","town":"Westminster","county":"London","post_code":"SW1H
        9AJ","country":"Great Britain"},"phone":"123 456","email":"johnny@example.com"}],"replacement_attorneys":[{"id":"529e11b8526f628342520900","date_of_birth":"2013-12-03","title":"Mr","first_name":"Bob","middle_names":"","last_name":"Man","address":{"address_line1":"102
        Petty France","address_line2":"","address_line3":"","town":"Westminster","county":"London","post_code":"SW1H
        9AJ","country":"Great Britain"},"phone":"123 456","email":"johnny@example.com"}],"certificate_provider":{"title":"Mr","first_name":"Charlie","middle_names":"","last_name":"Prover","address":{"address_line1":"102
        Petty France","address_line2":"","address_line3":"","town":"Westminster","county":"London","post_code":"SW1H
        9AJ","country":"Great Britain"},"email":"johnny@example.com"},"people_to_be_told":[]}'
    http_version: 
  recorded_at: Tue, 03 Dec 2013 17:15:37 GMT
- request:
    method: get
    uri: http://localhost:9292/api/lpas/529e11b6526f6283424b0900.json
    body:
      encoding: US-ASCII
      string: ''
    headers:
      Accept:
      - application/json
      Secure-Token:
      - QvV_STVRnFWLUmxGFxJD
      Accept-Encoding:
      - gzip;q=1.0,deflate;q=0.6,identity;q=0.3
      User-Agent:
      - Ruby
  response:
    status:
      code: 200
      message: OK
    headers:
      Content-Type:
      - application/json
      Content-Length:
      - '2027'
      Connection:
      - keep-alive
      Server:
      - thin 1.6.1 codename Death Proof
    body:
      encoding: UTF-8
      string: '{"id":"529e11b6526f6283424b0900","uri":"http://localhost/api/lpas.json/529e11b6526f6283424b0900.json","type":"Property
        and financial affairs","when_to_use":"as soon as it''s registered (with my
        consent)","applicant":{"id":"529e11b6526f628342490900","uri":"http://localhost/api/applicants.json/529e11b6526f628342490900.json","date_of_birth":"2013-12-03","title":"Mr","first_name":"Johnny","middle_names":"","last_name":"Smithson","address":{"address_line1":"102
        Petty France","address_line2":"","address_line3":"","town":"Westminster","county":"London","post_code":"SW1H
        9AJ","country":"Great Britain"},"phone":"123 456"},"donor":{"date_of_birth":"1970-01-31","title":"Mr","first_name":"Johnny","middle_names":"","last_name":"Smithson","address":{"address_line1":"102
        Petty France","address_line2":"","address_line3":"","town":"Westminster","county":"London","post_code":"SW1H
        9AJ","country":"Great Britain"},"phone":"123 456","email":"johnny@example.com"},"attorneys":[{"id":"529e11b8526f6283424e0900","date_of_birth":"2013-12-03","title":"Mr","first_name":"Dave","middle_names":"","last_name":"Jameson","address":{"address_line1":"102
        Petty France","address_line2":"","address_line3":"","town":"Westminster","county":"London","post_code":"SW1H
        9AJ","country":"Great Britain"},"phone":"123 456","email":"johnny@example.com"}],"replacement_attorneys":[{"id":"529e11b8526f628342520900","date_of_birth":"2013-12-03","title":"Mr","first_name":"Bob","middle_names":"","last_name":"Man","address":{"address_line1":"102
        Petty France","address_line2":"","address_line3":"","town":"Westminster","county":"London","post_code":"SW1H
        9AJ","country":"Great Britain"},"phone":"123 456","email":"johnny@example.com"}],"certificate_provider":{"title":"Mr","first_name":"Charlie","middle_names":"","last_name":"Prover","address":{"address_line1":"102
        Petty France","address_line2":"","address_line3":"","town":"Westminster","county":"London","post_code":"SW1H
        9AJ","country":"Great Britain"},"email":"johnny@example.com"},"people_to_be_told":[]}'
    http_version: 
  recorded_at: Tue, 03 Dec 2013 17:15:37 GMT
- request:
    method: get
    uri: http://localhost:9292/api/lpas/529e11b6526f6283424b0900.json
    body:
      encoding: US-ASCII
      string: ''
    headers:
      Accept:
      - application/json
      Secure-Token:
      - QvV_STVRnFWLUmxGFxJD
      Accept-Encoding:
      - gzip;q=1.0,deflate;q=0.6,identity;q=0.3
      User-Agent:
      - Ruby
  response:
    status:
      code: 200
      message: OK
    headers:
      Content-Type:
      - application/json
      Content-Length:
      - '2027'
      Connection:
      - keep-alive
      Server:
      - thin 1.6.1 codename Death Proof
    body:
      encoding: UTF-8
      string: '{"id":"529e11b6526f6283424b0900","uri":"http://localhost/api/lpas.json/529e11b6526f6283424b0900.json","type":"Property
        and financial affairs","when_to_use":"as soon as it''s registered (with my
        consent)","applicant":{"id":"529e11b6526f628342490900","uri":"http://localhost/api/applicants.json/529e11b6526f628342490900.json","date_of_birth":"2013-12-03","title":"Mr","first_name":"Johnny","middle_names":"","last_name":"Smithson","address":{"address_line1":"102
        Petty France","address_line2":"","address_line3":"","town":"Westminster","county":"London","post_code":"SW1H
        9AJ","country":"Great Britain"},"phone":"123 456"},"donor":{"date_of_birth":"1970-01-31","title":"Mr","first_name":"Johnny","middle_names":"","last_name":"Smithson","address":{"address_line1":"102
        Petty France","address_line2":"","address_line3":"","town":"Westminster","county":"London","post_code":"SW1H
        9AJ","country":"Great Britain"},"phone":"123 456","email":"johnny@example.com"},"attorneys":[{"id":"529e11b8526f6283424e0900","date_of_birth":"2013-12-03","title":"Mr","first_name":"Dave","middle_names":"","last_name":"Jameson","address":{"address_line1":"102
        Petty France","address_line2":"","address_line3":"","town":"Westminster","county":"London","post_code":"SW1H
        9AJ","country":"Great Britain"},"phone":"123 456","email":"johnny@example.com"}],"replacement_attorneys":[{"id":"529e11b8526f628342520900","date_of_birth":"2013-12-03","title":"Mr","first_name":"Bob","middle_names":"","last_name":"Man","address":{"address_line1":"102
        Petty France","address_line2":"","address_line3":"","town":"Westminster","county":"London","post_code":"SW1H
        9AJ","country":"Great Britain"},"phone":"123 456","email":"johnny@example.com"}],"certificate_provider":{"title":"Mr","first_name":"Charlie","middle_names":"","last_name":"Prover","address":{"address_line1":"102
        Petty France","address_line2":"","address_line3":"","town":"Westminster","county":"London","post_code":"SW1H
        9AJ","country":"Great Britain"},"email":"johnny@example.com"},"people_to_be_told":[]}'
    http_version: 
  recorded_at: Tue, 03 Dec 2013 17:15:37 GMT
- request:
    method: put
    uri: http://localhost:9292/api/lpas/529e11b6526f6283424b0900.json
    body:
      encoding: UTF-8
      string: '{"donor":{"address":{"address_line1":"102 Petty France","address_line2":"","address_line3":"","town":"Westminster","county":"London","post_code":"SW1H
        9AJ","country":"Great Britain"},"date_of_birth":"1970-01-31","title":"Mr","first_name":"Johnny","middle_names":"","last_name":"Smithson","phone":"123
        456","email":"johnny@example.com"},"certificate_provider":{"address":{"address_line1":"102
        Petty France","address_line2":"","address_line3":"","town":"Westminster","county":"London","post_code":"SW1H
        9AJ","country":"Great Britain"},"title":"Mr","first_name":"Charlie","middle_names":"","last_name":"Prover","email":"johnny@example.com"},"certificate_provider2":{"address":{"address_line1":"102
        Petty France","address_line2":"","address_line3":"","town":"Westminster","county":"London","post_code":"SW1H
        9AJ","country":"Great Britain"},"title":"Mr","first_name":"Gregg","middle_names":"","last_name":"John","email":"johnny@example.com"},"people_to_be_told":[],"attorneys":[{"address":{"address_line1":"102
        Petty France","address_line2":"","address_line3":"","town":"Westminster","county":"London","post_code":"SW1H
        9AJ","country":"Great Britain"},"id":"529e11b8526f6283424e0900","date_of_birth":"2013-12-03","title":"Mr","first_name":"Dave","middle_names":"","last_name":"Jameson","phone":"123
        456","email":"johnny@example.com"}],"replacement_attorneys":[{"address":{"address_line1":"102
        Petty France","address_line2":"","address_line3":"","town":"Westminster","county":"London","post_code":"SW1H
        9AJ","country":"Great Britain"},"id":"529e11b8526f628342520900","date_of_birth":"2013-12-03","title":"Mr","first_name":"Bob","middle_names":"","last_name":"Man","phone":"123
        456","email":"johnny@example.com"}],"id":"529e11b6526f6283424b0900","uri":"http://localhost/api/lpas.json/529e11b6526f6283424b0900.json","type":"Property
        and financial affairs","when_to_use":"as soon as it''s registered (with my
        consent)","applicant":{"address":{"address_line1":"102 Petty France","address_line2":"","address_line3":"","town":"Westminster","county":"London","post_code":"SW1H
        9AJ","country":"Great Britain"},"lpas":[],"id":"529e11b6526f628342490900","uri":"http://localhost/api/applicants.json/529e11b6526f628342490900.json","date_of_birth":"2013-12-03","title":"Mr","first_name":"Johnny","middle_names":"","last_name":"Smithson","phone":"123
        456"}}'
    headers:
      Content-Type:
      - application/json
      Secure-Token:
      - QvV_STVRnFWLUmxGFxJD
      Accept-Encoding:
      - gzip;q=1.0,deflate;q=0.6,identity;q=0.3
      Accept:
      - '*/*'
      User-Agent:
      - Ruby
  response:
    status:
      code: 200
      message: OK
    headers:
      Content-Type:
      - application/json
      Content-Length:
      - '2326'
      Connection:
      - keep-alive
      Server:
      - thin 1.6.1 codename Death Proof
    body:
      encoding: UTF-8
      string: '{"id":"529e11b6526f6283424b0900","uri":"http://localhost/api/lpas.json/529e11b6526f6283424b0900.json","type":"Property
        and financial affairs","when_to_use":"as soon as it''s registered (with my
        consent)","applicant":{"id":"529e11b6526f628342490900","uri":"http://localhost/api/applicants.json/529e11b6526f628342490900.json","date_of_birth":"2013-12-03","title":"Mr","first_name":"Johnny","middle_names":"","last_name":"Smithson","address":{"address_line1":"102
        Petty France","address_line2":"","address_line3":"","town":"Westminster","county":"London","post_code":"SW1H
        9AJ","country":"Great Britain"},"phone":"123 456"},"donor":{"date_of_birth":"1970-01-31","title":"Mr","first_name":"Johnny","middle_names":"","last_name":"Smithson","address":{"address_line1":"102
        Petty France","address_line2":"","address_line3":"","town":"Westminster","county":"London","post_code":"SW1H
        9AJ","country":"Great Britain"},"phone":"123 456","email":"johnny@example.com"},"attorneys":[{"id":"529e11b8526f6283424e0900","date_of_birth":"2013-12-03","title":"Mr","first_name":"Dave","middle_names":"","last_name":"Jameson","address":{"address_line1":"102
        Petty France","address_line2":"","address_line3":"","town":"Westminster","county":"London","post_code":"SW1H
        9AJ","country":"Great Britain"},"phone":"123 456","email":"johnny@example.com"}],"replacement_attorneys":[{"id":"529e11b8526f628342520900","date_of_birth":"2013-12-03","title":"Mr","first_name":"Bob","middle_names":"","last_name":"Man","address":{"address_line1":"102
        Petty France","address_line2":"","address_line3":"","town":"Westminster","county":"London","post_code":"SW1H
        9AJ","country":"Great Britain"},"phone":"123 456","email":"johnny@example.com"}],"certificate_provider":{"title":"Mr","first_name":"Charlie","middle_names":"","last_name":"Prover","address":{"address_line1":"102
        Petty France","address_line2":"","address_line3":"","town":"Westminster","county":"London","post_code":"SW1H
        9AJ","country":"Great Britain"},"email":"johnny@example.com"},"people_to_be_told":[],"certificate_provider2":{"title":"Mr","first_name":"Gregg","middle_names":"","last_name":"John","address":{"address_line1":"102
        Petty France","address_line2":"","address_line3":"","town":"Westminster","county":"London","post_code":"SW1H
        9AJ","country":"Great Britain"},"email":"johnny@example.com"}}'
    http_version: 
  recorded_at: Tue, 03 Dec 2013 17:15:37 GMT
- request:
    method: put
    uri: http://localhost:9292/api/lpas/529e11b6526f6283424b0900.json
    body:
      encoding: UTF-8
      string: '{"donor":{"address":{"address_line1":"102 Petty France","address_line2":"","address_line3":"","town":"Westminster","county":"London","post_code":"SW1H
        9AJ","country":"Great Britain"},"date_of_birth":"1970-01-31","title":"Mr","first_name":"Johnny","middle_names":"","last_name":"Smithson","phone":"123
        456","email":"johnny@example.com"},"certificate_provider":{"address":{"address_line1":"102
        Petty France","address_line2":"","address_line3":"","town":"Westminster","county":"London","post_code":"SW1H
        9AJ","country":"Great Britain"},"title":"Mr","first_name":"Charlie","middle_names":"","last_name":"Prover","email":"johnny@example.com"},"certificate_provider2":{"address":{"address_line1":"102
        Petty France","address_line2":"","address_line3":"","town":"Westminster","county":"London","post_code":"SW1H
        9AJ","country":"Great Britain"},"title":"Mr","first_name":"Gregg","middle_names":"","last_name":"John","email":"johnny@example.com"},"people_to_be_told":[],"attorneys":[{"address":{"address_line1":"102
        Petty France","address_line2":"","address_line3":"","town":"Westminster","county":"London","post_code":"SW1H
        9AJ","country":"Great Britain"},"id":"529e11b8526f6283424e0900","date_of_birth":"2013-12-03","title":"Mr","first_name":"Dave","middle_names":"","last_name":"Jameson","phone":"123
        456","email":"johnny@example.com"}],"replacement_attorneys":[{"address":{"address_line1":"102
        Petty France","address_line2":"","address_line3":"","town":"Westminster","county":"London","post_code":"SW1H
        9AJ","country":"Great Britain"},"id":"529e11b8526f628342520900","date_of_birth":"2013-12-03","title":"Mr","first_name":"Bob","middle_names":"","last_name":"Man","phone":"123
        456","email":"johnny@example.com"}],"id":"529e11b6526f6283424b0900","uri":"http://localhost/api/lpas.json/529e11b6526f6283424b0900.json","type":"Property
        and financial affairs","when_to_use":"as soon as it''s registered (with my
        consent)","applicant":{"address":{"address_line1":"102 Petty France","address_line2":"","address_line3":"","town":"Westminster","county":"London","post_code":"SW1H
        9AJ","country":"Great Britain"},"lpas":[],"id":"529e11b6526f628342490900","uri":"http://localhost/api/applicants.json/529e11b6526f628342490900.json","date_of_birth":"2013-12-03","title":"Mr","first_name":"Johnny","middle_names":"","last_name":"Smithson","phone":"123
        456"}}'
    headers:
      Content-Type:
      - application/json
      Secure-Token:
      - QvV_STVRnFWLUmxGFxJD
      Accept-Encoding:
      - gzip;q=1.0,deflate;q=0.6,identity;q=0.3
      Accept:
      - '*/*'
      User-Agent:
      - Ruby
  response:
    status:
      code: 200
      message: OK
    headers:
      Content-Type:
      - application/json
      Content-Length:
      - '2326'
      Connection:
      - keep-alive
      Server:
      - thin 1.6.1 codename Death Proof
    body:
      encoding: UTF-8
      string: '{"id":"529e11b6526f6283424b0900","uri":"http://localhost/api/lpas.json/529e11b6526f6283424b0900.json","type":"Property
        and financial affairs","when_to_use":"as soon as it''s registered (with my
        consent)","applicant":{"id":"529e11b6526f628342490900","uri":"http://localhost/api/applicants.json/529e11b6526f628342490900.json","date_of_birth":"2013-12-03","title":"Mr","first_name":"Johnny","middle_names":"","last_name":"Smithson","address":{"address_line1":"102
        Petty France","address_line2":"","address_line3":"","town":"Westminster","county":"London","post_code":"SW1H
        9AJ","country":"Great Britain"},"phone":"123 456"},"donor":{"date_of_birth":"1970-01-31","title":"Mr","first_name":"Johnny","middle_names":"","last_name":"Smithson","address":{"address_line1":"102
        Petty France","address_line2":"","address_line3":"","town":"Westminster","county":"London","post_code":"SW1H
        9AJ","country":"Great Britain"},"phone":"123 456","email":"johnny@example.com"},"attorneys":[{"id":"529e11b8526f6283424e0900","date_of_birth":"2013-12-03","title":"Mr","first_name":"Dave","middle_names":"","last_name":"Jameson","address":{"address_line1":"102
        Petty France","address_line2":"","address_line3":"","town":"Westminster","county":"London","post_code":"SW1H
        9AJ","country":"Great Britain"},"phone":"123 456","email":"johnny@example.com"}],"replacement_attorneys":[{"id":"529e11b8526f628342520900","date_of_birth":"2013-12-03","title":"Mr","first_name":"Bob","middle_names":"","last_name":"Man","address":{"address_line1":"102
        Petty France","address_line2":"","address_line3":"","town":"Westminster","county":"London","post_code":"SW1H
        9AJ","country":"Great Britain"},"phone":"123 456","email":"johnny@example.com"}],"certificate_provider":{"title":"Mr","first_name":"Charlie","middle_names":"","last_name":"Prover","address":{"address_line1":"102
        Petty France","address_line2":"","address_line3":"","town":"Westminster","county":"London","post_code":"SW1H
        9AJ","country":"Great Britain"},"email":"johnny@example.com"},"people_to_be_told":[],"certificate_provider2":{"title":"Mr","first_name":"Gregg","middle_names":"","last_name":"John","address":{"address_line1":"102
        Petty France","address_line2":"","address_line3":"","town":"Westminster","county":"London","post_code":"SW1H
        9AJ","country":"Great Britain"},"email":"johnny@example.com"}}'
    http_version: 
  recorded_at: Tue, 03 Dec 2013 17:15:37 GMT
- request:
    method: get
    uri: http://localhost:9292/api/lpas/529e11b6526f6283424b0900.json
    body:
      encoding: US-ASCII
      string: ''
    headers:
      Accept:
      - application/json
      Secure-Token:
      - QvV_STVRnFWLUmxGFxJD
      Accept-Encoding:
      - gzip;q=1.0,deflate;q=0.6,identity;q=0.3
      User-Agent:
      - Ruby
  response:
    status:
      code: 200
      message: OK
    headers:
      Content-Type:
      - application/json
      Content-Length:
      - '2326'
      Connection:
      - keep-alive
      Server:
      - thin 1.6.1 codename Death Proof
    body:
      encoding: UTF-8
      string: '{"id":"529e11b6526f6283424b0900","uri":"http://localhost/api/lpas.json/529e11b6526f6283424b0900.json","type":"Property
        and financial affairs","when_to_use":"as soon as it''s registered (with my
        consent)","applicant":{"id":"529e11b6526f628342490900","uri":"http://localhost/api/applicants.json/529e11b6526f628342490900.json","date_of_birth":"2013-12-03","title":"Mr","first_name":"Johnny","middle_names":"","last_name":"Smithson","address":{"address_line1":"102
        Petty France","address_line2":"","address_line3":"","town":"Westminster","county":"London","post_code":"SW1H
        9AJ","country":"Great Britain"},"phone":"123 456"},"donor":{"date_of_birth":"1970-01-31","title":"Mr","first_name":"Johnny","middle_names":"","last_name":"Smithson","address":{"address_line1":"102
        Petty France","address_line2":"","address_line3":"","town":"Westminster","county":"London","post_code":"SW1H
        9AJ","country":"Great Britain"},"phone":"123 456","email":"johnny@example.com"},"attorneys":[{"id":"529e11b8526f6283424e0900","date_of_birth":"2013-12-03","title":"Mr","first_name":"Dave","middle_names":"","last_name":"Jameson","address":{"address_line1":"102
        Petty France","address_line2":"","address_line3":"","town":"Westminster","county":"London","post_code":"SW1H
        9AJ","country":"Great Britain"},"phone":"123 456","email":"johnny@example.com"}],"replacement_attorneys":[{"id":"529e11b8526f628342520900","date_of_birth":"2013-12-03","title":"Mr","first_name":"Bob","middle_names":"","last_name":"Man","address":{"address_line1":"102
        Petty France","address_line2":"","address_line3":"","town":"Westminster","county":"London","post_code":"SW1H
        9AJ","country":"Great Britain"},"phone":"123 456","email":"johnny@example.com"}],"certificate_provider":{"title":"Mr","first_name":"Charlie","middle_names":"","last_name":"Prover","address":{"address_line1":"102
        Petty France","address_line2":"","address_line3":"","town":"Westminster","county":"London","post_code":"SW1H
        9AJ","country":"Great Britain"},"email":"johnny@example.com"},"people_to_be_told":[],"certificate_provider2":{"title":"Mr","first_name":"Gregg","middle_names":"","last_name":"John","address":{"address_line1":"102
        Petty France","address_line2":"","address_line3":"","town":"Westminster","county":"London","post_code":"SW1H
        9AJ","country":"Great Britain"},"email":"johnny@example.com"}}'
    http_version: 
  recorded_at: Tue, 03 Dec 2013 17:15:38 GMT
- request:
    method: get
    uri: http://localhost:9292/api/lpas/529e11b6526f6283424b0900.json
    body:
      encoding: US-ASCII
      string: ''
    headers:
      Accept:
      - application/json
      Secure-Token:
      - QvV_STVRnFWLUmxGFxJD
      Accept-Encoding:
      - gzip;q=1.0,deflate;q=0.6,identity;q=0.3
      User-Agent:
      - Ruby
  response:
    status:
      code: 200
      message: OK
    headers:
      Content-Type:
      - application/json
      Content-Length:
      - '2326'
      Connection:
      - keep-alive
      Server:
      - thin 1.6.1 codename Death Proof
    body:
      encoding: UTF-8
      string: '{"id":"529e11b6526f6283424b0900","uri":"http://localhost/api/lpas.json/529e11b6526f6283424b0900.json","type":"Property
        and financial affairs","when_to_use":"as soon as it''s registered (with my
        consent)","applicant":{"id":"529e11b6526f628342490900","uri":"http://localhost/api/applicants.json/529e11b6526f628342490900.json","date_of_birth":"2013-12-03","title":"Mr","first_name":"Johnny","middle_names":"","last_name":"Smithson","address":{"address_line1":"102
        Petty France","address_line2":"","address_line3":"","town":"Westminster","county":"London","post_code":"SW1H
        9AJ","country":"Great Britain"},"phone":"123 456"},"donor":{"date_of_birth":"1970-01-31","title":"Mr","first_name":"Johnny","middle_names":"","last_name":"Smithson","address":{"address_line1":"102
        Petty France","address_line2":"","address_line3":"","town":"Westminster","county":"London","post_code":"SW1H
        9AJ","country":"Great Britain"},"phone":"123 456","email":"johnny@example.com"},"attorneys":[{"id":"529e11b8526f6283424e0900","date_of_birth":"2013-12-03","title":"Mr","first_name":"Dave","middle_names":"","last_name":"Jameson","address":{"address_line1":"102
        Petty France","address_line2":"","address_line3":"","town":"Westminster","county":"London","post_code":"SW1H
        9AJ","country":"Great Britain"},"phone":"123 456","email":"johnny@example.com"}],"replacement_attorneys":[{"id":"529e11b8526f628342520900","date_of_birth":"2013-12-03","title":"Mr","first_name":"Bob","middle_names":"","last_name":"Man","address":{"address_line1":"102
        Petty France","address_line2":"","address_line3":"","town":"Westminster","county":"London","post_code":"SW1H
        9AJ","country":"Great Britain"},"phone":"123 456","email":"johnny@example.com"}],"certificate_provider":{"title":"Mr","first_name":"Charlie","middle_names":"","last_name":"Prover","address":{"address_line1":"102
        Petty France","address_line2":"","address_line3":"","town":"Westminster","county":"London","post_code":"SW1H
        9AJ","country":"Great Britain"},"email":"johnny@example.com"},"people_to_be_told":[],"certificate_provider2":{"title":"Mr","first_name":"Gregg","middle_names":"","last_name":"John","address":{"address_line1":"102
        Petty France","address_line2":"","address_line3":"","town":"Westminster","county":"London","post_code":"SW1H
        9AJ","country":"Great Britain"},"email":"johnny@example.com"}}'
    http_version: 
  recorded_at: Tue, 03 Dec 2013 17:15:38 GMT
- request:
    method: get
    uri: http://localhost:9292/api/applicants/current.json
    body:
      encoding: US-ASCII
      string: ''
    headers:
      Accept:
      - application/json
      Secure-Token:
      - QvV_STVRnFWLUmxGFxJD
      Accept-Encoding:
      - gzip;q=1.0,deflate;q=0.6,identity;q=0.3
      User-Agent:
      - Ruby
  response:
    status:
      code: 200
      message: OK
    headers:
      Content-Type:
      - application/json
      Content-Length:
      - '652'
      Connection:
      - keep-alive
      Server:
      - thin 1.6.1 codename Death Proof
    body:
      encoding: UTF-8
      string: '{"id":"529e11b6526f628342490900","uri":"http://localhost/api/applicants.json/529e11b6526f628342490900.json","date_of_birth":"2013-12-03","title":"Mr","first_name":"Johnny","middle_names":"","last_name":"Smithson","address":{"address_line1":"102
        Petty France","address_line2":"","address_line3":"","town":"Westminster","county":"London","post_code":"SW1H
        9AJ","country":"Great Britain"},"lpas":[{"id":"529e11b6526f6283424b0900","uri":"http://localhost/api/lpas.json/529e11b6526f6283424b0900.json","donor":{"first_name":"Johnny","middle_names":"","last_name":"Smithson"},"type":"Property
        and financial affairs","updated_at":"2013-12-03T17:15:37+00:00"}]}'
    http_version: 
  recorded_at: Thu, 05 Dec 2013 11:09:02 GMT
recorded_with: VCR 2.7.0
