---
http_interactions:
- request:
    method: post
    uri: http://localhost:9292/auth/users
    body:
      encoding: UTF-8
      string: user[email]=joe.bloggs1386845057.2099168571%40example.com&user[password]=s3kr!tpass
    headers: {}
  response:
    status:
      code: 201
      message: Created
    headers:
      X-Frame-Options:
      - SAMEORIGIN
      X-Xss-Protection:
      - 1; mode=block
      X-Content-Type-Options:
      - nosniff
      X-Ua-Compatible:
      - chrome=1
      Location:
      - http://localhost:9393/
      Content-Type:
      - application/json; charset=utf-8
      Etag:
      - '"34a8ef219bfde3649bdf190bd1f66c0f"'
      Cache-Control:
      - max-age=0, private, must-revalidate
      X-Request-Id:
      - 82797b41-8aa4-4a48-9ed9-90fb9f3a5197
      X-Runtime:
      - '0.067599'
      Server:
      - WEBrick/1.3.1 (Ruby/2.0.0/2013-06-27)
      Date:
      - Thu, 12 Dec 2013 10:44:17 GMT
      Connection:
      - close
      Content-Length:
      - '101'
    body:
      encoding: UTF-8
      string: '{"email":"joe.bloggs1386845057.2099168571@example.com","authentication_token":"w2hnVebtY7yZytUfv37V"}'
    http_version: 
  recorded_at: Thu, 12 Dec 2013 10:44:17 GMT
- request:
    method: post
    uri: http://localhost:9292/auth/sessions
    body:
      encoding: UTF-8
      string: user[email]=joe.bloggs1386845057.2099168571%40example.com&user[password]=s3kr!tpass
    headers: {}
  response:
    status:
      code: 201
      message: Created
    headers:
      X-Frame-Options:
      - SAMEORIGIN
      X-Xss-Protection:
      - 1; mode=block
      X-Content-Type-Options:
      - nosniff
      X-Ua-Compatible:
      - chrome=1
      Location:
      - http://localhost:9393/
      Content-Type:
      - application/json; charset=utf-8
      Etag:
      - '"34a8ef219bfde3649bdf190bd1f66c0f"'
      Cache-Control:
      - max-age=0, private, must-revalidate
      X-Request-Id:
      - 56e35121-6cc7-4004-a44a-24480f94df51
      X-Runtime:
      - '0.067582'
      Server:
      - WEBrick/1.3.1 (Ruby/2.0.0/2013-06-27)
      Date:
      - Thu, 12 Dec 2013 10:44:17 GMT
      Connection:
      - close
      Content-Length:
      - '101'
    body:
      encoding: UTF-8
      string: '{"email":"joe.bloggs1386845057.2099168571@example.com","authentication_token":"w2hnVebtY7yZytUfv37V"}'
    http_version: 
  recorded_at: Thu, 12 Dec 2013 10:44:17 GMT
- request:
    method: get
    uri: http://localhost:9292/api/applicants/current.json
    body:
      encoding: US-ASCII
      string: ''
    headers:
      Accept:
      - application/json
      Secure-Token:
      - w2hnVebtY7yZytUfv37V
      Accept-Encoding:
      - gzip;q=1.0,deflate;q=0.6,identity;q=0.3
      User-Agent:
      - Ruby
  response:
    status:
      code: 403
      message: Forbidden
    headers:
      Content-Type:
      - application/json
      Content-Length:
      - '21'
      Connection:
      - keep-alive
      Server:
      - thin 1.6.1 codename Death Proof
    body:
      encoding: UTF-8
      string: '{"error":"Forbidden"}'
    http_version: 
  recorded_at: Thu, 12 Dec 2013 10:44:17 GMT
- request:
    method: get
    uri: http://localhost:9292/api/applicants/current.json
    body:
      encoding: US-ASCII
      string: ''
    headers:
      Accept:
      - application/json
      Secure-Token:
      - w2hnVebtY7yZytUfv37V
      Accept-Encoding:
      - gzip;q=1.0,deflate;q=0.6,identity;q=0.3
      User-Agent:
      - Ruby
  response:
    status:
      code: 403
      message: Forbidden
    headers:
      Content-Type:
      - application/json
      Content-Length:
      - '21'
      Connection:
      - keep-alive
      Server:
      - thin 1.6.1 codename Death Proof
    body:
      encoding: UTF-8
      string: '{"error":"Forbidden"}'
    http_version: 
  recorded_at: Thu, 12 Dec 2013 10:44:17 GMT
- request:
    method: get
    uri: http://localhost:9292/api/applicants/current.json
    body:
      encoding: US-ASCII
      string: ''
    headers:
      Accept:
      - application/json
      Secure-Token:
      - w2hnVebtY7yZytUfv37V
      Accept-Encoding:
      - gzip;q=1.0,deflate;q=0.6,identity;q=0.3
      User-Agent:
      - Ruby
  response:
    status:
      code: 403
      message: Forbidden
    headers:
      Content-Type:
      - application/json
      Content-Length:
      - '21'
      Connection:
      - keep-alive
      Server:
      - thin 1.6.1 codename Death Proof
    body:
      encoding: UTF-8
      string: '{"error":"Forbidden"}'
    http_version: 
  recorded_at: Thu, 12 Dec 2013 10:44:17 GMT
- request:
    method: post
    uri: http://localhost:9292/api/applicants.json
    body:
      encoding: UTF-8
      string: '{"address":{"address_line1":"102 Petty France","address_line2":"","address_line3":"","town":"Westminster","county":"London","post_code":"SW1H
        9AJ","country":"Great Britain"},"lpas":[],"title":"Mr","first_name":"Johnny","middle_names":"","last_name":"Smithson","date_of_birth":"1970-01-31T00:00:00+01:00"}'
    headers:
      Content-Type:
      - application/json
      Secure-Token:
      - w2hnVebtY7yZytUfv37V
      Accept-Encoding:
      - gzip;q=1.0,deflate;q=0.6,identity;q=0.3
      Accept:
      - '*/*'
      User-Agent:
      - Ruby
  response:
    status:
      code: 201
      message: Created
    headers:
      Content-Type:
      - application/json
      Content-Length:
      - '386'
      Connection:
      - keep-alive
      Server:
      - thin 1.6.1 codename Death Proof
    body:
      encoding: UTF-8
      string: '{"id":"52a99381526f626aa8340a00","uri":"http://localhost/api/applicants.json/52a99381526f626aa8340a00.json","date_of_birth":"1970-01-31","title":"Mr","first_name":"Johnny","middle_names":"","last_name":"Smithson","address":{"address_line1":"102
        Petty France","address_line2":"","address_line3":"","town":"Westminster","county":"London","post_code":"SW1H
        9AJ","country":"Great Britain"}}'
    http_version: 
  recorded_at: Thu, 12 Dec 2013 10:44:17 GMT
- request:
    method: get
    uri: http://localhost:9292/api/applicants/current.json
    body:
      encoding: US-ASCII
      string: ''
    headers:
      Accept:
      - application/json
      Secure-Token:
      - w2hnVebtY7yZytUfv37V
      Accept-Encoding:
      - gzip;q=1.0,deflate;q=0.6,identity;q=0.3
      User-Agent:
      - Ruby
  response:
    status:
      code: 200
      message: OK
    headers:
      Content-Type:
      - application/json
      Content-Length:
      - '396'
      Connection:
      - keep-alive
      Server:
      - thin 1.6.1 codename Death Proof
    body:
      encoding: UTF-8
      string: '{"id":"52a99381526f626aa8340a00","uri":"http://localhost/api/applicants.json/52a99381526f626aa8340a00.json","date_of_birth":"1970-01-31","title":"Mr","first_name":"Johnny","middle_names":"","last_name":"Smithson","address":{"address_line1":"102
        Petty France","address_line2":"","address_line3":"","town":"Westminster","county":"London","post_code":"SW1H
        9AJ","country":"Great Britain"},"lpas":[]}'
    http_version: 
  recorded_at: Thu, 12 Dec 2013 10:44:17 GMT
- request:
    method: get
    uri: http://localhost:9292/api/applicants/current.json
    body:
      encoding: US-ASCII
      string: ''
    headers:
      Accept:
      - application/json
      Secure-Token:
      - w2hnVebtY7yZytUfv37V
      Accept-Encoding:
      - gzip;q=1.0,deflate;q=0.6,identity;q=0.3
      User-Agent:
      - Ruby
  response:
    status:
      code: 200
      message: OK
    headers:
      Content-Type:
      - application/json
      Content-Length:
      - '396'
      Connection:
      - keep-alive
      Server:
      - thin 1.6.1 codename Death Proof
    body:
      encoding: UTF-8
      string: '{"id":"52a99381526f626aa8340a00","uri":"http://localhost/api/applicants.json/52a99381526f626aa8340a00.json","date_of_birth":"1970-01-31","title":"Mr","first_name":"Johnny","middle_names":"","last_name":"Smithson","address":{"address_line1":"102
        Petty France","address_line2":"","address_line3":"","town":"Westminster","county":"London","post_code":"SW1H
        9AJ","country":"Great Britain"},"lpas":[]}'
    http_version: 
  recorded_at: Thu, 12 Dec 2013 10:44:17 GMT
- request:
    method: post
    uri: http://localhost:9292/api/lpas.json
    body:
      encoding: UTF-8
      string: '{"donor":null,"certificate_provider":null,"certificate_provider2":null,"people_to_be_told":[],"attorneys":[],"replacement_attorneys":[],"applicant_id":"52a99381526f626aa8340a00"}'
    headers:
      Content-Type:
      - application/json
      Secure-Token:
      - w2hnVebtY7yZytUfv37V
      Accept-Encoding:
      - gzip;q=1.0,deflate;q=0.6,identity;q=0.3
      Accept:
      - '*/*'
      User-Agent:
      - Ruby
  response:
    status:
      code: 201
      message: Created
    headers:
      Content-Type:
      - application/json
      Content-Length:
      - '566'
      Connection:
      - keep-alive
      Server:
      - thin 1.6.1 codename Death Proof
    body:
      encoding: UTF-8
      string: '{"id":"52a99381526f626aa8360a00","uri":"http://localhost/api/lpas.json/52a99381526f626aa8360a00.json","applicant":{"id":"52a99381526f626aa8340a00","uri":"http://localhost/api/applicants.json/52a99381526f626aa8340a00.json","date_of_birth":"1970-01-31","title":"Mr","first_name":"Johnny","middle_names":"","last_name":"Smithson","address":{"address_line1":"102
        Petty France","address_line2":"","address_line3":"","town":"Westminster","county":"London","post_code":"SW1H
        9AJ","country":"Great Britain"}},"attorneys":[],"replacement_attorneys":[],"people_to_be_told":[]}'
    http_version: 
  recorded_at: Thu, 12 Dec 2013 10:44:17 GMT
- request:
    method: get
    uri: http://localhost:9292/api/applicants/current.json
    body:
      encoding: US-ASCII
      string: ''
    headers:
      Accept:
      - application/json
      Secure-Token:
      - w2hnVebtY7yZytUfv37V
      Accept-Encoding:
      - gzip;q=1.0,deflate;q=0.6,identity;q=0.3
      User-Agent:
      - Ruby
  response:
    status:
      code: 200
      message: OK
    headers:
      Content-Type:
      - application/json
      Content-Length:
      - '564'
      Connection:
      - keep-alive
      Server:
      - thin 1.6.1 codename Death Proof
    body:
      encoding: UTF-8
      string: '{"id":"52a99381526f626aa8340a00","uri":"http://localhost/api/applicants.json/52a99381526f626aa8340a00.json","date_of_birth":"1970-01-31","title":"Mr","first_name":"Johnny","middle_names":"","last_name":"Smithson","address":{"address_line1":"102
        Petty France","address_line2":"","address_line3":"","town":"Westminster","county":"London","post_code":"SW1H
        9AJ","country":"Great Britain"},"lpas":[{"id":"52a99381526f626aa8360a00","uri":"http://localhost/api/lpas.json/52a99381526f626aa8360a00.json","donor":null,"type":null,"updated_at":"2013-12-12T10:44:17+00:00"}]}'
    http_version: 
  recorded_at: Thu, 12 Dec 2013 10:44:17 GMT
- request:
    method: get
    uri: http://localhost:9292/api/applicants/current.json
    body:
      encoding: US-ASCII
      string: ''
    headers:
      Accept:
      - application/json
      Secure-Token:
      - w2hnVebtY7yZytUfv37V
      Accept-Encoding:
      - gzip;q=1.0,deflate;q=0.6,identity;q=0.3
      User-Agent:
      - Ruby
  response:
    status:
      code: 200
      message: OK
    headers:
      Content-Type:
      - application/json
      Content-Length:
      - '564'
      Connection:
      - keep-alive
      Server:
      - thin 1.6.1 codename Death Proof
    body:
      encoding: UTF-8
      string: '{"id":"52a99381526f626aa8340a00","uri":"http://localhost/api/applicants.json/52a99381526f626aa8340a00.json","date_of_birth":"1970-01-31","title":"Mr","first_name":"Johnny","middle_names":"","last_name":"Smithson","address":{"address_line1":"102
        Petty France","address_line2":"","address_line3":"","town":"Westminster","county":"London","post_code":"SW1H
        9AJ","country":"Great Britain"},"lpas":[{"id":"52a99381526f626aa8360a00","uri":"http://localhost/api/lpas.json/52a99381526f626aa8360a00.json","donor":null,"type":null,"updated_at":"2013-12-12T10:44:17+00:00"}]}'
    http_version: 
  recorded_at: Thu, 12 Dec 2013 10:44:17 GMT
- request:
    method: get
    uri: http://localhost:9292/api/lpas/52a99381526f626aa8360a00.json
    body:
      encoding: US-ASCII
      string: ''
    headers:
      Accept:
      - application/json
      Secure-Token:
      - w2hnVebtY7yZytUfv37V
      Accept-Encoding:
      - gzip;q=1.0,deflate;q=0.6,identity;q=0.3
      User-Agent:
      - Ruby
  response:
    status:
      code: 200
      message: OK
    headers:
      Content-Type:
      - application/json
      Content-Length:
      - '566'
      Connection:
      - keep-alive
      Server:
      - thin 1.6.1 codename Death Proof
    body:
      encoding: UTF-8
      string: '{"id":"52a99381526f626aa8360a00","uri":"http://localhost/api/lpas.json/52a99381526f626aa8360a00.json","applicant":{"id":"52a99381526f626aa8340a00","uri":"http://localhost/api/applicants.json/52a99381526f626aa8340a00.json","date_of_birth":"1970-01-31","title":"Mr","first_name":"Johnny","middle_names":"","last_name":"Smithson","address":{"address_line1":"102
        Petty France","address_line2":"","address_line3":"","town":"Westminster","county":"London","post_code":"SW1H
        9AJ","country":"Great Britain"}},"attorneys":[],"replacement_attorneys":[],"people_to_be_told":[]}'
    http_version: 
  recorded_at: Thu, 12 Dec 2013 10:44:17 GMT
- request:
    method: get
    uri: http://localhost:9292/api/applicants/current.json
    body:
      encoding: US-ASCII
      string: ''
    headers:
      Accept:
      - application/json
      Secure-Token:
      - w2hnVebtY7yZytUfv37V
      Accept-Encoding:
      - gzip;q=1.0,deflate;q=0.6,identity;q=0.3
      User-Agent:
      - Ruby
  response:
    status:
      code: 200
      message: OK
    headers:
      Content-Type:
      - application/json
      Content-Length:
      - '564'
      Connection:
      - keep-alive
      Server:
      - thin 1.6.1 codename Death Proof
    body:
      encoding: UTF-8
      string: '{"id":"52a99381526f626aa8340a00","uri":"http://localhost/api/applicants.json/52a99381526f626aa8340a00.json","date_of_birth":"1970-01-31","title":"Mr","first_name":"Johnny","middle_names":"","last_name":"Smithson","address":{"address_line1":"102
        Petty France","address_line2":"","address_line3":"","town":"Westminster","county":"London","post_code":"SW1H
        9AJ","country":"Great Britain"},"lpas":[{"id":"52a99381526f626aa8360a00","uri":"http://localhost/api/lpas.json/52a99381526f626aa8360a00.json","donor":null,"type":null,"updated_at":"2013-12-12T10:44:17+00:00"}]}'
    http_version: 
  recorded_at: Thu, 12 Dec 2013 10:44:17 GMT
- request:
    method: get
    uri: http://localhost:9292/api/lpas/52a99381526f626aa8360a00.json
    body:
      encoding: US-ASCII
      string: ''
    headers:
      Accept:
      - application/json
      Secure-Token:
      - w2hnVebtY7yZytUfv37V
      Accept-Encoding:
      - gzip;q=1.0,deflate;q=0.6,identity;q=0.3
      User-Agent:
      - Ruby
  response:
    status:
      code: 200
      message: OK
    headers:
      Content-Type:
      - application/json
      Content-Length:
      - '566'
      Connection:
      - keep-alive
      Server:
      - thin 1.6.1 codename Death Proof
    body:
      encoding: UTF-8
      string: '{"id":"52a99381526f626aa8360a00","uri":"http://localhost/api/lpas.json/52a99381526f626aa8360a00.json","applicant":{"id":"52a99381526f626aa8340a00","uri":"http://localhost/api/applicants.json/52a99381526f626aa8340a00.json","date_of_birth":"1970-01-31","title":"Mr","first_name":"Johnny","middle_names":"","last_name":"Smithson","address":{"address_line1":"102
        Petty France","address_line2":"","address_line3":"","town":"Westminster","county":"London","post_code":"SW1H
        9AJ","country":"Great Britain"}},"attorneys":[],"replacement_attorneys":[],"people_to_be_told":[]}'
    http_version: 
  recorded_at: Thu, 12 Dec 2013 10:44:18 GMT
- request:
    method: put
    uri: http://localhost:9292/api/lpas/52a99381526f626aa8360a00.json
    body:
      encoding: UTF-8
      string: '{"donor":null,"certificate_provider":null,"certificate_provider2":null,"people_to_be_told":[],"attorneys":[],"replacement_attorneys":[],"id":"52a99381526f626aa8360a00","uri":"http://localhost/api/lpas.json/52a99381526f626aa8360a00.json","applicant":{"address":{"address_line1":"102
        Petty France","address_line2":"","address_line3":"","town":"Westminster","county":"London","post_code":"SW1H
        9AJ","country":"Great Britain"},"lpas":[],"id":"52a99381526f626aa8340a00","uri":"http://localhost/api/applicants.json/52a99381526f626aa8340a00.json","date_of_birth":"1970-01-31","title":"Mr","first_name":"Johnny","middle_names":"","last_name":"Smithson"},"type":"Property
        and financial affairs"}'
    headers:
      Content-Type:
      - application/json
      Secure-Token:
      - w2hnVebtY7yZytUfv37V
      Accept-Encoding:
      - gzip;q=1.0,deflate;q=0.6,identity;q=0.3
      Accept:
      - '*/*'
      User-Agent:
      - Ruby
  response:
    status:
      code: 200
      message: OK
    headers:
      Content-Type:
      - application/json
      Content-Length:
      - '606'
      Connection:
      - keep-alive
      Server:
      - thin 1.6.1 codename Death Proof
    body:
      encoding: UTF-8
      string: '{"id":"52a99381526f626aa8360a00","uri":"http://localhost/api/lpas.json/52a99381526f626aa8360a00.json","type":"Property
        and financial affairs","applicant":{"id":"52a99381526f626aa8340a00","uri":"http://localhost/api/applicants.json/52a99381526f626aa8340a00.json","date_of_birth":"1970-01-31","title":"Mr","first_name":"Johnny","middle_names":"","last_name":"Smithson","address":{"address_line1":"102
        Petty France","address_line2":"","address_line3":"","town":"Westminster","county":"London","post_code":"SW1H
        9AJ","country":"Great Britain"}},"attorneys":[],"replacement_attorneys":[],"people_to_be_told":[]}'
    http_version: 
  recorded_at: Thu, 12 Dec 2013 10:44:18 GMT
- request:
    method: put
    uri: http://localhost:9292/api/lpas/52a99381526f626aa8360a00.json
    body:
      encoding: UTF-8
      string: '{"donor":null,"certificate_provider":null,"certificate_provider2":null,"people_to_be_told":[],"attorneys":[],"replacement_attorneys":[],"id":"52a99381526f626aa8360a00","uri":"http://localhost/api/lpas.json/52a99381526f626aa8360a00.json","applicant":{"address":{"address_line1":"102
        Petty France","address_line2":"","address_line3":"","town":"Westminster","county":"London","post_code":"SW1H
        9AJ","country":"Great Britain"},"lpas":[],"id":"52a99381526f626aa8340a00","uri":"http://localhost/api/applicants.json/52a99381526f626aa8340a00.json","date_of_birth":"1970-01-31","title":"Mr","first_name":"Johnny","middle_names":"","last_name":"Smithson"},"type":"Property
        and financial affairs"}'
    headers:
      Content-Type:
      - application/json
      Secure-Token:
      - w2hnVebtY7yZytUfv37V
      Accept-Encoding:
      - gzip;q=1.0,deflate;q=0.6,identity;q=0.3
      Accept:
      - '*/*'
      User-Agent:
      - Ruby
  response:
    status:
      code: 200
      message: OK
    headers:
      Content-Type:
      - application/json
      Content-Length:
      - '606'
      Connection:
      - keep-alive
      Server:
      - thin 1.6.1 codename Death Proof
    body:
      encoding: UTF-8
      string: '{"id":"52a99381526f626aa8360a00","uri":"http://localhost/api/lpas.json/52a99381526f626aa8360a00.json","type":"Property
        and financial affairs","applicant":{"id":"52a99381526f626aa8340a00","uri":"http://localhost/api/applicants.json/52a99381526f626aa8340a00.json","date_of_birth":"1970-01-31","title":"Mr","first_name":"Johnny","middle_names":"","last_name":"Smithson","address":{"address_line1":"102
        Petty France","address_line2":"","address_line3":"","town":"Westminster","county":"London","post_code":"SW1H
        9AJ","country":"Great Britain"}},"attorneys":[],"replacement_attorneys":[],"people_to_be_told":[]}'
    http_version: 
  recorded_at: Thu, 12 Dec 2013 10:44:18 GMT
- request:
    method: get
    uri: http://localhost:9292/api/applicants/current.json
    body:
      encoding: US-ASCII
      string: ''
    headers:
      Accept:
      - application/json
      Secure-Token:
      - w2hnVebtY7yZytUfv37V
      Accept-Encoding:
      - gzip;q=1.0,deflate;q=0.6,identity;q=0.3
      User-Agent:
      - Ruby
  response:
    status:
      code: 200
      message: OK
    headers:
      Content-Type:
      - application/json
      Content-Length:
      - '592'
      Connection:
      - keep-alive
      Server:
      - thin 1.6.1 codename Death Proof
    body:
      encoding: UTF-8
      string: '{"id":"52a99381526f626aa8340a00","uri":"http://localhost/api/applicants.json/52a99381526f626aa8340a00.json","date_of_birth":"1970-01-31","title":"Mr","first_name":"Johnny","middle_names":"","last_name":"Smithson","address":{"address_line1":"102
        Petty France","address_line2":"","address_line3":"","town":"Westminster","county":"London","post_code":"SW1H
        9AJ","country":"Great Britain"},"lpas":[{"id":"52a99381526f626aa8360a00","uri":"http://localhost/api/lpas.json/52a99381526f626aa8360a00.json","donor":null,"type":"Property
        and financial affairs","updated_at":"2013-12-12T10:44:18+00:00"}]}'
    http_version: 
  recorded_at: Thu, 12 Dec 2013 10:44:18 GMT
- request:
    method: get
    uri: http://localhost:9292/api/lpas/52a99381526f626aa8360a00.json
    body:
      encoding: US-ASCII
      string: ''
    headers:
      Accept:
      - application/json
      Secure-Token:
      - w2hnVebtY7yZytUfv37V
      Accept-Encoding:
      - gzip;q=1.0,deflate;q=0.6,identity;q=0.3
      User-Agent:
      - Ruby
  response:
    status:
      code: 200
      message: OK
    headers:
      Content-Type:
      - application/json
      Content-Length:
      - '606'
      Connection:
      - keep-alive
      Server:
      - thin 1.6.1 codename Death Proof
    body:
      encoding: UTF-8
      string: '{"id":"52a99381526f626aa8360a00","uri":"http://localhost/api/lpas.json/52a99381526f626aa8360a00.json","type":"Property
        and financial affairs","applicant":{"id":"52a99381526f626aa8340a00","uri":"http://localhost/api/applicants.json/52a99381526f626aa8340a00.json","date_of_birth":"1970-01-31","title":"Mr","first_name":"Johnny","middle_names":"","last_name":"Smithson","address":{"address_line1":"102
        Petty France","address_line2":"","address_line3":"","town":"Westminster","county":"London","post_code":"SW1H
        9AJ","country":"Great Britain"}},"attorneys":[],"replacement_attorneys":[],"people_to_be_told":[]}'
    http_version: 
  recorded_at: Thu, 12 Dec 2013 10:44:18 GMT
- request:
    method: get
    uri: http://localhost:9292/api/applicants/current.json
    body:
      encoding: US-ASCII
      string: ''
    headers:
      Accept:
      - application/json
      Secure-Token:
      - w2hnVebtY7yZytUfv37V
      Accept-Encoding:
      - gzip;q=1.0,deflate;q=0.6,identity;q=0.3
      User-Agent:
      - Ruby
  response:
    status:
      code: 200
      message: OK
    headers:
      Content-Type:
      - application/json
      Content-Length:
      - '592'
      Connection:
      - keep-alive
      Server:
      - thin 1.6.1 codename Death Proof
    body:
      encoding: UTF-8
      string: '{"id":"52a99381526f626aa8340a00","uri":"http://localhost/api/applicants.json/52a99381526f626aa8340a00.json","date_of_birth":"1970-01-31","title":"Mr","first_name":"Johnny","middle_names":"","last_name":"Smithson","address":{"address_line1":"102
        Petty France","address_line2":"","address_line3":"","town":"Westminster","county":"London","post_code":"SW1H
        9AJ","country":"Great Britain"},"lpas":[{"id":"52a99381526f626aa8360a00","uri":"http://localhost/api/lpas.json/52a99381526f626aa8360a00.json","donor":null,"type":"Property
        and financial affairs","updated_at":"2013-12-12T10:44:18+00:00"}]}'
    http_version: 
  recorded_at: Thu, 12 Dec 2013 10:44:18 GMT
- request:
    method: get
    uri: http://localhost:9292/api/lpas/52a99381526f626aa8360a00.json
    body:
      encoding: US-ASCII
      string: ''
    headers:
      Accept:
      - application/json
      Secure-Token:
      - w2hnVebtY7yZytUfv37V
      Accept-Encoding:
      - gzip;q=1.0,deflate;q=0.6,identity;q=0.3
      User-Agent:
      - Ruby
  response:
    status:
      code: 200
      message: OK
    headers:
      Content-Type:
      - application/json
      Content-Length:
      - '606'
      Connection:
      - keep-alive
      Server:
      - thin 1.6.1 codename Death Proof
    body:
      encoding: UTF-8
      string: '{"id":"52a99381526f626aa8360a00","uri":"http://localhost/api/lpas.json/52a99381526f626aa8360a00.json","type":"Property
        and financial affairs","applicant":{"id":"52a99381526f626aa8340a00","uri":"http://localhost/api/applicants.json/52a99381526f626aa8340a00.json","date_of_birth":"1970-01-31","title":"Mr","first_name":"Johnny","middle_names":"","last_name":"Smithson","address":{"address_line1":"102
        Petty France","address_line2":"","address_line3":"","town":"Westminster","county":"London","post_code":"SW1H
        9AJ","country":"Great Britain"}},"attorneys":[],"replacement_attorneys":[],"people_to_be_told":[]}'
    http_version: 
  recorded_at: Thu, 12 Dec 2013 10:44:18 GMT
- request:
    method: put
    uri: http://localhost:9292/api/lpas/52a99381526f626aa8360a00.json
    body:
      encoding: UTF-8
      string: '{"donor":{"address":{"address_line1":"102 Petty France","address_line2":"","address_line3":"","town":"Westminster","county":"London","post_code":"SW1H
        9AJ","country":"Great Britain"},"title":"Mr","first_name":"Johnny","middle_names":"","last_name":"Smithson","email":"johnny@example.com","phone":"123
        456","date_of_birth":"1970-01-31T00:00:00+01:00"},"certificate_provider":null,"certificate_provider2":null,"people_to_be_told":[],"attorneys":[],"replacement_attorneys":[],"id":"52a99381526f626aa8360a00","uri":"http://localhost/api/lpas.json/52a99381526f626aa8360a00.json","type":"Property
        and financial affairs","applicant":{"address":{"address_line1":"102 Petty
        France","address_line2":"","address_line3":"","town":"Westminster","county":"London","post_code":"SW1H
        9AJ","country":"Great Britain"},"lpas":[],"id":"52a99381526f626aa8340a00","uri":"http://localhost/api/applicants.json/52a99381526f626aa8340a00.json","date_of_birth":"1970-01-31","title":"Mr","first_name":"Johnny","middle_names":"","last_name":"Smithson"}}'
    headers:
      Content-Type:
      - application/json
      Secure-Token:
      - w2hnVebtY7yZytUfv37V
      Accept-Encoding:
      - gzip;q=1.0,deflate;q=0.6,identity;q=0.3
      Accept:
      - '*/*'
      User-Agent:
      - Ruby
  response:
    status:
      code: 200
      message: OK
    headers:
      Content-Type:
      - application/json
      Content-Length:
      - '941'
      Connection:
      - keep-alive
      Server:
      - thin 1.6.1 codename Death Proof
    body:
      encoding: UTF-8
      string: '{"id":"52a99381526f626aa8360a00","uri":"http://localhost/api/lpas.json/52a99381526f626aa8360a00.json","type":"Property
        and financial affairs","applicant":{"id":"52a99381526f626aa8340a00","uri":"http://localhost/api/applicants.json/52a99381526f626aa8340a00.json","date_of_birth":"1970-01-31","title":"Mr","first_name":"Johnny","middle_names":"","last_name":"Smithson","address":{"address_line1":"102
        Petty France","address_line2":"","address_line3":"","town":"Westminster","county":"London","post_code":"SW1H
        9AJ","country":"Great Britain"}},"donor":{"date_of_birth":"1970-01-31","title":"Mr","first_name":"Johnny","middle_names":"","last_name":"Smithson","address":{"address_line1":"102
        Petty France","address_line2":"","address_line3":"","town":"Westminster","county":"London","post_code":"SW1H
        9AJ","country":"Great Britain"},"phone":"123 456","email":"johnny@example.com"},"attorneys":[],"replacement_attorneys":[],"people_to_be_told":[]}'
    http_version: 
  recorded_at: Thu, 12 Dec 2013 10:44:18 GMT
- request:
    method: put
    uri: http://localhost:9292/api/lpas/52a99381526f626aa8360a00.json
    body:
      encoding: UTF-8
      string: '{"donor":{"address":{"address_line1":"102 Petty France","address_line2":"","address_line3":"","town":"Westminster","county":"London","post_code":"SW1H
        9AJ","country":"Great Britain"},"date_of_birth":"1970-01-31","title":"Mr","first_name":"Johnny","middle_names":"","last_name":"Smithson","phone":"123
        456","email":"johnny@example.com"},"certificate_provider":null,"certificate_provider2":null,"people_to_be_told":[],"attorneys":[],"replacement_attorneys":[],"id":"52a99381526f626aa8360a00","uri":"http://localhost/api/lpas.json/52a99381526f626aa8360a00.json","type":"Property
        and financial affairs","applicant":{"address":{"address_line1":"102 Petty
        France","address_line2":"","address_line3":"","town":"Westminster","county":"London","post_code":"SW1H
        9AJ","country":"Great Britain"},"lpas":[],"id":"52a99381526f626aa8340a00","uri":"http://localhost/api/applicants.json/52a99381526f626aa8340a00.json","date_of_birth":"1970-01-31","title":"Mr","first_name":"Johnny","middle_names":"","last_name":"Smithson"}}'
    headers:
      Content-Type:
      - application/json
      Secure-Token:
      - w2hnVebtY7yZytUfv37V
      Accept-Encoding:
      - gzip;q=1.0,deflate;q=0.6,identity;q=0.3
      Accept:
      - '*/*'
      User-Agent:
      - Ruby
  response:
    status:
      code: 200
      message: OK
    headers:
      Content-Type:
      - application/json
      Content-Length:
      - '941'
      Connection:
      - keep-alive
      Server:
      - thin 1.6.1 codename Death Proof
    body:
      encoding: UTF-8
      string: '{"id":"52a99381526f626aa8360a00","uri":"http://localhost/api/lpas.json/52a99381526f626aa8360a00.json","type":"Property
        and financial affairs","applicant":{"id":"52a99381526f626aa8340a00","uri":"http://localhost/api/applicants.json/52a99381526f626aa8340a00.json","date_of_birth":"1970-01-31","title":"Mr","first_name":"Johnny","middle_names":"","last_name":"Smithson","address":{"address_line1":"102
        Petty France","address_line2":"","address_line3":"","town":"Westminster","county":"London","post_code":"SW1H
        9AJ","country":"Great Britain"}},"donor":{"date_of_birth":"1970-01-31","title":"Mr","first_name":"Johnny","middle_names":"","last_name":"Smithson","address":{"address_line1":"102
        Petty France","address_line2":"","address_line3":"","town":"Westminster","county":"London","post_code":"SW1H
        9AJ","country":"Great Britain"},"phone":"123 456","email":"johnny@example.com"},"attorneys":[],"replacement_attorneys":[],"people_to_be_told":[]}'
    http_version: 
  recorded_at: Thu, 12 Dec 2013 10:44:18 GMT
- request:
    method: get
    uri: http://localhost:9292/api/applicants/current.json
    body:
      encoding: US-ASCII
      string: ''
    headers:
      Accept:
      - application/json
      Secure-Token:
      - w2hnVebtY7yZytUfv37V
      Accept-Encoding:
      - gzip;q=1.0,deflate;q=0.6,identity;q=0.3
      User-Agent:
      - Ruby
  response:
    status:
      code: 200
      message: OK
    headers:
      Content-Type:
      - application/json
      Content-Length:
      - '652'
      Connection:
      - keep-alive
      Server:
      - thin 1.6.1 codename Death Proof
    body:
      encoding: UTF-8
      string: '{"id":"52a99381526f626aa8340a00","uri":"http://localhost/api/applicants.json/52a99381526f626aa8340a00.json","date_of_birth":"1970-01-31","title":"Mr","first_name":"Johnny","middle_names":"","last_name":"Smithson","address":{"address_line1":"102
        Petty France","address_line2":"","address_line3":"","town":"Westminster","county":"London","post_code":"SW1H
        9AJ","country":"Great Britain"},"lpas":[{"id":"52a99381526f626aa8360a00","uri":"http://localhost/api/lpas.json/52a99381526f626aa8360a00.json","donor":{"first_name":"Johnny","middle_names":"","last_name":"Smithson"},"type":"Property
        and financial affairs","updated_at":"2013-12-12T10:44:18+00:00"}]}'
    http_version: 
  recorded_at: Thu, 12 Dec 2013 10:44:18 GMT
- request:
    method: get
    uri: http://localhost:9292/api/lpas/52a99381526f626aa8360a00.json
    body:
      encoding: US-ASCII
      string: ''
    headers:
      Accept:
      - application/json
      Secure-Token:
      - w2hnVebtY7yZytUfv37V
      Accept-Encoding:
      - gzip;q=1.0,deflate;q=0.6,identity;q=0.3
      User-Agent:
      - Ruby
  response:
    status:
      code: 200
      message: OK
    headers:
      Content-Type:
      - application/json
      Content-Length:
      - '941'
      Connection:
      - keep-alive
      Server:
      - thin 1.6.1 codename Death Proof
    body:
      encoding: UTF-8
      string: '{"id":"52a99381526f626aa8360a00","uri":"http://localhost/api/lpas.json/52a99381526f626aa8360a00.json","type":"Property
        and financial affairs","applicant":{"id":"52a99381526f626aa8340a00","uri":"http://localhost/api/applicants.json/52a99381526f626aa8340a00.json","date_of_birth":"1970-01-31","title":"Mr","first_name":"Johnny","middle_names":"","last_name":"Smithson","address":{"address_line1":"102
        Petty France","address_line2":"","address_line3":"","town":"Westminster","county":"London","post_code":"SW1H
        9AJ","country":"Great Britain"}},"donor":{"date_of_birth":"1970-01-31","title":"Mr","first_name":"Johnny","middle_names":"","last_name":"Smithson","address":{"address_line1":"102
        Petty France","address_line2":"","address_line3":"","town":"Westminster","county":"London","post_code":"SW1H
        9AJ","country":"Great Britain"},"phone":"123 456","email":"johnny@example.com"},"attorneys":[],"replacement_attorneys":[],"people_to_be_told":[]}'
    http_version: 
  recorded_at: Thu, 12 Dec 2013 10:44:18 GMT
- request:
    method: get
    uri: http://localhost:9292/api/applicants/current.json
    body:
      encoding: US-ASCII
      string: ''
    headers:
      Accept:
      - application/json
      Secure-Token:
      - w2hnVebtY7yZytUfv37V
      Accept-Encoding:
      - gzip;q=1.0,deflate;q=0.6,identity;q=0.3
      User-Agent:
      - Ruby
  response:
    status:
      code: 200
      message: OK
    headers:
      Content-Type:
      - application/json
      Content-Length:
      - '652'
      Connection:
      - keep-alive
      Server:
      - thin 1.6.1 codename Death Proof
    body:
      encoding: UTF-8
      string: '{"id":"52a99381526f626aa8340a00","uri":"http://localhost/api/applicants.json/52a99381526f626aa8340a00.json","date_of_birth":"1970-01-31","title":"Mr","first_name":"Johnny","middle_names":"","last_name":"Smithson","address":{"address_line1":"102
        Petty France","address_line2":"","address_line3":"","town":"Westminster","county":"London","post_code":"SW1H
        9AJ","country":"Great Britain"},"lpas":[{"id":"52a99381526f626aa8360a00","uri":"http://localhost/api/lpas.json/52a99381526f626aa8360a00.json","donor":{"first_name":"Johnny","middle_names":"","last_name":"Smithson"},"type":"Property
        and financial affairs","updated_at":"2013-12-12T10:44:18+00:00"}]}'
    http_version: 
  recorded_at: Thu, 12 Dec 2013 10:44:18 GMT
- request:
    method: get
    uri: http://localhost:9292/api/lpas/52a99381526f626aa8360a00.json
    body:
      encoding: US-ASCII
      string: ''
    headers:
      Accept:
      - application/json
      Secure-Token:
      - w2hnVebtY7yZytUfv37V
      Accept-Encoding:
      - gzip;q=1.0,deflate;q=0.6,identity;q=0.3
      User-Agent:
      - Ruby
  response:
    status:
      code: 200
      message: OK
    headers:
      Content-Type:
      - application/json
      Content-Length:
      - '941'
      Connection:
      - keep-alive
      Server:
      - thin 1.6.1 codename Death Proof
    body:
      encoding: UTF-8
      string: '{"id":"52a99381526f626aa8360a00","uri":"http://localhost/api/lpas.json/52a99381526f626aa8360a00.json","type":"Property
        and financial affairs","applicant":{"id":"52a99381526f626aa8340a00","uri":"http://localhost/api/applicants.json/52a99381526f626aa8340a00.json","date_of_birth":"1970-01-31","title":"Mr","first_name":"Johnny","middle_names":"","last_name":"Smithson","address":{"address_line1":"102
        Petty France","address_line2":"","address_line3":"","town":"Westminster","county":"London","post_code":"SW1H
        9AJ","country":"Great Britain"}},"donor":{"date_of_birth":"1970-01-31","title":"Mr","first_name":"Johnny","middle_names":"","last_name":"Smithson","address":{"address_line1":"102
        Petty France","address_line2":"","address_line3":"","town":"Westminster","county":"London","post_code":"SW1H
        9AJ","country":"Great Britain"},"phone":"123 456","email":"johnny@example.com"},"attorneys":[],"replacement_attorneys":[],"people_to_be_told":[]}'
    http_version: 
  recorded_at: Thu, 12 Dec 2013 10:44:18 GMT
- request:
    method: put
    uri: http://localhost:9292/api/lpas/52a99381526f626aa8360a00.json
    body:
      encoding: UTF-8
      string: '{"donor":{"address":{"address_line1":"102 Petty France","address_line2":"","address_line3":"","town":"Westminster","county":"London","post_code":"SW1H
        9AJ","country":"Great Britain"},"date_of_birth":"1970-01-31","title":"Mr","first_name":"Johnny","middle_names":"","last_name":"Smithson","phone":"123
        456","email":"johnny@example.com"},"certificate_provider":null,"certificate_provider2":null,"people_to_be_told":[],"attorneys":[],"replacement_attorneys":[],"id":"52a99381526f626aa8360a00","uri":"http://localhost/api/lpas.json/52a99381526f626aa8360a00.json","type":"Property
        and financial affairs","applicant":{"address":{"address_line1":"102 Petty
        France","address_line2":"","address_line3":"","town":"Westminster","county":"London","post_code":"SW1H
        9AJ","country":"Great Britain"},"lpas":[],"id":"52a99381526f626aa8340a00","uri":"http://localhost/api/applicants.json/52a99381526f626aa8340a00.json","date_of_birth":"1970-01-31","title":"Mr","first_name":"Johnny","middle_names":"","last_name":"Smithson"},"when_to_use":"as
        soon as it''s registered (with my consent)"}'
    headers:
      Content-Type:
      - application/json
      Secure-Token:
      - w2hnVebtY7yZytUfv37V
      Accept-Encoding:
      - gzip;q=1.0,deflate;q=0.6,identity;q=0.3
      Accept:
      - '*/*'
      User-Agent:
      - Ruby
  response:
    status:
      code: 200
      message: OK
    headers:
      Content-Type:
      - application/json
      Content-Length:
      - '1002'
      Connection:
      - keep-alive
      Server:
      - thin 1.6.1 codename Death Proof
    body:
      encoding: UTF-8
      string: '{"id":"52a99381526f626aa8360a00","uri":"http://localhost/api/lpas.json/52a99381526f626aa8360a00.json","type":"Property
        and financial affairs","when_to_use":"as soon as it''s registered (with my
        consent)","applicant":{"id":"52a99381526f626aa8340a00","uri":"http://localhost/api/applicants.json/52a99381526f626aa8340a00.json","date_of_birth":"1970-01-31","title":"Mr","first_name":"Johnny","middle_names":"","last_name":"Smithson","address":{"address_line1":"102
        Petty France","address_line2":"","address_line3":"","town":"Westminster","county":"London","post_code":"SW1H
        9AJ","country":"Great Britain"}},"donor":{"date_of_birth":"1970-01-31","title":"Mr","first_name":"Johnny","middle_names":"","last_name":"Smithson","address":{"address_line1":"102
        Petty France","address_line2":"","address_line3":"","town":"Westminster","county":"London","post_code":"SW1H
        9AJ","country":"Great Britain"},"phone":"123 456","email":"johnny@example.com"},"attorneys":[],"replacement_attorneys":[],"people_to_be_told":[]}'
    http_version: 
  recorded_at: Thu, 12 Dec 2013 10:44:18 GMT
- request:
    method: put
    uri: http://localhost:9292/api/lpas/52a99381526f626aa8360a00.json
    body:
      encoding: UTF-8
      string: '{"donor":{"address":{"address_line1":"102 Petty France","address_line2":"","address_line3":"","town":"Westminster","county":"London","post_code":"SW1H
        9AJ","country":"Great Britain"},"date_of_birth":"1970-01-31","title":"Mr","first_name":"Johnny","middle_names":"","last_name":"Smithson","phone":"123
        456","email":"johnny@example.com"},"certificate_provider":null,"certificate_provider2":null,"people_to_be_told":[],"attorneys":[],"replacement_attorneys":[],"id":"52a99381526f626aa8360a00","uri":"http://localhost/api/lpas.json/52a99381526f626aa8360a00.json","type":"Property
        and financial affairs","applicant":{"address":{"address_line1":"102 Petty
        France","address_line2":"","address_line3":"","town":"Westminster","county":"London","post_code":"SW1H
        9AJ","country":"Great Britain"},"lpas":[],"id":"52a99381526f626aa8340a00","uri":"http://localhost/api/applicants.json/52a99381526f626aa8340a00.json","date_of_birth":"1970-01-31","title":"Mr","first_name":"Johnny","middle_names":"","last_name":"Smithson"},"when_to_use":"as
        soon as it''s registered (with my consent)"}'
    headers:
      Content-Type:
      - application/json
      Secure-Token:
      - w2hnVebtY7yZytUfv37V
      Accept-Encoding:
      - gzip;q=1.0,deflate;q=0.6,identity;q=0.3
      Accept:
      - '*/*'
      User-Agent:
      - Ruby
  response:
    status:
      code: 200
      message: OK
    headers:
      Content-Type:
      - application/json
      Content-Length:
      - '1002'
      Connection:
      - keep-alive
      Server:
      - thin 1.6.1 codename Death Proof
    body:
      encoding: UTF-8
      string: '{"id":"52a99381526f626aa8360a00","uri":"http://localhost/api/lpas.json/52a99381526f626aa8360a00.json","type":"Property
        and financial affairs","when_to_use":"as soon as it''s registered (with my
        consent)","applicant":{"id":"52a99381526f626aa8340a00","uri":"http://localhost/api/applicants.json/52a99381526f626aa8340a00.json","date_of_birth":"1970-01-31","title":"Mr","first_name":"Johnny","middle_names":"","last_name":"Smithson","address":{"address_line1":"102
        Petty France","address_line2":"","address_line3":"","town":"Westminster","county":"London","post_code":"SW1H
        9AJ","country":"Great Britain"}},"donor":{"date_of_birth":"1970-01-31","title":"Mr","first_name":"Johnny","middle_names":"","last_name":"Smithson","address":{"address_line1":"102
        Petty France","address_line2":"","address_line3":"","town":"Westminster","county":"London","post_code":"SW1H
        9AJ","country":"Great Britain"},"phone":"123 456","email":"johnny@example.com"},"attorneys":[],"replacement_attorneys":[],"people_to_be_told":[]}'
    http_version: 
  recorded_at: Thu, 12 Dec 2013 10:44:18 GMT
- request:
    method: get
    uri: http://localhost:9292/api/applicants/current.json
    body:
      encoding: US-ASCII
      string: ''
    headers:
      Accept:
      - application/json
      Secure-Token:
      - w2hnVebtY7yZytUfv37V
      Accept-Encoding:
      - gzip;q=1.0,deflate;q=0.6,identity;q=0.3
      User-Agent:
      - Ruby
  response:
    status:
      code: 200
      message: OK
    headers:
      Content-Type:
      - application/json
      Content-Length:
      - '652'
      Connection:
      - keep-alive
      Server:
      - thin 1.6.1 codename Death Proof
    body:
      encoding: UTF-8
      string: '{"id":"52a99381526f626aa8340a00","uri":"http://localhost/api/applicants.json/52a99381526f626aa8340a00.json","date_of_birth":"1970-01-31","title":"Mr","first_name":"Johnny","middle_names":"","last_name":"Smithson","address":{"address_line1":"102
        Petty France","address_line2":"","address_line3":"","town":"Westminster","county":"London","post_code":"SW1H
        9AJ","country":"Great Britain"},"lpas":[{"id":"52a99381526f626aa8360a00","uri":"http://localhost/api/lpas.json/52a99381526f626aa8360a00.json","donor":{"first_name":"Johnny","middle_names":"","last_name":"Smithson"},"type":"Property
        and financial affairs","updated_at":"2013-12-12T10:44:18+00:00"}]}'
    http_version: 
  recorded_at: Thu, 12 Dec 2013 10:44:18 GMT
- request:
    method: get
    uri: http://localhost:9292/api/lpas/52a99381526f626aa8360a00.json
    body:
      encoding: US-ASCII
      string: ''
    headers:
      Accept:
      - application/json
      Secure-Token:
      - w2hnVebtY7yZytUfv37V
      Accept-Encoding:
      - gzip;q=1.0,deflate;q=0.6,identity;q=0.3
      User-Agent:
      - Ruby
  response:
    status:
      code: 200
      message: OK
    headers:
      Content-Type:
      - application/json
      Content-Length:
      - '1002'
      Connection:
      - keep-alive
      Server:
      - thin 1.6.1 codename Death Proof
    body:
      encoding: UTF-8
      string: '{"id":"52a99381526f626aa8360a00","uri":"http://localhost/api/lpas.json/52a99381526f626aa8360a00.json","type":"Property
        and financial affairs","when_to_use":"as soon as it''s registered (with my
        consent)","applicant":{"id":"52a99381526f626aa8340a00","uri":"http://localhost/api/applicants.json/52a99381526f626aa8340a00.json","date_of_birth":"1970-01-31","title":"Mr","first_name":"Johnny","middle_names":"","last_name":"Smithson","address":{"address_line1":"102
        Petty France","address_line2":"","address_line3":"","town":"Westminster","county":"London","post_code":"SW1H
        9AJ","country":"Great Britain"}},"donor":{"date_of_birth":"1970-01-31","title":"Mr","first_name":"Johnny","middle_names":"","last_name":"Smithson","address":{"address_line1":"102
        Petty France","address_line2":"","address_line3":"","town":"Westminster","county":"London","post_code":"SW1H
        9AJ","country":"Great Britain"},"phone":"123 456","email":"johnny@example.com"},"attorneys":[],"replacement_attorneys":[],"people_to_be_told":[]}'
    http_version: 
  recorded_at: Thu, 12 Dec 2013 10:44:18 GMT
- request:
    method: get
    uri: http://localhost:9292/api/applicants/current.json
    body:
      encoding: US-ASCII
      string: ''
    headers:
      Accept:
      - application/json
      Secure-Token:
      - w2hnVebtY7yZytUfv37V
      Accept-Encoding:
      - gzip;q=1.0,deflate;q=0.6,identity;q=0.3
      User-Agent:
      - Ruby
  response:
    status:
      code: 200
      message: OK
    headers:
      Content-Type:
      - application/json
      Content-Length:
      - '652'
      Connection:
      - keep-alive
      Server:
      - thin 1.6.1 codename Death Proof
    body:
      encoding: UTF-8
      string: '{"id":"52a99381526f626aa8340a00","uri":"http://localhost/api/applicants.json/52a99381526f626aa8340a00.json","date_of_birth":"1970-01-31","title":"Mr","first_name":"Johnny","middle_names":"","last_name":"Smithson","address":{"address_line1":"102
        Petty France","address_line2":"","address_line3":"","town":"Westminster","county":"London","post_code":"SW1H
        9AJ","country":"Great Britain"},"lpas":[{"id":"52a99381526f626aa8360a00","uri":"http://localhost/api/lpas.json/52a99381526f626aa8360a00.json","donor":{"first_name":"Johnny","middle_names":"","last_name":"Smithson"},"type":"Property
        and financial affairs","updated_at":"2013-12-12T10:44:18+00:00"}]}'
    http_version: 
  recorded_at: Thu, 12 Dec 2013 10:44:18 GMT
- request:
    method: get
    uri: http://localhost:9292/api/lpas/52a99381526f626aa8360a00.json
    body:
      encoding: US-ASCII
      string: ''
    headers:
      Accept:
      - application/json
      Secure-Token:
      - w2hnVebtY7yZytUfv37V
      Accept-Encoding:
      - gzip;q=1.0,deflate;q=0.6,identity;q=0.3
      User-Agent:
      - Ruby
  response:
    status:
      code: 200
      message: OK
    headers:
      Content-Type:
      - application/json
      Content-Length:
      - '1002'
      Connection:
      - keep-alive
      Server:
      - thin 1.6.1 codename Death Proof
    body:
      encoding: UTF-8
      string: '{"id":"52a99381526f626aa8360a00","uri":"http://localhost/api/lpas.json/52a99381526f626aa8360a00.json","type":"Property
        and financial affairs","when_to_use":"as soon as it''s registered (with my
        consent)","applicant":{"id":"52a99381526f626aa8340a00","uri":"http://localhost/api/applicants.json/52a99381526f626aa8340a00.json","date_of_birth":"1970-01-31","title":"Mr","first_name":"Johnny","middle_names":"","last_name":"Smithson","address":{"address_line1":"102
        Petty France","address_line2":"","address_line3":"","town":"Westminster","county":"London","post_code":"SW1H
        9AJ","country":"Great Britain"}},"donor":{"date_of_birth":"1970-01-31","title":"Mr","first_name":"Johnny","middle_names":"","last_name":"Smithson","address":{"address_line1":"102
        Petty France","address_line2":"","address_line3":"","town":"Westminster","county":"London","post_code":"SW1H
        9AJ","country":"Great Britain"},"phone":"123 456","email":"johnny@example.com"},"attorneys":[],"replacement_attorneys":[],"people_to_be_told":[]}'
    http_version: 
  recorded_at: Thu, 12 Dec 2013 10:44:18 GMT
- request:
    method: get
    uri: http://localhost:9292/api/lpas/52a99381526f626aa8360a00.json
    body:
      encoding: US-ASCII
      string: ''
    headers:
      Accept:
      - application/json
      Secure-Token:
      - w2hnVebtY7yZytUfv37V
      Accept-Encoding:
      - gzip;q=1.0,deflate;q=0.6,identity;q=0.3
      User-Agent:
      - Ruby
  response:
    status:
      code: 200
      message: OK
    headers:
      Content-Type:
      - application/json
      Content-Length:
      - '1002'
      Connection:
      - keep-alive
      Server:
      - thin 1.6.1 codename Death Proof
    body:
      encoding: UTF-8
      string: '{"id":"52a99381526f626aa8360a00","uri":"http://localhost/api/lpas.json/52a99381526f626aa8360a00.json","type":"Property
        and financial affairs","when_to_use":"as soon as it''s registered (with my
        consent)","applicant":{"id":"52a99381526f626aa8340a00","uri":"http://localhost/api/applicants.json/52a99381526f626aa8340a00.json","date_of_birth":"1970-01-31","title":"Mr","first_name":"Johnny","middle_names":"","last_name":"Smithson","address":{"address_line1":"102
        Petty France","address_line2":"","address_line3":"","town":"Westminster","county":"London","post_code":"SW1H
        9AJ","country":"Great Britain"}},"donor":{"date_of_birth":"1970-01-31","title":"Mr","first_name":"Johnny","middle_names":"","last_name":"Smithson","address":{"address_line1":"102
        Petty France","address_line2":"","address_line3":"","town":"Westminster","county":"London","post_code":"SW1H
        9AJ","country":"Great Britain"},"phone":"123 456","email":"johnny@example.com"},"attorneys":[],"replacement_attorneys":[],"people_to_be_told":[]}'
    http_version: 
  recorded_at: Thu, 12 Dec 2013 10:44:18 GMT
- request:
    method: get
    uri: http://localhost:9292/api/lpas/52a99381526f626aa8360a00.json
    body:
      encoding: US-ASCII
      string: ''
    headers:
      Accept:
      - application/json
      Secure-Token:
      - w2hnVebtY7yZytUfv37V
      Accept-Encoding:
      - gzip;q=1.0,deflate;q=0.6,identity;q=0.3
      User-Agent:
      - Ruby
  response:
    status:
      code: 200
      message: OK
    headers:
      Content-Type:
      - application/json
      Content-Length:
      - '1002'
      Connection:
      - keep-alive
      Server:
      - thin 1.6.1 codename Death Proof
    body:
      encoding: UTF-8
      string: '{"id":"52a99381526f626aa8360a00","uri":"http://localhost/api/lpas.json/52a99381526f626aa8360a00.json","type":"Property
        and financial affairs","when_to_use":"as soon as it''s registered (with my
        consent)","applicant":{"id":"52a99381526f626aa8340a00","uri":"http://localhost/api/applicants.json/52a99381526f626aa8340a00.json","date_of_birth":"1970-01-31","title":"Mr","first_name":"Johnny","middle_names":"","last_name":"Smithson","address":{"address_line1":"102
        Petty France","address_line2":"","address_line3":"","town":"Westminster","county":"London","post_code":"SW1H
        9AJ","country":"Great Britain"}},"donor":{"date_of_birth":"1970-01-31","title":"Mr","first_name":"Johnny","middle_names":"","last_name":"Smithson","address":{"address_line1":"102
        Petty France","address_line2":"","address_line3":"","town":"Westminster","county":"London","post_code":"SW1H
        9AJ","country":"Great Britain"},"phone":"123 456","email":"johnny@example.com"},"attorneys":[],"replacement_attorneys":[],"people_to_be_told":[]}'
    http_version: 
  recorded_at: Thu, 12 Dec 2013 10:44:18 GMT
- request:
    method: put
    uri: http://localhost:9292/api/lpas/52a99381526f626aa8360a00.json
    body:
      encoding: UTF-8
      string: '{"donor":{"address":{"address_line1":"102 Petty France","address_line2":"","address_line3":"","town":"Westminster","county":"London","post_code":"SW1H
        9AJ","country":"Great Britain"},"date_of_birth":"1970-01-31","title":"Mr","first_name":"Johnny","middle_names":"","last_name":"Smithson","phone":"123
        456","email":"johnny@example.com"},"certificate_provider":null,"certificate_provider2":null,"people_to_be_told":[],"attorneys":[{"address":{"address_line1":"102
        Petty France","address_line2":"","address_line3":"","town":"Westminster","county":"London","post_code":"SW1H
        9AJ","country":"Great Britain"},"title":"Mr","first_name":"Attorney Juan","middle_names":"","last_name":"Smithson","email":"johnny@example.com","phone":"123
        456","date_of_birth":"1970-01-31T00:00:00+01:00"}],"replacement_attorneys":[],"id":"52a99381526f626aa8360a00","uri":"http://localhost/api/lpas.json/52a99381526f626aa8360a00.json","type":"Property
        and financial affairs","when_to_use":"as soon as it''s registered (with my
        consent)","applicant":{"address":{"address_line1":"102 Petty France","address_line2":"","address_line3":"","town":"Westminster","county":"London","post_code":"SW1H
        9AJ","country":"Great Britain"},"lpas":[],"id":"52a99381526f626aa8340a00","uri":"http://localhost/api/applicants.json/52a99381526f626aa8340a00.json","date_of_birth":"1970-01-31","title":"Mr","first_name":"Johnny","middle_names":"","last_name":"Smithson"}}'
    headers:
      Content-Type:
      - application/json
      Secure-Token:
      - w2hnVebtY7yZytUfv37V
      Accept-Encoding:
      - gzip;q=1.0,deflate;q=0.6,identity;q=0.3
      Accept:
      - '*/*'
      User-Agent:
      - Ruby
  response:
    status:
      code: 200
      message: OK
    headers:
      Content-Type:
      - application/json
      Content-Length:
      - '1367'
      Connection:
      - keep-alive
      Server:
      - thin 1.6.1 codename Death Proof
    body:
      encoding: UTF-8
      string: '{"id":"52a99381526f626aa8360a00","uri":"http://localhost/api/lpas.json/52a99381526f626aa8360a00.json","type":"Property
        and financial affairs","when_to_use":"as soon as it''s registered (with my
        consent)","applicant":{"id":"52a99381526f626aa8340a00","uri":"http://localhost/api/applicants.json/52a99381526f626aa8340a00.json","date_of_birth":"1970-01-31","title":"Mr","first_name":"Johnny","middle_names":"","last_name":"Smithson","address":{"address_line1":"102
        Petty France","address_line2":"","address_line3":"","town":"Westminster","county":"London","post_code":"SW1H
        9AJ","country":"Great Britain"}},"donor":{"date_of_birth":"1970-01-31","title":"Mr","first_name":"Johnny","middle_names":"","last_name":"Smithson","address":{"address_line1":"102
        Petty France","address_line2":"","address_line3":"","town":"Westminster","county":"London","post_code":"SW1H
        9AJ","country":"Great Britain"},"phone":"123 456","email":"johnny@example.com"},"attorneys":[{"id":"52a99382526f626aa8390a00","date_of_birth":"1970-01-31","title":"Mr","first_name":"Attorney
        Juan","middle_names":"","last_name":"Smithson","address":{"address_line1":"102
        Petty France","address_line2":"","address_line3":"","town":"Westminster","county":"London","post_code":"SW1H
        9AJ","country":"Great Britain"},"phone":"123 456","email":"johnny@example.com"}],"replacement_attorneys":[],"people_to_be_told":[]}'
    http_version: 
  recorded_at: Thu, 12 Dec 2013 10:44:18 GMT
- request:
    method: get
    uri: http://localhost:9292/api/applicants/current.json
    body:
      encoding: US-ASCII
      string: ''
    headers:
      Accept:
      - application/json
      Secure-Token:
      - w2hnVebtY7yZytUfv37V
      Accept-Encoding:
      - gzip;q=1.0,deflate;q=0.6,identity;q=0.3
      User-Agent:
      - Ruby
  response:
    status:
      code: 200
      message: OK
    headers:
      Content-Type:
      - application/json
      Content-Length:
      - '652'
      Connection:
      - keep-alive
      Server:
      - thin 1.6.1 codename Death Proof
    body:
      encoding: UTF-8
      string: '{"id":"52a99381526f626aa8340a00","uri":"http://localhost/api/applicants.json/52a99381526f626aa8340a00.json","date_of_birth":"1970-01-31","title":"Mr","first_name":"Johnny","middle_names":"","last_name":"Smithson","address":{"address_line1":"102
        Petty France","address_line2":"","address_line3":"","town":"Westminster","county":"London","post_code":"SW1H
        9AJ","country":"Great Britain"},"lpas":[{"id":"52a99381526f626aa8360a00","uri":"http://localhost/api/lpas.json/52a99381526f626aa8360a00.json","donor":{"first_name":"Johnny","middle_names":"","last_name":"Smithson"},"type":"Property
        and financial affairs","updated_at":"2013-12-12T10:44:18+00:00"}]}'
    http_version: 
  recorded_at: Thu, 12 Dec 2013 10:44:19 GMT
- request:
    method: get
    uri: http://localhost:9292/api/lpas/52a99381526f626aa8360a00.json
    body:
      encoding: US-ASCII
      string: ''
    headers:
      Accept:
      - application/json
      Secure-Token:
      - w2hnVebtY7yZytUfv37V
      Accept-Encoding:
      - gzip;q=1.0,deflate;q=0.6,identity;q=0.3
      User-Agent:
      - Ruby
  response:
    status:
      code: 200
      message: OK
    headers:
      Content-Type:
      - application/json
      Content-Length:
      - '1367'
      Connection:
      - keep-alive
      Server:
      - thin 1.6.1 codename Death Proof
    body:
      encoding: UTF-8
      string: '{"id":"52a99381526f626aa8360a00","uri":"http://localhost/api/lpas.json/52a99381526f626aa8360a00.json","type":"Property
        and financial affairs","when_to_use":"as soon as it''s registered (with my
        consent)","applicant":{"id":"52a99381526f626aa8340a00","uri":"http://localhost/api/applicants.json/52a99381526f626aa8340a00.json","date_of_birth":"1970-01-31","title":"Mr","first_name":"Johnny","middle_names":"","last_name":"Smithson","address":{"address_line1":"102
        Petty France","address_line2":"","address_line3":"","town":"Westminster","county":"London","post_code":"SW1H
        9AJ","country":"Great Britain"}},"donor":{"date_of_birth":"1970-01-31","title":"Mr","first_name":"Johnny","middle_names":"","last_name":"Smithson","address":{"address_line1":"102
        Petty France","address_line2":"","address_line3":"","town":"Westminster","county":"London","post_code":"SW1H
        9AJ","country":"Great Britain"},"phone":"123 456","email":"johnny@example.com"},"attorneys":[{"id":"52a99382526f626aa8390a00","date_of_birth":"1970-01-31","title":"Mr","first_name":"Attorney
        Juan","middle_names":"","last_name":"Smithson","address":{"address_line1":"102
        Petty France","address_line2":"","address_line3":"","town":"Westminster","county":"London","post_code":"SW1H
        9AJ","country":"Great Britain"},"phone":"123 456","email":"johnny@example.com"}],"replacement_attorneys":[],"people_to_be_told":[]}'
    http_version: 
  recorded_at: Thu, 12 Dec 2013 10:44:19 GMT
- request:
    method: get
    uri: http://localhost:9292/api/lpas/52a99381526f626aa8360a00.json
    body:
      encoding: US-ASCII
      string: ''
    headers:
      Accept:
      - application/json
      Secure-Token:
      - w2hnVebtY7yZytUfv37V
      Accept-Encoding:
      - gzip;q=1.0,deflate;q=0.6,identity;q=0.3
      User-Agent:
      - Ruby
  response:
    status:
      code: 200
      message: OK
    headers:
      Content-Type:
      - application/json
      Content-Length:
      - '1367'
      Connection:
      - keep-alive
      Server:
      - thin 1.6.1 codename Death Proof
    body:
      encoding: UTF-8
      string: '{"id":"52a99381526f626aa8360a00","uri":"http://localhost/api/lpas.json/52a99381526f626aa8360a00.json","type":"Property
        and financial affairs","when_to_use":"as soon as it''s registered (with my
        consent)","applicant":{"id":"52a99381526f626aa8340a00","uri":"http://localhost/api/applicants.json/52a99381526f626aa8340a00.json","date_of_birth":"1970-01-31","title":"Mr","first_name":"Johnny","middle_names":"","last_name":"Smithson","address":{"address_line1":"102
        Petty France","address_line2":"","address_line3":"","town":"Westminster","county":"London","post_code":"SW1H
        9AJ","country":"Great Britain"}},"donor":{"date_of_birth":"1970-01-31","title":"Mr","first_name":"Johnny","middle_names":"","last_name":"Smithson","address":{"address_line1":"102
        Petty France","address_line2":"","address_line3":"","town":"Westminster","county":"London","post_code":"SW1H
        9AJ","country":"Great Britain"},"phone":"123 456","email":"johnny@example.com"},"attorneys":[{"id":"52a99382526f626aa8390a00","date_of_birth":"1970-01-31","title":"Mr","first_name":"Attorney
        Juan","middle_names":"","last_name":"Smithson","address":{"address_line1":"102
        Petty France","address_line2":"","address_line3":"","town":"Westminster","county":"London","post_code":"SW1H
        9AJ","country":"Great Britain"},"phone":"123 456","email":"johnny@example.com"}],"replacement_attorneys":[],"people_to_be_told":[]}'
    http_version: 
  recorded_at: Thu, 12 Dec 2013 10:44:19 GMT
- request:
    method: get
    uri: http://localhost:9292/api/lpas/52a99381526f626aa8360a00.json
    body:
      encoding: US-ASCII
      string: ''
    headers:
      Accept:
      - application/json
      Secure-Token:
      - w2hnVebtY7yZytUfv37V
      Accept-Encoding:
      - gzip;q=1.0,deflate;q=0.6,identity;q=0.3
      User-Agent:
      - Ruby
  response:
    status:
      code: 200
      message: OK
    headers:
      Content-Type:
      - application/json
      Content-Length:
      - '1367'
      Connection:
      - keep-alive
      Server:
      - thin 1.6.1 codename Death Proof
    body:
      encoding: UTF-8
      string: '{"id":"52a99381526f626aa8360a00","uri":"http://localhost/api/lpas.json/52a99381526f626aa8360a00.json","type":"Property
        and financial affairs","when_to_use":"as soon as it''s registered (with my
        consent)","applicant":{"id":"52a99381526f626aa8340a00","uri":"http://localhost/api/applicants.json/52a99381526f626aa8340a00.json","date_of_birth":"1970-01-31","title":"Mr","first_name":"Johnny","middle_names":"","last_name":"Smithson","address":{"address_line1":"102
        Petty France","address_line2":"","address_line3":"","town":"Westminster","county":"London","post_code":"SW1H
        9AJ","country":"Great Britain"}},"donor":{"date_of_birth":"1970-01-31","title":"Mr","first_name":"Johnny","middle_names":"","last_name":"Smithson","address":{"address_line1":"102
        Petty France","address_line2":"","address_line3":"","town":"Westminster","county":"London","post_code":"SW1H
        9AJ","country":"Great Britain"},"phone":"123 456","email":"johnny@example.com"},"attorneys":[{"id":"52a99382526f626aa8390a00","date_of_birth":"1970-01-31","title":"Mr","first_name":"Attorney
        Juan","middle_names":"","last_name":"Smithson","address":{"address_line1":"102
        Petty France","address_line2":"","address_line3":"","town":"Westminster","county":"London","post_code":"SW1H
        9AJ","country":"Great Britain"},"phone":"123 456","email":"johnny@example.com"}],"replacement_attorneys":[],"people_to_be_told":[]}'
    http_version: 
  recorded_at: Thu, 12 Dec 2013 10:44:19 GMT
- request:
    method: put
    uri: http://localhost:9292/api/lpas/52a99381526f626aa8360a00.json
    body:
      encoding: UTF-8
      string: '{"donor":{"address":{"address_line1":"102 Petty France","address_line2":"","address_line3":"","town":"Westminster","county":"London","post_code":"SW1H
        9AJ","country":"Great Britain"},"date_of_birth":"1970-01-31","title":"Mr","first_name":"Johnny","middle_names":"","last_name":"Smithson","phone":"123
        456","email":"johnny@example.com"},"certificate_provider":null,"certificate_provider2":null,"people_to_be_told":[],"attorneys":[{"address":{"address_line1":"102
        Petty France","address_line2":"","address_line3":"","town":"Westminster","county":"London","post_code":"SW1H
        9AJ","country":"Great Britain"},"id":"52a99382526f626aa8390a00","date_of_birth":"1970-01-31","title":"Mr","first_name":"Attorney
        Juan","middle_names":"","last_name":"Smithson","phone":"123 456","email":"johnny@example.com"},{"address":{"address_line1":"102
        Petty France","address_line2":"","address_line3":"","town":"Westminster","county":"London","post_code":"SW1H
        9AJ","country":"Great Britain"},"title":"Mr","first_name":"Attorney Tulisa","middle_names":"","last_name":"Smithson","email":"johnny@example.com","phone":"123
        456","date_of_birth":"1970-01-31T00:00:00+01:00"}],"replacement_attorneys":[],"id":"52a99381526f626aa8360a00","uri":"http://localhost/api/lpas.json/52a99381526f626aa8360a00.json","type":"Property
        and financial affairs","when_to_use":"as soon as it''s registered (with my
        consent)","applicant":{"address":{"address_line1":"102 Petty France","address_line2":"","address_line3":"","town":"Westminster","county":"London","post_code":"SW1H
        9AJ","country":"Great Britain"},"lpas":[],"id":"52a99381526f626aa8340a00","uri":"http://localhost/api/applicants.json/52a99381526f626aa8340a00.json","date_of_birth":"1970-01-31","title":"Mr","first_name":"Johnny","middle_names":"","last_name":"Smithson"}}'
    headers:
      Content-Type:
      - application/json
      Secure-Token:
      - w2hnVebtY7yZytUfv37V
      Accept-Encoding:
      - gzip;q=1.0,deflate;q=0.6,identity;q=0.3
      Accept:
      - '*/*'
      User-Agent:
      - Ruby
  response:
    status:
      code: 200
      message: OK
    headers:
      Content-Type:
      - application/json
      Content-Length:
      - '1735'
      Connection:
      - keep-alive
      Server:
      - thin 1.6.1 codename Death Proof
    body:
      encoding: UTF-8
      string: '{"id":"52a99381526f626aa8360a00","uri":"http://localhost/api/lpas.json/52a99381526f626aa8360a00.json","type":"Property
        and financial affairs","when_to_use":"as soon as it''s registered (with my
        consent)","applicant":{"id":"52a99381526f626aa8340a00","uri":"http://localhost/api/applicants.json/52a99381526f626aa8340a00.json","date_of_birth":"1970-01-31","title":"Mr","first_name":"Johnny","middle_names":"","last_name":"Smithson","address":{"address_line1":"102
        Petty France","address_line2":"","address_line3":"","town":"Westminster","county":"London","post_code":"SW1H
        9AJ","country":"Great Britain"}},"donor":{"date_of_birth":"1970-01-31","title":"Mr","first_name":"Johnny","middle_names":"","last_name":"Smithson","address":{"address_line1":"102
        Petty France","address_line2":"","address_line3":"","town":"Westminster","county":"London","post_code":"SW1H
        9AJ","country":"Great Britain"},"phone":"123 456","email":"johnny@example.com"},"attorneys":[{"id":"52a99382526f626aa8390a00","date_of_birth":"1970-01-31","title":"Mr","first_name":"Attorney
        Juan","middle_names":"","last_name":"Smithson","address":{"address_line1":"102
        Petty France","address_line2":"","address_line3":"","town":"Westminster","county":"London","post_code":"SW1H
        9AJ","country":"Great Britain"},"phone":"123 456","email":"johnny@example.com"},{"id":"52a99383526f626aa83d0a00","date_of_birth":"1970-01-31","title":"Mr","first_name":"Attorney
        Tulisa","middle_names":"","last_name":"Smithson","address":{"address_line1":"102
        Petty France","address_line2":"","address_line3":"","town":"Westminster","county":"London","post_code":"SW1H
        9AJ","country":"Great Britain"},"phone":"123 456","email":"johnny@example.com"}],"replacement_attorneys":[],"people_to_be_told":[]}'
    http_version: 
  recorded_at: Thu, 12 Dec 2013 10:44:19 GMT
- request:
    method: get
    uri: http://localhost:9292/api/applicants/current.json
    body:
      encoding: US-ASCII
      string: ''
    headers:
      Accept:
      - application/json
      Secure-Token:
      - w2hnVebtY7yZytUfv37V
      Accept-Encoding:
      - gzip;q=1.0,deflate;q=0.6,identity;q=0.3
      User-Agent:
      - Ruby
  response:
    status:
      code: 200
      message: OK
    headers:
      Content-Type:
      - application/json
      Content-Length:
      - '652'
      Connection:
      - keep-alive
      Server:
      - thin 1.6.1 codename Death Proof
    body:
      encoding: UTF-8
      string: '{"id":"52a99381526f626aa8340a00","uri":"http://localhost/api/applicants.json/52a99381526f626aa8340a00.json","date_of_birth":"1970-01-31","title":"Mr","first_name":"Johnny","middle_names":"","last_name":"Smithson","address":{"address_line1":"102
        Petty France","address_line2":"","address_line3":"","town":"Westminster","county":"London","post_code":"SW1H
        9AJ","country":"Great Britain"},"lpas":[{"id":"52a99381526f626aa8360a00","uri":"http://localhost/api/lpas.json/52a99381526f626aa8360a00.json","donor":{"first_name":"Johnny","middle_names":"","last_name":"Smithson"},"type":"Property
        and financial affairs","updated_at":"2013-12-12T10:44:19+00:00"}]}'
    http_version: 
  recorded_at: Thu, 12 Dec 2013 10:44:19 GMT
- request:
    method: get
    uri: http://localhost:9292/api/lpas/52a99381526f626aa8360a00.json
    body:
      encoding: US-ASCII
      string: ''
    headers:
      Accept:
      - application/json
      Secure-Token:
      - w2hnVebtY7yZytUfv37V
      Accept-Encoding:
      - gzip;q=1.0,deflate;q=0.6,identity;q=0.3
      User-Agent:
      - Ruby
  response:
    status:
      code: 200
      message: OK
    headers:
      Content-Type:
      - application/json
      Content-Length:
      - '1735'
      Connection:
      - keep-alive
      Server:
      - thin 1.6.1 codename Death Proof
    body:
      encoding: UTF-8
      string: '{"id":"52a99381526f626aa8360a00","uri":"http://localhost/api/lpas.json/52a99381526f626aa8360a00.json","type":"Property
        and financial affairs","when_to_use":"as soon as it''s registered (with my
        consent)","applicant":{"id":"52a99381526f626aa8340a00","uri":"http://localhost/api/applicants.json/52a99381526f626aa8340a00.json","date_of_birth":"1970-01-31","title":"Mr","first_name":"Johnny","middle_names":"","last_name":"Smithson","address":{"address_line1":"102
        Petty France","address_line2":"","address_line3":"","town":"Westminster","county":"London","post_code":"SW1H
        9AJ","country":"Great Britain"}},"donor":{"date_of_birth":"1970-01-31","title":"Mr","first_name":"Johnny","middle_names":"","last_name":"Smithson","address":{"address_line1":"102
        Petty France","address_line2":"","address_line3":"","town":"Westminster","county":"London","post_code":"SW1H
        9AJ","country":"Great Britain"},"phone":"123 456","email":"johnny@example.com"},"attorneys":[{"id":"52a99382526f626aa8390a00","date_of_birth":"1970-01-31","title":"Mr","first_name":"Attorney
        Juan","middle_names":"","last_name":"Smithson","address":{"address_line1":"102
        Petty France","address_line2":"","address_line3":"","town":"Westminster","county":"London","post_code":"SW1H
        9AJ","country":"Great Britain"},"phone":"123 456","email":"johnny@example.com"},{"id":"52a99383526f626aa83d0a00","date_of_birth":"1970-01-31","title":"Mr","first_name":"Attorney
        Tulisa","middle_names":"","last_name":"Smithson","address":{"address_line1":"102
        Petty France","address_line2":"","address_line3":"","town":"Westminster","county":"London","post_code":"SW1H
        9AJ","country":"Great Britain"},"phone":"123 456","email":"johnny@example.com"}],"replacement_attorneys":[],"people_to_be_told":[]}'
    http_version: 
  recorded_at: Thu, 12 Dec 2013 10:44:19 GMT
recorded_with: VCR 2.7.0
