---
http_interactions:
- request:
    method: post
    uri: http://localhost:9292/auth/users
    body:
      encoding: UTF-8
      string: user[email]=joe.bloggs1386845151.8410199644%40example.com&user[password]=s3kr!tpass
    headers: {}
  response:
    status:
      code: 201
      message: Created
    headers:
      X-Frame-Options:
      - SAMEORIGIN
      X-Xss-Protection:
      - 1; mode=block
      X-Content-Type-Options:
      - nosniff
      X-Ua-Compatible:
      - chrome=1
      Location:
      - http://localhost:9393/
      Content-Type:
      - application/json; charset=utf-8
      Etag:
      - '"e126f88eb7a6500d9eac5e085e38f38a"'
      Cache-Control:
      - max-age=0, private, must-revalidate
      X-Request-Id:
      - 10a6dd10-3e69-4809-a71c-85d51ba3a4c4
      X-Runtime:
      - '0.068476'
      Server:
      - WEBrick/1.3.1 (Ruby/2.0.0/2013-06-27)
      Date:
      - Thu, 12 Dec 2013 10:45:51 GMT
      Connection:
      - close
      Content-Length:
      - '101'
    body:
      encoding: UTF-8
      string: '{"email":"joe.bloggs1386845151.8410199644@example.com","authentication_token":"davTr-DnTo2Nzq3XTvWV"}'
    http_version: 
  recorded_at: Thu, 12 Dec 2013 10:45:51 GMT
- request:
    method: post
    uri: http://localhost:9292/auth/sessions
    body:
      encoding: UTF-8
      string: user[email]=joe.bloggs1386845151.8410199644%40example.com&user[password]=s3kr!tpass
    headers: {}
  response:
    status:
      code: 201
      message: Created
    headers:
      X-Frame-Options:
      - SAMEORIGIN
      X-Xss-Protection:
      - 1; mode=block
      X-Content-Type-Options:
      - nosniff
      X-Ua-Compatible:
      - chrome=1
      Location:
      - http://localhost:9393/
      Content-Type:
      - application/json; charset=utf-8
      Etag:
      - '"e126f88eb7a6500d9eac5e085e38f38a"'
      Cache-Control:
      - max-age=0, private, must-revalidate
      X-Request-Id:
      - 4158e374-f724-4bfa-863c-396622cdb572
      X-Runtime:
      - '0.069440'
      Server:
      - WEBrick/1.3.1 (Ruby/2.0.0/2013-06-27)
      Date:
      - Thu, 12 Dec 2013 10:45:52 GMT
      Connection:
      - close
      Content-Length:
      - '101'
    body:
      encoding: UTF-8
      string: '{"email":"joe.bloggs1386845151.8410199644@example.com","authentication_token":"davTr-DnTo2Nzq3XTvWV"}'
    http_version: 
  recorded_at: Thu, 12 Dec 2013 10:45:52 GMT
- request:
    method: get
    uri: http://localhost:9292/api/applicants/current.json
    body:
      encoding: US-ASCII
      string: ''
    headers:
      Accept:
      - application/json
      Secure-Token:
      - davTr-DnTo2Nzq3XTvWV
      Accept-Encoding:
      - gzip;q=1.0,deflate;q=0.6,identity;q=0.3
      User-Agent:
      - Ruby
  response:
    status:
      code: 403
      message: Forbidden
    headers:
      Content-Type:
      - application/json
      Content-Length:
      - '21'
      Connection:
      - keep-alive
      Server:
      - thin 1.6.1 codename Death Proof
    body:
      encoding: UTF-8
      string: '{"error":"Forbidden"}'
    http_version: 
  recorded_at: Thu, 12 Dec 2013 10:45:52 GMT
- request:
    method: get
    uri: http://localhost:9292/api/applicants/current.json
    body:
      encoding: US-ASCII
      string: ''
    headers:
      Accept:
      - application/json
      Secure-Token:
      - davTr-DnTo2Nzq3XTvWV
      Accept-Encoding:
      - gzip;q=1.0,deflate;q=0.6,identity;q=0.3
      User-Agent:
      - Ruby
  response:
    status:
      code: 403
      message: Forbidden
    headers:
      Content-Type:
      - application/json
      Content-Length:
      - '21'
      Connection:
      - keep-alive
      Server:
      - thin 1.6.1 codename Death Proof
    body:
      encoding: UTF-8
      string: '{"error":"Forbidden"}'
    http_version: 
  recorded_at: Thu, 12 Dec 2013 10:45:52 GMT
- request:
    method: get
    uri: http://localhost:9292/api/applicants/current.json
    body:
      encoding: US-ASCII
      string: ''
    headers:
      Accept:
      - application/json
      Secure-Token:
      - davTr-DnTo2Nzq3XTvWV
      Accept-Encoding:
      - gzip;q=1.0,deflate;q=0.6,identity;q=0.3
      User-Agent:
      - Ruby
  response:
    status:
      code: 403
      message: Forbidden
    headers:
      Content-Type:
      - application/json
      Content-Length:
      - '21'
      Connection:
      - keep-alive
      Server:
      - thin 1.6.1 codename Death Proof
    body:
      encoding: UTF-8
      string: '{"error":"Forbidden"}'
    http_version: 
  recorded_at: Thu, 12 Dec 2013 10:45:52 GMT
- request:
    method: post
    uri: http://localhost:9292/api/applicants.json
    body:
      encoding: UTF-8
      string: '{"address":{"address_line1":"102 Petty France","address_line2":"","address_line3":"","town":"Westminster","county":"London","post_code":"SW1H
        9AJ","country":"Great Britain"},"lpas":[],"title":"Mr","first_name":"Johnny","middle_names":"","last_name":"Smithson","date_of_birth":"1970-01-31T00:00:00+01:00"}'
    headers:
      Content-Type:
      - application/json
      Secure-Token:
      - davTr-DnTo2Nzq3XTvWV
      Accept-Encoding:
      - gzip;q=1.0,deflate;q=0.6,identity;q=0.3
      Accept:
      - '*/*'
      User-Agent:
      - Ruby
  response:
    status:
      code: 201
      message: Created
    headers:
      Content-Type:
      - application/json
      Content-Length:
      - '386'
      Connection:
      - keep-alive
      Server:
      - thin 1.6.1 codename Death Proof
    body:
      encoding: UTF-8
      string: '{"id":"52a993e0526f626aa8490a00","uri":"http://localhost/api/applicants.json/52a993e0526f626aa8490a00.json","date_of_birth":"1970-01-31","title":"Mr","first_name":"Johnny","middle_names":"","last_name":"Smithson","address":{"address_line1":"102
        Petty France","address_line2":"","address_line3":"","town":"Westminster","county":"London","post_code":"SW1H
        9AJ","country":"Great Britain"}}'
    http_version: 
  recorded_at: Thu, 12 Dec 2013 10:45:52 GMT
- request:
    method: get
    uri: http://localhost:9292/api/applicants/current.json
    body:
      encoding: US-ASCII
      string: ''
    headers:
      Accept:
      - application/json
      Secure-Token:
      - davTr-DnTo2Nzq3XTvWV
      Accept-Encoding:
      - gzip;q=1.0,deflate;q=0.6,identity;q=0.3
      User-Agent:
      - Ruby
  response:
    status:
      code: 200
      message: OK
    headers:
      Content-Type:
      - application/json
      Content-Length:
      - '396'
      Connection:
      - keep-alive
      Server:
      - thin 1.6.1 codename Death Proof
    body:
      encoding: UTF-8
      string: '{"id":"52a993e0526f626aa8490a00","uri":"http://localhost/api/applicants.json/52a993e0526f626aa8490a00.json","date_of_birth":"1970-01-31","title":"Mr","first_name":"Johnny","middle_names":"","last_name":"Smithson","address":{"address_line1":"102
        Petty France","address_line2":"","address_line3":"","town":"Westminster","county":"London","post_code":"SW1H
        9AJ","country":"Great Britain"},"lpas":[]}'
    http_version: 
  recorded_at: Thu, 12 Dec 2013 10:45:52 GMT
- request:
    method: get
    uri: http://localhost:9292/api/applicants/current.json
    body:
      encoding: US-ASCII
      string: ''
    headers:
      Accept:
      - application/json
      Secure-Token:
      - davTr-DnTo2Nzq3XTvWV
      Accept-Encoding:
      - gzip;q=1.0,deflate;q=0.6,identity;q=0.3
      User-Agent:
      - Ruby
  response:
    status:
      code: 200
      message: OK
    headers:
      Content-Type:
      - application/json
      Content-Length:
      - '396'
      Connection:
      - keep-alive
      Server:
      - thin 1.6.1 codename Death Proof
    body:
      encoding: UTF-8
      string: '{"id":"52a993e0526f626aa8490a00","uri":"http://localhost/api/applicants.json/52a993e0526f626aa8490a00.json","date_of_birth":"1970-01-31","title":"Mr","first_name":"Johnny","middle_names":"","last_name":"Smithson","address":{"address_line1":"102
        Petty France","address_line2":"","address_line3":"","town":"Westminster","county":"London","post_code":"SW1H
        9AJ","country":"Great Britain"},"lpas":[]}'
    http_version: 
  recorded_at: Thu, 12 Dec 2013 10:45:52 GMT
- request:
    method: post
    uri: http://localhost:9292/api/lpas.json
    body:
      encoding: UTF-8
      string: '{"donor":null,"certificate_provider":null,"certificate_provider2":null,"people_to_be_told":[],"attorneys":[],"replacement_attorneys":[],"applicant_id":"52a993e0526f626aa8490a00"}'
    headers:
      Content-Type:
      - application/json
      Secure-Token:
      - davTr-DnTo2Nzq3XTvWV
      Accept-Encoding:
      - gzip;q=1.0,deflate;q=0.6,identity;q=0.3
      Accept:
      - '*/*'
      User-Agent:
      - Ruby
  response:
    status:
      code: 201
      message: Created
    headers:
      Content-Type:
      - application/json
      Content-Length:
      - '566'
      Connection:
      - keep-alive
      Server:
      - thin 1.6.1 codename Death Proof
    body:
      encoding: UTF-8
      string: '{"id":"52a993e0526f626aa84b0a00","uri":"http://localhost/api/lpas.json/52a993e0526f626aa84b0a00.json","applicant":{"id":"52a993e0526f626aa8490a00","uri":"http://localhost/api/applicants.json/52a993e0526f626aa8490a00.json","date_of_birth":"1970-01-31","title":"Mr","first_name":"Johnny","middle_names":"","last_name":"Smithson","address":{"address_line1":"102
        Petty France","address_line2":"","address_line3":"","town":"Westminster","county":"London","post_code":"SW1H
        9AJ","country":"Great Britain"}},"attorneys":[],"replacement_attorneys":[],"people_to_be_told":[]}'
    http_version: 
  recorded_at: Thu, 12 Dec 2013 10:45:52 GMT
- request:
    method: get
    uri: http://localhost:9292/api/applicants/current.json
    body:
      encoding: US-ASCII
      string: ''
    headers:
      Accept:
      - application/json
      Secure-Token:
      - davTr-DnTo2Nzq3XTvWV
      Accept-Encoding:
      - gzip;q=1.0,deflate;q=0.6,identity;q=0.3
      User-Agent:
      - Ruby
  response:
    status:
      code: 200
      message: OK
    headers:
      Content-Type:
      - application/json
      Content-Length:
      - '564'
      Connection:
      - keep-alive
      Server:
      - thin 1.6.1 codename Death Proof
    body:
      encoding: UTF-8
      string: '{"id":"52a993e0526f626aa8490a00","uri":"http://localhost/api/applicants.json/52a993e0526f626aa8490a00.json","date_of_birth":"1970-01-31","title":"Mr","first_name":"Johnny","middle_names":"","last_name":"Smithson","address":{"address_line1":"102
        Petty France","address_line2":"","address_line3":"","town":"Westminster","county":"London","post_code":"SW1H
        9AJ","country":"Great Britain"},"lpas":[{"id":"52a993e0526f626aa84b0a00","uri":"http://localhost/api/lpas.json/52a993e0526f626aa84b0a00.json","donor":null,"type":null,"updated_at":"2013-12-12T10:45:52+00:00"}]}'
    http_version: 
  recorded_at: Thu, 12 Dec 2013 10:45:52 GMT
- request:
    method: get
    uri: http://localhost:9292/api/applicants/current.json
    body:
      encoding: US-ASCII
      string: ''
    headers:
      Accept:
      - application/json
      Secure-Token:
      - davTr-DnTo2Nzq3XTvWV
      Accept-Encoding:
      - gzip;q=1.0,deflate;q=0.6,identity;q=0.3
      User-Agent:
      - Ruby
  response:
    status:
      code: 200
      message: OK
    headers:
      Content-Type:
      - application/json
      Content-Length:
      - '564'
      Connection:
      - keep-alive
      Server:
      - thin 1.6.1 codename Death Proof
    body:
      encoding: UTF-8
      string: '{"id":"52a993e0526f626aa8490a00","uri":"http://localhost/api/applicants.json/52a993e0526f626aa8490a00.json","date_of_birth":"1970-01-31","title":"Mr","first_name":"Johnny","middle_names":"","last_name":"Smithson","address":{"address_line1":"102
        Petty France","address_line2":"","address_line3":"","town":"Westminster","county":"London","post_code":"SW1H
        9AJ","country":"Great Britain"},"lpas":[{"id":"52a993e0526f626aa84b0a00","uri":"http://localhost/api/lpas.json/52a993e0526f626aa84b0a00.json","donor":null,"type":null,"updated_at":"2013-12-12T10:45:52+00:00"}]}'
    http_version: 
  recorded_at: Thu, 12 Dec 2013 10:45:52 GMT
- request:
    method: get
    uri: http://localhost:9292/api/lpas/52a993e0526f626aa84b0a00.json
    body:
      encoding: US-ASCII
      string: ''
    headers:
      Accept:
      - application/json
      Secure-Token:
      - davTr-DnTo2Nzq3XTvWV
      Accept-Encoding:
      - gzip;q=1.0,deflate;q=0.6,identity;q=0.3
      User-Agent:
      - Ruby
  response:
    status:
      code: 200
      message: OK
    headers:
      Content-Type:
      - application/json
      Content-Length:
      - '566'
      Connection:
      - keep-alive
      Server:
      - thin 1.6.1 codename Death Proof
    body:
      encoding: UTF-8
      string: '{"id":"52a993e0526f626aa84b0a00","uri":"http://localhost/api/lpas.json/52a993e0526f626aa84b0a00.json","applicant":{"id":"52a993e0526f626aa8490a00","uri":"http://localhost/api/applicants.json/52a993e0526f626aa8490a00.json","date_of_birth":"1970-01-31","title":"Mr","first_name":"Johnny","middle_names":"","last_name":"Smithson","address":{"address_line1":"102
        Petty France","address_line2":"","address_line3":"","town":"Westminster","county":"London","post_code":"SW1H
        9AJ","country":"Great Britain"}},"attorneys":[],"replacement_attorneys":[],"people_to_be_told":[]}'
    http_version: 
  recorded_at: Thu, 12 Dec 2013 10:45:52 GMT
- request:
    method: get
    uri: http://localhost:9292/api/applicants/current.json
    body:
      encoding: US-ASCII
      string: ''
    headers:
      Accept:
      - application/json
      Secure-Token:
      - davTr-DnTo2Nzq3XTvWV
      Accept-Encoding:
      - gzip;q=1.0,deflate;q=0.6,identity;q=0.3
      User-Agent:
      - Ruby
  response:
    status:
      code: 200
      message: OK
    headers:
      Content-Type:
      - application/json
      Content-Length:
      - '564'
      Connection:
      - keep-alive
      Server:
      - thin 1.6.1 codename Death Proof
    body:
      encoding: UTF-8
      string: '{"id":"52a993e0526f626aa8490a00","uri":"http://localhost/api/applicants.json/52a993e0526f626aa8490a00.json","date_of_birth":"1970-01-31","title":"Mr","first_name":"Johnny","middle_names":"","last_name":"Smithson","address":{"address_line1":"102
        Petty France","address_line2":"","address_line3":"","town":"Westminster","county":"London","post_code":"SW1H
        9AJ","country":"Great Britain"},"lpas":[{"id":"52a993e0526f626aa84b0a00","uri":"http://localhost/api/lpas.json/52a993e0526f626aa84b0a00.json","donor":null,"type":null,"updated_at":"2013-12-12T10:45:52+00:00"}]}'
    http_version: 
  recorded_at: Thu, 12 Dec 2013 10:45:52 GMT
- request:
    method: get
    uri: http://localhost:9292/api/lpas/52a993e0526f626aa84b0a00.json
    body:
      encoding: US-ASCII
      string: ''
    headers:
      Accept:
      - application/json
      Secure-Token:
      - davTr-DnTo2Nzq3XTvWV
      Accept-Encoding:
      - gzip;q=1.0,deflate;q=0.6,identity;q=0.3
      User-Agent:
      - Ruby
  response:
    status:
      code: 200
      message: OK
    headers:
      Content-Type:
      - application/json
      Content-Length:
      - '566'
      Connection:
      - keep-alive
      Server:
      - thin 1.6.1 codename Death Proof
    body:
      encoding: UTF-8
      string: '{"id":"52a993e0526f626aa84b0a00","uri":"http://localhost/api/lpas.json/52a993e0526f626aa84b0a00.json","applicant":{"id":"52a993e0526f626aa8490a00","uri":"http://localhost/api/applicants.json/52a993e0526f626aa8490a00.json","date_of_birth":"1970-01-31","title":"Mr","first_name":"Johnny","middle_names":"","last_name":"Smithson","address":{"address_line1":"102
        Petty France","address_line2":"","address_line3":"","town":"Westminster","county":"London","post_code":"SW1H
        9AJ","country":"Great Britain"}},"attorneys":[],"replacement_attorneys":[],"people_to_be_told":[]}'
    http_version: 
  recorded_at: Thu, 12 Dec 2013 10:45:52 GMT
- request:
    method: put
    uri: http://localhost:9292/api/lpas/52a993e0526f626aa84b0a00.json
    body:
      encoding: UTF-8
      string: '{"donor":null,"certificate_provider":null,"certificate_provider2":null,"people_to_be_told":[],"attorneys":[],"replacement_attorneys":[],"id":"52a993e0526f626aa84b0a00","uri":"http://localhost/api/lpas.json/52a993e0526f626aa84b0a00.json","applicant":{"address":{"address_line1":"102
        Petty France","address_line2":"","address_line3":"","town":"Westminster","county":"London","post_code":"SW1H
        9AJ","country":"Great Britain"},"lpas":[],"id":"52a993e0526f626aa8490a00","uri":"http://localhost/api/applicants.json/52a993e0526f626aa8490a00.json","date_of_birth":"1970-01-31","title":"Mr","first_name":"Johnny","middle_names":"","last_name":"Smithson"},"type":"Property
        and financial affairs"}'
    headers:
      Content-Type:
      - application/json
      Secure-Token:
      - davTr-DnTo2Nzq3XTvWV
      Accept-Encoding:
      - gzip;q=1.0,deflate;q=0.6,identity;q=0.3
      Accept:
      - '*/*'
      User-Agent:
      - Ruby
  response:
    status:
      code: 200
      message: OK
    headers:
      Content-Type:
      - application/json
      Content-Length:
      - '606'
      Connection:
      - keep-alive
      Server:
      - thin 1.6.1 codename Death Proof
    body:
      encoding: UTF-8
      string: '{"id":"52a993e0526f626aa84b0a00","uri":"http://localhost/api/lpas.json/52a993e0526f626aa84b0a00.json","type":"Property
        and financial affairs","applicant":{"id":"52a993e0526f626aa8490a00","uri":"http://localhost/api/applicants.json/52a993e0526f626aa8490a00.json","date_of_birth":"1970-01-31","title":"Mr","first_name":"Johnny","middle_names":"","last_name":"Smithson","address":{"address_line1":"102
        Petty France","address_line2":"","address_line3":"","town":"Westminster","county":"London","post_code":"SW1H
        9AJ","country":"Great Britain"}},"attorneys":[],"replacement_attorneys":[],"people_to_be_told":[]}'
    http_version: 
  recorded_at: Thu, 12 Dec 2013 10:45:52 GMT
- request:
    method: put
    uri: http://localhost:9292/api/lpas/52a993e0526f626aa84b0a00.json
    body:
      encoding: UTF-8
      string: '{"donor":null,"certificate_provider":null,"certificate_provider2":null,"people_to_be_told":[],"attorneys":[],"replacement_attorneys":[],"id":"52a993e0526f626aa84b0a00","uri":"http://localhost/api/lpas.json/52a993e0526f626aa84b0a00.json","applicant":{"address":{"address_line1":"102
        Petty France","address_line2":"","address_line3":"","town":"Westminster","county":"London","post_code":"SW1H
        9AJ","country":"Great Britain"},"lpas":[],"id":"52a993e0526f626aa8490a00","uri":"http://localhost/api/applicants.json/52a993e0526f626aa8490a00.json","date_of_birth":"1970-01-31","title":"Mr","first_name":"Johnny","middle_names":"","last_name":"Smithson"},"type":"Property
        and financial affairs"}'
    headers:
      Content-Type:
      - application/json
      Secure-Token:
      - davTr-DnTo2Nzq3XTvWV
      Accept-Encoding:
      - gzip;q=1.0,deflate;q=0.6,identity;q=0.3
      Accept:
      - '*/*'
      User-Agent:
      - Ruby
  response:
    status:
      code: 200
      message: OK
    headers:
      Content-Type:
      - application/json
      Content-Length:
      - '606'
      Connection:
      - keep-alive
      Server:
      - thin 1.6.1 codename Death Proof
    body:
      encoding: UTF-8
      string: '{"id":"52a993e0526f626aa84b0a00","uri":"http://localhost/api/lpas.json/52a993e0526f626aa84b0a00.json","type":"Property
        and financial affairs","applicant":{"id":"52a993e0526f626aa8490a00","uri":"http://localhost/api/applicants.json/52a993e0526f626aa8490a00.json","date_of_birth":"1970-01-31","title":"Mr","first_name":"Johnny","middle_names":"","last_name":"Smithson","address":{"address_line1":"102
        Petty France","address_line2":"","address_line3":"","town":"Westminster","county":"London","post_code":"SW1H
        9AJ","country":"Great Britain"}},"attorneys":[],"replacement_attorneys":[],"people_to_be_told":[]}'
    http_version: 
  recorded_at: Thu, 12 Dec 2013 10:45:52 GMT
- request:
    method: get
    uri: http://localhost:9292/api/applicants/current.json
    body:
      encoding: US-ASCII
      string: ''
    headers:
      Accept:
      - application/json
      Secure-Token:
      - davTr-DnTo2Nzq3XTvWV
      Accept-Encoding:
      - gzip;q=1.0,deflate;q=0.6,identity;q=0.3
      User-Agent:
      - Ruby
  response:
    status:
      code: 200
      message: OK
    headers:
      Content-Type:
      - application/json
      Content-Length:
      - '592'
      Connection:
      - keep-alive
      Server:
      - thin 1.6.1 codename Death Proof
    body:
      encoding: UTF-8
      string: '{"id":"52a993e0526f626aa8490a00","uri":"http://localhost/api/applicants.json/52a993e0526f626aa8490a00.json","date_of_birth":"1970-01-31","title":"Mr","first_name":"Johnny","middle_names":"","last_name":"Smithson","address":{"address_line1":"102
        Petty France","address_line2":"","address_line3":"","town":"Westminster","county":"London","post_code":"SW1H
        9AJ","country":"Great Britain"},"lpas":[{"id":"52a993e0526f626aa84b0a00","uri":"http://localhost/api/lpas.json/52a993e0526f626aa84b0a00.json","donor":null,"type":"Property
        and financial affairs","updated_at":"2013-12-12T10:45:52+00:00"}]}'
    http_version: 
  recorded_at: Thu, 12 Dec 2013 10:45:52 GMT
- request:
    method: get
    uri: http://localhost:9292/api/lpas/52a993e0526f626aa84b0a00.json
    body:
      encoding: US-ASCII
      string: ''
    headers:
      Accept:
      - application/json
      Secure-Token:
      - davTr-DnTo2Nzq3XTvWV
      Accept-Encoding:
      - gzip;q=1.0,deflate;q=0.6,identity;q=0.3
      User-Agent:
      - Ruby
  response:
    status:
      code: 200
      message: OK
    headers:
      Content-Type:
      - application/json
      Content-Length:
      - '606'
      Connection:
      - keep-alive
      Server:
      - thin 1.6.1 codename Death Proof
    body:
      encoding: UTF-8
      string: '{"id":"52a993e0526f626aa84b0a00","uri":"http://localhost/api/lpas.json/52a993e0526f626aa84b0a00.json","type":"Property
        and financial affairs","applicant":{"id":"52a993e0526f626aa8490a00","uri":"http://localhost/api/applicants.json/52a993e0526f626aa8490a00.json","date_of_birth":"1970-01-31","title":"Mr","first_name":"Johnny","middle_names":"","last_name":"Smithson","address":{"address_line1":"102
        Petty France","address_line2":"","address_line3":"","town":"Westminster","county":"London","post_code":"SW1H
        9AJ","country":"Great Britain"}},"attorneys":[],"replacement_attorneys":[],"people_to_be_told":[]}'
    http_version: 
  recorded_at: Thu, 12 Dec 2013 10:45:52 GMT
- request:
    method: post
    uri: http://localhost:9292/auth/users
    body:
      encoding: UTF-8
      string: user[email]=joe.bloggs1386845152.816513912%40example.com&user[password]=s3kr!tpass
    headers: {}
  response:
    status:
      code: 201
      message: Created
    headers:
      X-Frame-Options:
      - SAMEORIGIN
      X-Xss-Protection:
      - 1; mode=block
      X-Content-Type-Options:
      - nosniff
      X-Ua-Compatible:
      - chrome=1
      Location:
      - http://localhost:9393/
      Content-Type:
      - application/json; charset=utf-8
      Etag:
      - '"b17b7c5e5d6d31d7cd48bbe44d4f0fb7"'
      Cache-Control:
      - max-age=0, private, must-revalidate
      X-Request-Id:
      - 7f966570-32df-4533-8c02-7d804ebc6229
      X-Runtime:
      - '0.065306'
      Server:
      - WEBrick/1.3.1 (Ruby/2.0.0/2013-06-27)
      Date:
      - Thu, 12 Dec 2013 10:45:52 GMT
      Connection:
      - close
      Content-Length:
      - '100'
    body:
      encoding: UTF-8
      string: '{"email":"joe.bloggs1386845152.816513912@example.com","authentication_token":"zCt_WEgCvhcprLfHVK96"}'
    http_version: 
  recorded_at: Thu, 12 Dec 2013 10:45:52 GMT
- request:
    method: post
    uri: http://localhost:9292/auth/sessions
    body:
      encoding: UTF-8
      string: user[email]=joe.bloggs1386845152.816513912%40example.com&user[password]=s3kr!tpass
    headers: {}
  response:
    status:
      code: 201
      message: Created
    headers:
      X-Frame-Options:
      - SAMEORIGIN
      X-Xss-Protection:
      - 1; mode=block
      X-Content-Type-Options:
      - nosniff
      X-Ua-Compatible:
      - chrome=1
      Location:
      - http://localhost:9393/
      Content-Type:
      - application/json; charset=utf-8
      Etag:
      - '"b17b7c5e5d6d31d7cd48bbe44d4f0fb7"'
      Cache-Control:
      - max-age=0, private, must-revalidate
      X-Request-Id:
      - ae6515bd-e5f2-4de9-b679-0e4d86cd8b23
      X-Runtime:
      - '0.102891'
      Server:
      - WEBrick/1.3.1 (Ruby/2.0.0/2013-06-27)
      Date:
      - Thu, 12 Dec 2013 10:45:53 GMT
      Connection:
      - close
      Content-Length:
      - '100'
    body:
      encoding: UTF-8
      string: '{"email":"joe.bloggs1386845152.816513912@example.com","authentication_token":"zCt_WEgCvhcprLfHVK96"}'
    http_version: 
  recorded_at: Thu, 12 Dec 2013 10:45:53 GMT
- request:
    method: get
    uri: http://localhost:9292/api/applicants/current.json
    body:
      encoding: US-ASCII
      string: ''
    headers:
      Accept:
      - application/json
      Secure-Token:
      - zCt_WEgCvhcprLfHVK96
      Accept-Encoding:
      - gzip;q=1.0,deflate;q=0.6,identity;q=0.3
      User-Agent:
      - Ruby
  response:
    status:
      code: 403
      message: Forbidden
    headers:
      Content-Type:
      - application/json
      Content-Length:
      - '21'
      Connection:
      - keep-alive
      Server:
      - thin 1.6.1 codename Death Proof
    body:
      encoding: UTF-8
      string: '{"error":"Forbidden"}'
    http_version: 
  recorded_at: Thu, 12 Dec 2013 10:45:53 GMT
- request:
    method: get
    uri: http://localhost:9292/api/applicants/current.json
    body:
      encoding: US-ASCII
      string: ''
    headers:
      Accept:
      - application/json
      Secure-Token:
      - zCt_WEgCvhcprLfHVK96
      Accept-Encoding:
      - gzip;q=1.0,deflate;q=0.6,identity;q=0.3
      User-Agent:
      - Ruby
  response:
    status:
      code: 403
      message: Forbidden
    headers:
      Content-Type:
      - application/json
      Content-Length:
      - '21'
      Connection:
      - keep-alive
      Server:
      - thin 1.6.1 codename Death Proof
    body:
      encoding: UTF-8
      string: '{"error":"Forbidden"}'
    http_version: 
  recorded_at: Thu, 12 Dec 2013 10:45:53 GMT
- request:
    method: post
    uri: http://localhost:9292/api/applicants.json
    body:
      encoding: UTF-8
      string: '{"address":{"address_line1":"102 Petty France","address_line2":"","address_line3":"","town":"Westminster","county":"London","post_code":"SW1H
        9AJ","country":"Great Britain"},"lpas":[],"title":"Mr","first_name":"Johnny","middle_names":"","last_name":"Smithson","date_of_birth":"1970-01-31T00:00:00+01:00"}'
    headers:
      Content-Type:
      - application/json
      Secure-Token:
      - zCt_WEgCvhcprLfHVK96
      Accept-Encoding:
      - gzip;q=1.0,deflate;q=0.6,identity;q=0.3
      Accept:
      - '*/*'
      User-Agent:
      - Ruby
  response:
    status:
      code: 201
      message: Created
    headers:
      Content-Type:
      - application/json
      Content-Length:
      - '386'
      Connection:
      - keep-alive
      Server:
      - thin 1.6.1 codename Death Proof
    body:
      encoding: UTF-8
      string: '{"id":"52a993e1526f626aa84c0a00","uri":"http://localhost/api/applicants.json/52a993e1526f626aa84c0a00.json","date_of_birth":"1970-01-31","title":"Mr","first_name":"Johnny","middle_names":"","last_name":"Smithson","address":{"address_line1":"102
        Petty France","address_line2":"","address_line3":"","town":"Westminster","county":"London","post_code":"SW1H
        9AJ","country":"Great Britain"}}'
    http_version: 
  recorded_at: Thu, 12 Dec 2013 10:45:53 GMT
- request:
    method: get
    uri: http://localhost:9292/api/applicants/current.json
    body:
      encoding: US-ASCII
      string: ''
    headers:
      Accept:
      - application/json
      Secure-Token:
      - zCt_WEgCvhcprLfHVK96
      Accept-Encoding:
      - gzip;q=1.0,deflate;q=0.6,identity;q=0.3
      User-Agent:
      - Ruby
  response:
    status:
      code: 200
      message: OK
    headers:
      Content-Type:
      - application/json
      Content-Length:
      - '396'
      Connection:
      - keep-alive
      Server:
      - thin 1.6.1 codename Death Proof
    body:
      encoding: UTF-8
      string: '{"id":"52a993e1526f626aa84c0a00","uri":"http://localhost/api/applicants.json/52a993e1526f626aa84c0a00.json","date_of_birth":"1970-01-31","title":"Mr","first_name":"Johnny","middle_names":"","last_name":"Smithson","address":{"address_line1":"102
        Petty France","address_line2":"","address_line3":"","town":"Westminster","county":"London","post_code":"SW1H
        9AJ","country":"Great Britain"},"lpas":[]}'
    http_version: 
  recorded_at: Thu, 12 Dec 2013 10:45:53 GMT
- request:
    method: get
    uri: http://localhost:9292/api/applicants/current.json
    body:
      encoding: US-ASCII
      string: ''
    headers:
      Accept:
      - application/json
      Secure-Token:
      - zCt_WEgCvhcprLfHVK96
      Accept-Encoding:
      - gzip;q=1.0,deflate;q=0.6,identity;q=0.3
      User-Agent:
      - Ruby
  response:
    status:
      code: 200
      message: OK
    headers:
      Content-Type:
      - application/json
      Content-Length:
      - '396'
      Connection:
      - keep-alive
      Server:
      - thin 1.6.1 codename Death Proof
    body:
      encoding: UTF-8
      string: '{"id":"52a993e1526f626aa84c0a00","uri":"http://localhost/api/applicants.json/52a993e1526f626aa84c0a00.json","date_of_birth":"1970-01-31","title":"Mr","first_name":"Johnny","middle_names":"","last_name":"Smithson","address":{"address_line1":"102
        Petty France","address_line2":"","address_line3":"","town":"Westminster","county":"London","post_code":"SW1H
        9AJ","country":"Great Britain"},"lpas":[]}'
    http_version: 
  recorded_at: Thu, 12 Dec 2013 10:45:53 GMT
- request:
    method: get
    uri: http://localhost:9292/api/lpas/52a993e0526f626aa84b0a00.json
    body:
      encoding: US-ASCII
      string: ''
    headers:
      Accept:
      - application/json
      Secure-Token:
      - zCt_WEgCvhcprLfHVK96
      Accept-Encoding:
      - gzip;q=1.0,deflate;q=0.6,identity;q=0.3
      User-Agent:
      - Ruby
  response:
    status:
      code: 403
      message: Forbidden
    headers:
      Content-Type:
      - application/json
      Content-Length:
      - '21'
      Connection:
      - keep-alive
      Server:
      - thin 1.6.1 codename Death Proof
    body:
      encoding: UTF-8
      string: '{"error":"Forbidden"}'
    http_version: 
  recorded_at: Thu, 12 Dec 2013 10:45:53 GMT
recorded_with: VCR 2.7.0
